11-19 11:24:34.264 D/Atlas   (21072): Validating map...
11-19 11:24:34.267 I/SurfaceFlinger(  256): FPS: 35
11-19 11:24:34.268 V/WindowManager(  772): Adding window Window{4511a8a u0 com.xiaobin.create.hearttestdemo/com.xiaobin.create.hearttestdemo.HeartMainActivity} at 2 of 7 (before Window{1559d732 u0 Starting com.xiaobin.create.hearttestdemo})
11-19 11:24:34.270 V/ActivityThread(21072): Resuming ActivityRecord{1b5c4e8e token=android.os.BinderProxy@1610e6af {com.xiaobin.create.hearttestdemo/com.xiaobin.create.hearttestdemo.HeartMainActivity}} with isForward=true
11-19 11:24:34.270 V/ActivityThread(21072): Scheduling idle handler for ActivityRecord{1b5c4e8e token=android.os.BinderProxy@1610e6af {com.xiaobin.create.hearttestdemo/com.xiaobin.create.hearttestdemo.HeartMainActivity}}
11-19 11:24:34.270 I/ActivityThread(21072): ----send activity resumed broadcast----2----
11-19 11:24:34.272 D/liaocanzhong(21072): ---StartFragment--mCurrent-63---
11-19 11:24:34.274 V/ActivityThread( 1039): Performing receive of Intent { act=com.phicomm.security.activity_resumed flg=0x10 cmp=com.phicomm.security/.privatespace.programlocker.ActivityResumeReceiver (has extras) }: app=com.phicomm.security.intercept.FxApplication@450fca7, appName=com.phicomm.security, pkg=com.phicomm.security, comp={com.phicomm.security/com.phicomm.security.privatespace.programlocker.ActivityResumeReceiver}, dir=/data/app/com.phicomm.security-2/base.apk
11-19 11:24:34.274 I/ResumerActivity( 1039): com.xiaobin.create.hearttestdemo/com.xiaobin.create.hearttestdemo.HeartMainActivity
11-19 11:24:34.439 I/Adreno-EGL(21072): <qeglDrvAPI_eglInitialize:379>: EGL 1.4 QUALCOMM build:  ()
11-19 11:24:34.439 I/Adreno-EGL(21072): OpenGL ES Shader Compiler Version: E031.25.03.04
11-19 11:24:34.439 I/Adreno-EGL(21072): Build Date: 04/28/15 Tue
11-19 11:24:34.439 I/Adreno-EGL(21072): Local Branch: 
11-19 11:24:34.439 I/Adreno-EGL(21072): Remote Branch: 
11-19 11:24:34.439 I/Adreno-EGL(21072): Local Patches: 
11-19 11:24:34.439 I/Adreno-EGL(21072): Reconstruct Branch: 
11-19 11:24:34.440 I/OpenGLRenderer(21072): Initialized EGL, version 1.4
11-19 11:24:34.458 D/OpenGLRenderer(21072): Enabling debug mode 0
11-19 11:24:34.558 I/ActivityManager(  772): Displayed com.xiaobin.create.hearttestdemo/.HeartMainActivity: +619ms
11-19 11:24:34.558 I/Timeline(  772): Timeline: Activity_windows_visible id: ActivityRecord{2654b885 u0 com.xiaobin.create.hearttestdemo/.HeartMainActivity t2613} time:1651569356
11-19 11:24:34.585 V/ActivityThread(21072): Reporting idle of ActivityRecord{1b5c4e8e token=android.os.BinderProxy@1610e6af {com.xiaobin.create.hearttestdemo/com.xiaobin.create.hearttestdemo.HeartMainActivity}} finished=false
11-19 11:24:34.585 I/Timeline(21072): Timeline: Activity_idle id: android.os.BinderProxy@1610e6af time:1651569383
11-19 11:24:35.111 D/audio_hw_primary(  296): out_standby: enter: stream (0xb77bf240) usecase(1: low-latency-playback)
11-19 11:24:35.196 D/soundtrigger(  296): audio_extn_sound_trigger_update_stream_status: uc_id 1 of type 0 for Event 2, with Raise=0
11-19 11:24:35.196 D/hardware_info(  296): hw_info_append_hw_type : device_name = speaker
11-19 11:24:35.198 I/soundtrigger(  296): audio_extn_sound_trigger_update_device_status: device 0x2 of type 0 for Event 0, with Raise=0
11-19 11:24:35.423 I/SurfaceFlinger(  256): FPS: 31
11-19 11:24:36.487 I/SurfaceFlinger(  256): FPS: 29
11-19 11:24:37.447 D/TaskPersister(  772): removeObsoleteFile: deleting file=2612_task.xml
11-19 11:24:37.448 D/TaskPersister(  772): removeObsoleteFile: deleting file=2612_task_thumbnail.png
11-19 11:24:37.506 I/SurfaceFlinger(  256): FPS: 13
11-19 11:24:49.977 D/JPush   (12335): [PushService] onDisconnected
11-19 11:24:50.722 I/SurfaceFlinger(  256): FPS: 17
11-19 11:25:00.060 I/SurfaceFlinger(  256): FPS: 3
11-19 11:25:00.074 V/ActivityThread(12335): Performing receive of Intent { act=com.zdworks.android.zdclock.ACTION_TIME_CHANGED cat=[com.zdworks.android.zdclock.CATEGORY] flg=0x10 cmp=com.zdworks.android.zdclock/.provider.NextAlarmWidget }: app=com.zdworks.android.zdclock.ZDClockApplication@1610e6af, appName=com.zdworks.android.zdclock, pkg=com.zdworks.android.zdclock, comp={com.zdworks.android.zdclock/com.zdworks.android.zdclock.provider.NextAlarmWidget}, dir=/data/app/com.zdworks.android.zdclock-1/base.apk
11-19 11:25:00.077 V/ActivityThread(12335): Performing receive of Intent { act=com.zdworks.android.zdclock.ACTION_TIME_CHANGED cat=[com.zdworks.android.zdclock.CATEGORY] flg=0x10 cmp=com.zdworks.android.zdclock/.provider.TodayListWidget }: app=com.zdworks.android.zdclock.ZDClockApplication@1610e6af, appName=com.zdworks.android.zdclock, pkg=com.zdworks.android.zdclock, comp={com.zdworks.android.zdclock/com.zdworks.android.zdclock.provider.TodayListWidget}, dir=/data/app/com.zdworks.android.zdclock-1/base.apk
11-19 11:25:10.789 I/SurfaceFlinger(  256): FPS: 2
11-19 11:25:18.708 D/VM_BMS  (  436): wake_lock acquired
11-19 11:25:18.709 D/VM_BMS  (  436): New BMS data - Size=56
11-19 11:25:18.709 D/VM_BMS  (  436): Start process_bms_data
11-19 11:25:18.710 D/VM_BMS  (  436): For batt_temp=273 fcc_mah=2394
11-19 11:25:18.710 D/VM_BMS  (  436): For ocv=3947221 batt_temp=273 soc=64
11-19 11:25:18.710 D/VM_BMS  (  436): fifo_count=5 acc_count=0
11-19 11:25:18.710 D/VM_BMS  (  436): INIT: ocv=3947221 last_ocv=3947221 batt_temp=273 soc=64
11-19 11:25:18.711 D/VM_BMS  (  436): For soc=64 batt_temp=273 slope=7200
11-19 11:25:18.711 D/VM_BMS  (  436): For soc=64 batt_temp=273 rbatt_sf=113
11-19 11:25:18.711 D/VM_BMS  (  436): rbatt_mohm_default=152, rbatt_mohm=171, sf=113 batt_temp=273
11-19 11:25:18.711 D/VM_BMS  (  436): For ocv=3947026 batt_temp=273 soc=64
11-19 11:25:18.711 D/VM_BMS  (  436): FIFO=0 fifo_avg=3.902563 rbatt=0.171000 slope=0.720000 ibatt=0.260587 ocv=3.947026 soc=64 fcc_ah=2.394000 sample_count=128 sample_interval=70 seq_num=36457
11-19 11:25:18.711 D/VM_BMS  (  436): For soc=64 batt_temp=273 slope=7200
11-19 11:25:18.711 D/VM_BMS  (  436): For soc=64 batt_temp=273 rbatt_sf=113
11-19 11:25:18.711 D/VM_BMS  (  436): rbatt_mohm_default=152, rbatt_mohm=171, sf=113 batt_temp=273
11-19 11:25:18.711 D/VM_BMS  (  436): For ocv=3946910 batt_temp=273 soc=64
11-19 11:25:18.711 D/VM_BMS  (  436): FIFO=1 fifo_avg=3.920518 rbatt=0.171000 slope=0.720000 ibatt=0.154680 ocv=3.946910 soc=64 fcc_ah=2.394000 sample_count=128 sample_interval=70 seq_num=36457
11-19 11:25:18.711 D/VM_BMS  (  436): For soc=64 batt_temp=273 slope=7200
11-19 11:25:18.711 D/VM_BMS  (  436): For soc=64 batt_temp=273 rbatt_sf=113
11-19 11:25:18.711 D/VM_BMS  (  436): rbatt_mohm_default=152, rbatt_mohm=171, sf=113 batt_temp=273
11-19 11:25:18.711 D/VM_BMS  (  436): For ocv=3946792 batt_temp=273 soc=64
11-19 11:25:18.711 D/VM_BMS  (  436): FIFO=2 fifo_avg=3.919929 rbatt=0.171000 slope=0.720000 ibatt=0.157438 ocv=3.946792 soc=64 fcc_ah=2.394000 sample_count=128 sample_interval=70 seq_num=36457
11-19 11:25:18.711 D/VM_BMS  (  436): For soc=64 batt_temp=273 slope=7200
11-19 11:25:18.711 D/VM_BMS  (  436): For soc=64 batt_temp=273 rbatt_sf=113
11-19 11:25:18.711 D/VM_BMS  (  436): rbatt_mohm_default=152, rbatt_mohm=171, sf=113 batt_temp=273
11-19 11:25:18.711 D/VM_BMS  (  436): For ocv=3946673 batt_temp=273 soc=64
11-19 11:25:18.711 D/VM_BMS  (  436): FIFO=3 fifo_avg=3.919632 rbatt=0.171000 slope=0.720000 ibatt=0.158483 ocv=3.946673 soc=64 fcc_ah=2.394000 sample_count=128 sample_interval=70 seq_num=36457
11-19 11:25:18.711 D/VM_BMS  (  436): For soc=64 batt_temp=273 slope=7200
11-19 11:25:18.711 D/VM_BMS  (  436): For soc=64 batt_temp=273 rbatt_sf=113
11-19 11:25:18.711 D/VM_BMS  (  436): rbatt_mohm_default=152, rbatt_mohm=171, sf=113 batt_temp=273
11-19 11:25:18.711 D/VM_BMS  (  436): For ocv=3946552 batt_temp=273 soc=64
11-19 11:25:18.711 D/VM_BMS  (  436): FIFO=4 fifo_avg=3.919047 rbatt=0.171000 slope=0.720000 ibatt=0.161202 ocv=3.946552 soc=64 fcc_ah=2.394000 sample_count=128 sample_interval=70 seq_num=36457
11-19 11:25:18.713 I/VM_BMS  (  436): power_supply_update: ocv_uv=3946552 ibatt=161201 soc=64 seq_num=36457
11-19 11:25:18.713 D/VM_BMS  (  436): End process_bms_data
11-19 11:25:18.713 D/VM_BMS  (  436): wake_lock released
11-19 11:25:18.790 I/SurfaceFlinger(  256): FPS: 2
11-19 11:25:38.840 I/SurfaceFlinger(  256): FPS: 2
11-19 11:25:58.860 I/SurfaceFlinger(  256): FPS: 2
11-19 11:26:00.064 V/ActivityThread(12335): Performing receive of Intent { act=com.zdworks.android.zdclock.ACTION_TIME_CHANGED cat=[com.zdworks.android.zdclock.CATEGORY] flg=0x10 cmp=com.zdworks.android.zdclock/.provider.NextAlarmWidget }: app=com.zdworks.android.zdclock.ZDClockApplication@1610e6af, appName=com.zdworks.android.zdclock, pkg=com.zdworks.android.zdclock, comp={com.zdworks.android.zdclock/com.zdworks.android.zdclock.provider.NextAlarmWidget}, dir=/data/app/com.zdworks.android.zdclock-1/base.apk
11-19 11:26:00.067 I/SurfaceFlinger(  256): FPS: 3
11-19 11:26:00.070 V/ActivityThread(12335): Performing receive of Intent { act=com.zdworks.android.zdclock.ACTION_TIME_CHANGED cat=[com.zdworks.android.zdclock.CATEGORY] flg=0x10 cmp=com.zdworks.android.zdclock/.provider.TodayListWidget }: app=com.zdworks.android.zdclock.ZDClockApplication@1610e6af, appName=com.zdworks.android.zdclock, pkg=com.zdworks.android.zdclock, comp={com.zdworks.android.zdclock/com.zdworks.android.zdclock.provider.TodayListWidget}, dir=/data/app/com.zdworks.android.zdclock-1/base.apk
11-19 11:26:06.857 D/VM_BMS  (  436): wake_lock acquired
11-19 11:26:06.857 D/VM_BMS  (  436): New BMS data - Size=56
11-19 11:26:06.857 D/VM_BMS  (  436): Start process_bms_data
11-19 11:26:06.859 D/VM_BMS  (  436): For batt_temp=273 fcc_mah=2394
11-19 11:26:06.859 D/VM_BMS  (  436): For ocv=3946552 batt_temp=273 soc=64
11-19 11:26:06.859 D/VM_BMS  (  436): fifo_count=5 acc_count=0
11-19 11:26:06.859 D/VM_BMS  (  436): INIT: ocv=3946552 last_ocv=3946552 batt_temp=273 soc=64
11-19 11:26:06.859 D/VM_BMS  (  436): For soc=64 batt_temp=273 slope=7200
11-19 11:26:06.859 D/VM_BMS  (  436): For soc=64 batt_temp=273 rbatt_sf=113
11-19 11:26:06.859 D/VM_BMS  (  436): rbatt_mohm_default=152, rbatt_mohm=171, sf=113 batt_temp=273
11-19 11:26:06.859 D/VM_BMS  (  436): For ocv=3946420 batt_temp=273 soc=64
11-19 11:26:06.859 D/VM_BMS  (  436): FIFO=0 fifo_avg=3.916370 rbatt=0.171000 slope=0.720000 ibatt=0.176118 ocv=3.946420 soc=64 fcc_ah=2.394000 sample_count=128 sample_interval=70 seq_num=36458
11-19 11:26:06.859 D/VM_BMS  (  436): For soc=64 batt_temp=273 slope=7200
11-19 11:26:06.859 D/VM_BMS  (  436): For soc=64 batt_temp=273 rbatt_sf=113
11-19 11:26:06.859 D/VM_BMS  (  436): rbatt_mohm_default=152, rbatt_mohm=171, sf=113 batt_temp=273
11-19 11:26:06.859 D/VM_BMS  (  436): For ocv=3946299 batt_temp=273 soc=64
11-19 11:26:06.859 D/VM_BMS  (  436): FIFO=1 fifo_avg=3.918723 rbatt=0.171000 slope=0.720000 ibatt=0.161616 ocv=3.946299 soc=64 fcc_ah=2.394000 sample_count=128 sample_interval=70 seq_num=36458
11-19 11:26:06.859 D/VM_BMS  (  436): For soc=64 batt_temp=273 slope=7200
11-19 11:26:06.859 D/VM_BMS  (  436): For soc=64 batt_temp=273 rbatt_sf=113
11-19 11:26:06.859 D/VM_BMS  (  436): rbatt_mohm_default=152, rbatt_mohm=171, sf=113 batt_temp=273
11-19 11:26:06.860 D/VM_BMS  (  436): For ocv=3946176 batt_temp=273 soc=64
11-19 11:26:06.860 D/VM_BMS  (  436): FIFO=2 fifo_avg=3.918138 rbatt=0.171000 slope=0.720000 ibatt=0.164325 ocv=3.946176 soc=64 fcc_ah=2.394000 sample_count=128 sample_interval=70 seq_num=36458
11-19 11:26:06.860 D/VM_BMS  (  436): For soc=64 batt_temp=273 slope=7200
11-19 11:26:06.860 D/VM_BMS  (  436): For soc=64 batt_temp=273 rbatt_sf=113
11-19 11:26:06.860 D/VM_BMS  (  436): rbatt_mohm_default=152, rbatt_mohm=171, sf=113 batt_temp=273
11-19 11:26:06.860 D/VM_BMS  (  436): For ocv=3946052 batt_temp=273 soc=64
11-19 11:26:06.860 D/VM_BMS  (  436): FIFO=3 fifo_avg=3.917844 rbatt=0.171000 slope=0.720000 ibatt=0.165322 ocv=3.946052 soc=64 fcc_ah=2.394000 sample_count=128 sample_interval=70 seq_num=36458
11-19 11:26:06.860 D/VM_BMS  (  436): For soc=64 batt_temp=273 slope=7200
11-19 11:26:06.860 D/VM_BMS  (  436): For soc=64 batt_temp=273 rbatt_sf=113
11-19 11:26:06.860 D/VM_BMS  (  436): rbatt_mohm_default=152, rbatt_mohm=171, sf=113 batt_temp=273
11-19 11:26:06.860 D/VM_BMS  (  436): For ocv=3945923 batt_temp=273 soc=64
11-19 11:26:06.860 D/VM_BMS  (  436): FIFO=4 fifo_avg=3.916667 rbatt=0.171000 slope=0.720000 ibatt=0.171467 ocv=3.945924 soc=64 fcc_ah=2.394000 sample_count=128 sample_interval=70 seq_num=36458
11-19 11:26:06.861 I/VM_BMS  (  436): power_supply_update: ocv_uv=3945923 ibatt=171467 soc=64 seq_num=36458
11-19 11:26:06.861 D/VM_BMS  (  436): End process_bms_data
11-19 11:26:06.862 D/VM_BMS  (  436): wake_lock released
11-19 11:26:06.927 I/SurfaceFlinger(  256): FPS: 2
11-19 11:26:26.955 I/SurfaceFlinger(  256): FPS: 3
11-19 11:26:47.035 I/SurfaceFlinger(  256): FPS: 3
11-19 11:26:54.998 D/VM_BMS  (  436): wake_lock acquired
11-19 11:26:54.998 D/VM_BMS  (  436): New BMS data - Size=56
11-19 11:26:54.998 D/VM_BMS  (  436): Start process_bms_data
11-19 11:26:55.000 D/VM_BMS  (  436): For batt_temp=270 fcc_mah=2395
11-19 11:26:55.000 D/VM_BMS  (  436): For ocv=3945923 batt_temp=270 soc=64
11-19 11:26:55.000 D/VM_BMS  (  436): fifo_count=5 acc_count=0
11-19 11:26:55.000 D/VM_BMS  (  436): INIT: ocv=3945923 last_ocv=3945923 batt_temp=270 soc=64
11-19 11:26:55.000 D/VM_BMS  (  436): For soc=64 batt_temp=270 slope=7200
11-19 11:26:55.000 D/VM_BMS  (  436): For soc=64 batt_temp=270 rbatt_sf=113
11-19 11:26:55.000 D/VM_BMS  (  436): rbatt_mohm_default=152, rbatt_mohm=171, sf=113 batt_temp=270
11-19 11:26:55.000 D/VM_BMS  (  436): For ocv=3945793 batt_temp=270 soc=64
11-19 11:26:55.000 D/VM_BMS  (  436): FIFO=0 fifo_avg=3.916343 rbatt=0.171000 slope=0.720000 ibatt=0.172606 ocv=3.945794 soc=64 fcc_ah=2.395000 sample_count=128 sample_interval=70 seq_num=36459
11-19 11:26:55.000 D/VM_BMS  (  436): For soc=64 batt_temp=270 slope=7200
11-19 11:26:55.000 D/VM_BMS  (  436): For soc=64 batt_temp=270 rbatt_sf=113
11-19 11:26:55.000 D/VM_BMS  (  436): rbatt_mohm_default=152, rbatt_mohm=171, sf=113 batt_temp=270
11-19 11:26:55.000 D/VM_BMS  (  436): For ocv=3945664 batt_temp=270 soc=64
11-19 11:26:55.000 D/VM_BMS  (  436): FIFO=1 fifo_avg=3.916343 rbatt=0.171000 slope=0.720000 ibatt=0.171846 ocv=3.945664 soc=64 fcc_ah=2.395000 sample_count=128 sample_interval=70 seq_num=36459
11-19 11:26:55.000 D/VM_BMS  (  436): For soc=64 batt_temp=270 slope=7200
11-19 11:26:55.000 D/VM_BMS  (  436): For soc=64 batt_temp=270 rbatt_sf=113
11-19 11:26:55.000 D/VM_BMS  (  436): rbatt_mohm_default=152, rbatt_mohm=171, sf=113 batt_temp=270
11-19 11:26:55.000 D/VM_BMS  (  436): For ocv=3945536 batt_temp=270 soc=64
11-19 11:26:55.000 D/VM_BMS  (  436): FIFO=2 fifo_avg=3.916343 rbatt=0.171000 slope=0.720000 ibatt=0.171093 ocv=3.945536 soc=64 fcc_ah=2.395000 sample_count=128 sample_interval=70 seq_num=36459
11-19 11:26:55.000 D/VM_BMS  (  436): For soc=64 batt_temp=270 slope=7200
11-19 11:26:55.000 D/VM_BMS  (  436): For soc=64 batt_temp=270 rbatt_sf=113
11-19 11:26:55.001 D/VM_BMS  (  436): rbatt_mohm_default=152, rbatt_mohm=171, sf=113 batt_temp=270
11-19 11:26:55.001 D/VM_BMS  (  436): For ocv=3945408 batt_temp=270 soc=64
11-19 11:26:55.001 D/VM_BMS  (  436): FIFO=3 fifo_avg=3.916343 rbatt=0.171000 slope=0.720000 ibatt=0.170346 ocv=3.945408 soc=64 fcc_ah=2.395000 sample_count=128 sample_interval=70 seq_num=36459
11-19 11:26:55.001 D/VM_BMS  (  436): For soc=64 batt_temp=270 slope=7200
11-19 11:26:55.001 D/VM_BMS  (  436): For soc=64 batt_temp=270 rbatt_sf=113
11-19 11:26:55.001 D/VM_BMS  (  436): rbatt_mohm_default=152, rbatt_mohm=171, sf=113 batt_temp=270
11-19 11:26:55.001 D/VM_BMS  (  436): For ocv=3945277 batt_temp=270 soc=64
11-19 11:26:55.001 D/VM_BMS  (  436): FIFO=4 fifo_avg=3.915461 rbatt=0.171000 slope=0.720000 ibatt=0.174747 ocv=3.945277 soc=64 fcc_ah=2.395000 sample_count=128 sample_interval=70 seq_num=36459
11-19 11:26:55.003 I/VM_BMS  (  436): power_supply_update: ocv_uv=3945277 ibatt=174746 soc=64 seq_num=36459
11-19 11:26:55.003 D/VM_BMS  (  436): End process_bms_data
11-19 11:26:55.003 D/VM_BMS  (  436): wake_lock released
11-19 11:26:55.093 I/SurfaceFlinger(  256): FPS: 3
11-19 11:27:00.046 V/ActivityThread(12335): Performing receive of Intent { act=com.zdworks.android.zdclock.ACTION_TIME_CHANGED cat=[com.zdworks.android.zdclock.CATEGORY] flg=0x10 cmp=com.zdworks.android.zdclock/.provider.NextAlarmWidget }: app=com.zdworks.android.zdclock.ZDClockApplication@1610e6af, appName=com.zdworks.android.zdclock, pkg=com.zdworks.android.zdclock, comp={com.zdworks.android.zdclock/com.zdworks.android.zdclock.provider.NextAlarmWidget}, dir=/data/app/com.zdworks.android.zdclock-1/base.apk
11-19 11:27:00.050 V/ActivityThread(12335): Performing receive of Intent { act=com.zdworks.android.zdclock.ACTION_TIME_CHANGED cat=[com.zdworks.android.zdclock.CATEGORY] flg=0x10 cmp=com.zdworks.android.zdclock/.provider.TodayListWidget }: app=com.zdworks.android.zdclock.ZDClockApplication@1610e6af, appName=com.zdworks.android.zdclock, pkg=com.zdworks.android.zdclock, comp={com.zdworks.android.zdclock/com.zdworks.android.zdclock.provider.TodayListWidget}, dir=/data/app/com.zdworks.android.zdclock-1/base.apk
11-19 11:27:00.056 I/SurfaceFlinger(  256): FPS: 2
11-19 11:27:15.099 I/SurfaceFlinger(  256): FPS: 2
11-19 11:27:34.318 V/ActivityThread(12335): Performing receive of Intent { flg=0x14 cmp=com.zdworks.android.zdclock/cn.jpush.android.service.AlarmReceiver (has extras) }: app=com.zdworks.android.zdclock.ZDClockApplication@1610e6af, appName=com.zdworks.android.zdclock, pkg=com.zdworks.android.zdclock, comp={com.zdworks.android.zdclock/cn.jpush.android.service.AlarmReceiver}, dir=/data/app/com.zdworks.android.zdclock-1/base.apk
11-19 11:27:35.183 I/SurfaceFlinger(  256): FPS: 3
11-19 11:27:43.149 D/VM_BMS  (  436): wake_lock acquired
11-19 11:27:43.149 D/VM_BMS  (  436): New BMS data - Size=56
11-19 11:27:43.149 D/VM_BMS  (  436): Start process_bms_data
11-19 11:27:43.150 D/VM_BMS  (  436): For batt_temp=269 fcc_mah=2395
11-19 11:27:43.150 D/VM_BMS  (  436): For ocv=3945277 batt_temp=269 soc=64
11-19 11:27:43.150 D/VM_BMS  (  436): fifo_count=5 acc_count=0
11-19 11:27:43.151 D/VM_BMS  (  436): INIT: ocv=3945277 last_ocv=3945277 batt_temp=269 soc=64
11-19 11:27:43.151 D/VM_BMS  (  436): For soc=64 batt_temp=269 slope=7200
11-19 11:27:43.151 D/VM_BMS  (  436): For soc=64 batt_temp=269 rbatt_sf=114
11-19 11:27:43.151 D/VM_BMS  (  436): rbatt_mohm_default=152, rbatt_mohm=173, sf=114 batt_temp=269
11-19 11:27:43.151 D/VM_BMS  (  436): For ocv=3945152 batt_temp=269 soc=64
11-19 11:27:43.151 D/VM_BMS  (  436): FIFO=0 fifo_avg=3.916421 rbatt=0.173000 slope=0.720000 ibatt=0.166438 ocv=3.945153 soc=64 fcc_ah=2.395000 sample_count=128 sample_interval=70 seq_num=36460
11-19 11:27:43.151 D/VM_BMS  (  436): For soc=64 batt_temp=269 slope=7200
11-19 11:27:43.151 D/VM_BMS  (  436): For soc=64 batt_temp=269 rbatt_sf=114
11-19 11:27:43.151 D/VM_BMS  (  436): rbatt_mohm_default=152, rbatt_mohm=173, sf=114 batt_temp=269
11-19 11:27:43.151 D/VM_BMS  (  436): For ocv=3945028 batt_temp=269 soc=64
11-19 11:27:43.151 D/VM_BMS  (  436): FIFO=1 fifo_avg=3.916421 rbatt=0.173000 slope=0.720000 ibatt=0.165717 ocv=3.945028 soc=64 fcc_ah=2.395000 sample_count=128 sample_interval=70 seq_num=36460
11-19 11:27:43.151 D/VM_BMS  (  436): For soc=64 batt_temp=269 slope=7200
11-19 11:27:43.151 D/VM_BMS  (  436): For soc=64 batt_temp=269 rbatt_sf=114
11-19 11:27:43.151 D/VM_BMS  (  436): rbatt_mohm_default=152, rbatt_mohm=173, sf=114 batt_temp=269
11-19 11:27:43.151 D/VM_BMS  (  436): For ocv=3944903 batt_temp=269 soc=64
11-19 11:27:43.151 D/VM_BMS  (  436): FIFO=2 fifo_avg=3.916127 rbatt=0.173000 slope=0.720000 ibatt=0.166698 ocv=3.944903 soc=64 fcc_ah=2.395000 sample_count=128 sample_interval=70 seq_num=36460
11-19 11:27:43.151 D/VM_BMS  (  436): For soc=64 batt_temp=269 slope=7200
11-19 11:27:43.151 D/VM_BMS  (  436): For soc=64 batt_temp=269 rbatt_sf=114
11-19 11:27:43.151 D/VM_BMS  (  436): rbatt_mohm_default=152, rbatt_mohm=173, sf=114 batt_temp=269
11-19 11:27:43.151 D/VM_BMS  (  436): For ocv=3944778 batt_temp=269 soc=64
11-19 11:27:43.151 D/VM_BMS  (  436): FIFO=3 fifo_avg=3.916127 rbatt=0.173000 slope=0.720000 ibatt=0.165976 ocv=3.944779 soc=64 fcc_ah=2.395000 sample_count=128 sample_interval=70 seq_num=36460
11-19 11:27:43.151 D/VM_BMS  (  436): For soc=64 batt_temp=269 slope=7200
11-19 11:27:43.151 D/VM_BMS  (  436): For soc=64 batt_temp=269 rbatt_sf=114
11-19 11:27:43.151 D/VM_BMS  (  436): rbatt_mohm_default=152, rbatt_mohm=173, sf=114 batt_temp=269
11-19 11:27:43.151 D/VM_BMS  (  436): For ocv=3944650 batt_temp=269 soc=64
11-19 11:27:43.151 D/VM_BMS  (  436): FIFO=4 fifo_avg=3.915245 rbatt=0.173000 slope=0.720000 ibatt=0.170342 ocv=3.944650 soc=64 fcc_ah=2.395000 sample_count=128 sample_interval=70 seq_num=36460
11-19 11:27:43.154 I/VM_BMS  (  436): power_supply_update: ocv_uv=3944650 ibatt=170342 soc=64 seq_num=36460
11-19 11:27:43.154 D/VM_BMS  (  436): End process_bms_data
11-19 11:27:43.154 D/VM_BMS  (  436): wake_lock released
11-19 11:27:43.243 I/SurfaceFlinger(  256): FPS: 3
11-19 11:27:52.373 D/JPush   (12335): [PushService] onDisconnected
11-19 11:28:00.058 V/ActivityThread(12335): Performing receive of Intent { act=com.zdworks.android.zdclock.ACTION_TIME_CHANGED cat=[com.zdworks.android.zdclock.CATEGORY] flg=0x10 cmp=com.zdworks.android.zdclock/.provider.NextAlarmWidget }: app=com.zdworks.android.zdclock.ZDClockApplication@1610e6af, appName=com.zdworks.android.zdclock, pkg=com.zdworks.android.zdclock, comp={com.zdworks.android.zdclock/com.zdworks.android.zdclock.provider.NextAlarmWidget}, dir=/data/app/com.zdworks.android.zdclock-1/base.apk
11-19 11:28:00.061 V/ActivityThread(12335): Performing receive of Intent { act=com.zdworks.android.zdclock.ACTION_TIME_CHANGED cat=[com.zdworks.android.zdclock.CATEGORY] flg=0x10 cmp=com.zdworks.android.zdclock/.provider.TodayListWidget }: app=com.zdworks.android.zdclock.ZDClockApplication@1610e6af, appName=com.zdworks.android.zdclock, pkg=com.zdworks.android.zdclock, comp={com.zdworks.android.zdclock/com.zdworks.android.zdclock.provider.TodayListWidget}, dir=/data/app/com.zdworks.android.zdclock-1/base.apk
11-19 11:28:00.066 I/SurfaceFlinger(  256): FPS: 3
11-19 11:28:03.264 I/SurfaceFlinger(  256): FPS: 2
11-19 11:28:23.342 I/SurfaceFlinger(  256): FPS: 2
11-19 11:28:31.296 D/VM_BMS  (  436): wake_lock acquired
11-19 11:28:31.296 D/VM_BMS  (  436): New BMS data - Size=56
11-19 11:28:31.296 D/VM_BMS  (  436): Start process_bms_data
11-19 11:28:31.298 D/VM_BMS  (  436): For batt_temp=268 fcc_mah=2395
11-19 11:28:31.298 D/VM_BMS  (  436): For ocv=3944650 batt_temp=268 soc=64
11-19 11:28:31.298 D/VM_BMS  (  436): fifo_count=5 acc_count=0
11-19 11:28:31.298 D/VM_BMS  (  436): INIT: ocv=3944650 last_ocv=3944650 batt_temp=268 soc=64
11-19 11:28:31.298 D/VM_BMS  (  436): For soc=64 batt_temp=268 slope=7200
11-19 11:28:31.298 D/VM_BMS  (  436): For soc=64 batt_temp=268 rbatt_sf=114
11-19 11:28:31.298 D/VM_BMS  (  436): rbatt_mohm_default=152, rbatt_mohm=173, sf=114 batt_temp=268
11-19 11:28:31.298 D/VM_BMS  (  436): For ocv=3944521 batt_temp=268 soc=64
11-19 11:28:31.298 D/VM_BMS  (  436): FIFO=0 fifo_avg=3.914948 rbatt=0.173000 slope=0.720000 ibatt=0.171317 ocv=3.944522 soc=64 fcc_ah=2.395000 sample_count=128 sample_interval=70 seq_num=36461
11-19 11:28:31.298 D/VM_BMS  (  436): For soc=64 batt_temp=268 slope=7200
11-19 11:28:31.299 D/VM_BMS  (  436): For soc=64 batt_temp=268 rbatt_sf=114
11-19 11:28:31.299 D/VM_BMS  (  436): rbatt_mohm_default=152, rbatt_mohm=173, sf=114 batt_temp=268
11-19 11:28:31.299 D/VM_BMS  (  436): For ocv=3944394 batt_temp=268 soc=64
11-19 11:28:31.299 D/VM_BMS  (  436): FIFO=1 fifo_avg=3.915245 rbatt=0.173000 slope=0.720000 ibatt=0.168860 ocv=3.944395 soc=64 fcc_ah=2.395000 sample_count=128 sample_interval=70 seq_num=36461
11-19 11:28:31.299 D/VM_BMS  (  436): For soc=64 batt_temp=268 slope=7200
11-19 11:28:31.299 D/VM_BMS  (  436): For soc=64 batt_temp=268 rbatt_sf=114
11-19 11:28:31.299 D/VM_BMS  (  436): rbatt_mohm_default=152, rbatt_mohm=173, sf=114 batt_temp=268
11-19 11:28:31.299 D/VM_BMS  (  436): For ocv=3944265 batt_temp=268 soc=64
11-19 11:28:31.299 D/VM_BMS  (  436): FIFO=2 fifo_avg=3.914657 rbatt=0.173000 slope=0.720000 ibatt=0.171519 ocv=3.944266 soc=64 fcc_ah=2.395000 sample_count=128 sample_interval=70 seq_num=36461
11-19 11:28:31.299 D/VM_BMS  (  436): For soc=64 batt_temp=268 slope=7200
11-19 11:28:31.299 D/VM_BMS  (  436): For soc=64 batt_temp=268 rbatt_sf=114
11-19 11:28:31.299 D/VM_BMS  (  436): rbatt_mohm_default=152, rbatt_mohm=173, sf=114 batt_temp=268
11-19 11:28:31.299 D/VM_BMS  (  436): For ocv=3944138 batt_temp=268 soc=64
11-19 11:28:31.299 D/VM_BMS  (  436): FIFO=3 fifo_avg=3.914948 rbatt=0.173000 slope=0.720000 ibatt=0.169096 ocv=3.944138 soc=64 fcc_ah=2.395000 sample_count=128 sample_interval=70 seq_num=36461
11-19 11:28:31.299 D/VM_BMS  (  436): For soc=64 batt_temp=268 slope=7200
11-19 11:28:31.299 D/VM_BMS  (  436): For soc=64 batt_temp=268 rbatt_sf=114
11-19 11:28:31.299 D/VM_BMS  (  436): rbatt_mohm_default=152, rbatt_mohm=173, sf=114 batt_temp=268
11-19 11:28:31.299 D/VM_BMS  (  436): For ocv=3944012 batt_temp=268 soc=64
11-19 11:28:31.299 D/VM_BMS  (  436): FIFO=4 fifo_avg=3.914948 rbatt=0.173000 slope=0.720000 ibatt=0.168365 ocv=3.944012 soc=64 fcc_ah=2.395000 sample_count=128 sample_interval=70 seq_num=36461
11-19 11:28:31.301 I/VM_BMS  (  436): power_supply_update: ocv_uv=3944012 ibatt=168364 soc=64 seq_num=36461
11-19 11:28:31.301 D/VM_BMS  (  436): End process_bms_data
11-19 11:28:31.301 D/VM_BMS  (  436): wake_lock released
11-19 11:28:31.376 I/SurfaceFlinger(  256): FPS: 3
11-19 11:28:51.437 I/SurfaceFlinger(  256): FPS: 3
11-19 11:29:00.054 I/SurfaceFlinger(  256): FPS: 3
11-19 11:29:00.072 V/ActivityThread(12335): Performing receive of Intent { act=com.zdworks.android.zdclock.ACTION_TIME_CHANGED cat=[com.zdworks.android.zdclock.CATEGORY] flg=0x10 cmp=com.zdworks.android.zdclock/.provider.NextAlarmWidget }: app=com.zdworks.android.zdclock.ZDClockApplication@1610e6af, appName=com.zdworks.android.zdclock, pkg=com.zdworks.android.zdclock, comp={com.zdworks.android.zdclock/com.zdworks.android.zdclock.provider.NextAlarmWidget}, dir=/data/app/com.zdworks.android.zdclock-1/base.apk
11-19 11:29:00.075 V/ActivityThread(12335): Performing receive of Intent { act=com.zdworks.android.zdclock.ACTION_TIME_CHANGED cat=[com.zdworks.android.zdclock.CATEGORY] flg=0x10 cmp=com.zdworks.android.zdclock/.provider.TodayListWidget }: app=com.zdworks.android.zdclock.ZDClockApplication@1610e6af, appName=com.zdworks.android.zdclock, pkg=com.zdworks.android.zdclock, comp={com.zdworks.android.zdclock/com.zdworks.android.zdclock.provider.TodayListWidget}, dir=/data/app/com.zdworks.android.zdclock-1/base.apk
11-19 11:29:11.496 I/SurfaceFlinger(  256): FPS: 2
11-19 11:29:19.436 D/VM_BMS  (  436): wake_lock acquired
11-19 11:29:19.436 D/VM_BMS  (  436): New BMS data - Size=56
11-19 11:29:19.436 D/VM_BMS  (  436): Start process_bms_data
11-19 11:29:19.438 D/VM_BMS  (  436): For batt_temp=267 fcc_mah=2395
11-19 11:29:19.438 D/VM_BMS  (  436): For ocv=3944012 batt_temp=267 soc=64
11-19 11:29:19.438 D/VM_BMS  (  436): fifo_count=5 acc_count=0
11-19 11:29:19.438 D/VM_BMS  (  436): INIT: ocv=3944012 last_ocv=3944012 batt_temp=267 soc=64
11-19 11:29:19.438 D/VM_BMS  (  436): For soc=64 batt_temp=267 slope=7200
11-19 11:29:19.438 D/VM_BMS  (  436): For soc=64 batt_temp=267 rbatt_sf=114
11-19 11:29:19.438 D/VM_BMS  (  436): rbatt_mohm_default=152, rbatt_mohm=173, sf=114 batt_temp=267
11-19 11:29:19.438 D/VM_BMS  (  436): For ocv=3943882 batt_temp=267 soc=63
11-19 11:29:19.438 D/VM_BMS  (  436): FIFO=0 fifo_avg=3.914041 rbatt=0.173000 slope=0.720000 ibatt=0.172868 ocv=3.943882 soc=63 fcc_ah=2.395000 sample_count=128 sample_interval=70 seq_num=36462
11-19 11:29:19.438 D/VM_BMS  (  436): For soc=63 batt_temp=267 slope=7200
11-19 11:29:19.438 D/VM_BMS  (  436): For soc=63 batt_temp=267 rbatt_sf=114
11-19 11:29:19.438 D/VM_BMS  (  436): rbatt_mohm_default=152, rbatt_mohm=173, sf=114 batt_temp=267
11-19 11:29:19.438 D/VM_BMS  (  436): For ocv=3943754 batt_temp=267 soc=63
11-19 11:29:19.439 D/VM_BMS  (  436): FIFO=1 fifo_avg=3.914339 rbatt=0.173000 slope=0.720000 ibatt=0.170400 ocv=3.943754 soc=63 fcc_ah=2.395000 sample_count=128 sample_interval=70 seq_num=36462
11-19 11:29:19.439 D/VM_BMS  (  436): For soc=63 batt_temp=267 slope=7200
11-19 11:29:19.439 D/VM_BMS  (  436): For soc=63 batt_temp=267 rbatt_sf=114
11-19 11:29:19.439 D/VM_BMS  (  436): rbatt_mohm_default=152, rbatt_mohm=173, sf=114 batt_temp=267
11-19 11:29:19.439 D/VM_BMS  (  436): For ocv=3943623 batt_temp=267 soc=63
11-19 11:29:19.439 D/VM_BMS  (  436): FIFO=2 fifo_avg=3.913456 rbatt=0.173000 slope=0.720000 ibatt=0.174755 ocv=3.943623 soc=63 fcc_ah=2.395000 sample_count=128 sample_interval=70 seq_num=36462
11-19 11:29:19.439 D/VM_BMS  (  436): For soc=63 batt_temp=267 slope=7200
11-19 11:29:19.439 D/VM_BMS  (  436): For soc=63 batt_temp=267 rbatt_sf=114
11-19 11:29:19.439 D/VM_BMS  (  436): rbatt_mohm_default=152, rbatt_mohm=173, sf=114 batt_temp=267
11-19 11:29:19.439 D/VM_BMS  (  436): For ocv=3943494 batt_temp=267 soc=63
11-19 11:29:19.439 D/VM_BMS  (  436): FIFO=3 fifo_avg=3.913747 rbatt=0.173000 slope=0.720000 ibatt=0.172321 ocv=3.943494 soc=63 fcc_ah=2.395000 sample_count=128 sample_interval=70 seq_num=36462
11-19 11:29:19.439 D/VM_BMS  (  436): For soc=63 batt_temp=267 slope=7200
11-19 11:29:19.439 D/VM_BMS  (  436): For soc=63 batt_temp=267 rbatt_sf=114
11-19 11:29:19.439 D/VM_BMS  (  436): rbatt_mohm_default=152, rbatt_mohm=173, sf=114 batt_temp=267
11-19 11:29:19.439 D/VM_BMS  (  436): For ocv=3943364 batt_temp=267 soc=63
11-19 11:29:19.439 D/VM_BMS  (  436): FIFO=4 fifo_avg=3.913456 rbatt=0.173000 slope=0.720000 ibatt=0.173256 ocv=3.943364 soc=63 fcc_ah=2.395000 sample_count=128 sample_interval=70 seq_num=36462
11-19 11:29:19.440 I/VM_BMS  (  436): power_supply_update: ocv_uv=3943364 ibatt=173256 soc=63 seq_num=36462
11-19 11:29:19.441 D/VM_BMS  (  436): End process_bms_data
11-19 11:29:19.441 D/VM_BMS  (  436): wake_lock released
11-19 11:29:19.516 I/SurfaceFlinger(  256): FPS: 3
11-19 11:29:58.308 I/SurfaceFlinger(  256): FPS: 2
11-19 11:30:00.052 I/SurfaceFlinger(  256): FPS: 4
11-19 11:30:00.059 V/ActivityThread(12335): Performing receive of Intent { act=com.zdworks.android.zdclock.ACTION_TIME_CHANGED cat=[com.zdworks.android.zdclock.CATEGORY] flg=0x10 cmp=com.zdworks.android.zdclock/.provider.NextAlarmWidget }: app=com.zdworks.android.zdclock.ZDClockApplication@1610e6af, appName=com.zdworks.android.zdclock, pkg=com.zdworks.android.zdclock, comp={com.zdworks.android.zdclock/com.zdworks.android.zdclock.provider.NextAlarmWidget}, dir=/data/app/com.zdworks.android.zdclock-1/base.apk
11-19 11:30:00.063 V/ActivityThread(12335): Performing receive of Intent { act=com.zdworks.android.zdclock.ACTION_TIME_CHANGED cat=[com.zdworks.android.zdclock.CATEGORY] flg=0x10 cmp=com.zdworks.android.zdclock/.provider.TodayListWidget }: app=com.zdworks.android.zdclock.ZDClockApplication@1610e6af, appName=com.zdworks.android.zdclock, pkg=com.zdworks.android.zdclock, comp={com.zdworks.android.zdclock/com.zdworks.android.zdclock.provider.TodayListWidget}, dir=/data/app/com.zdworks.android.zdclock-1/base.apk
11-19 11:30:01.006 V/ActivityThread( 7524): Performing receive of Intent { act=com.android.deskclock.ON_QUARTER_HOUR flg=0x14 cmp=com.android.deskclock/com.android.alarmclock.DigitalAppWidgetProvider (has extras) }: app=android.app.Application@1610e6af, appName=com.android.deskclock, pkg=com.android.deskclock, comp={com.android.deskclock/com.android.alarmclock.DigitalAppWidgetProvider}, dir=/system/app/DeskClock/DeskClock.apk
11-19 11:30:01.584 I/EntropyMixer(  772): Writing entropy...
11-19 11:30:01.619 I/SurfaceFlinger(  256): FPS: 2
11-19 11:30:01.632 D/LBSSystemMonitorService(  772): handleMessage what - 16
11-19 11:30:01.632 D/DeviceContext(  772): handleMessage what - 1
11-19 11:30:01.632 E/LocSvc_api_v02(  772): I/---> locClientSendReq line 2065 QMI_LOC_SET_EXTERNAL_POWER_CONFIG_REQ_V02
11-19 11:30:01.632 D/Ulp_jni (  772): JNI:system_update. Event-2
11-19 11:30:01.632 E/LocSvc_libulp(  772): I/===> int ulp_msg_process_system_update(UlpSystemEvent) line 1455 
11-19 11:30:01.633 E/LocSvc_ApiV02(  772): I/<--- void globalRespCb(locClientHandleType, uint32_t, locClientRespIndUnionType, void*) line 111 QMI_LOC_SET_EXTERNAL_POWER_CONFIG_REQ_V02
11-19 11:30:01.633 E/LocSvc_libulp(  772): W/Loc HAL handshake did not happen yet...
11-19 11:30:01.773 I/ValidateNoPeople(  772): skipping global notification
11-19 11:30:01.775 V/NotificationService(  772): pkg=android canInterrupt=false intercept=true
11-19 11:30:01.778 V/ActivityThread(32280): Performing receive of Intent { act=android.hardware.usb.action.USB_STATE flg=0x20000010 cmp=com.android.providers.media/.MtpReceiver (has extras) }: app=android.app.Application@3b06bc43, appName=com.android.providers.media, pkg=com.android.providers.media, comp={com.android.providers.media/com.android.providers.media.MtpReceiver}, dir=/system/priv-app/MediaProvider/MediaProvider.apk
11-19 11:30:01.780 I/ValidateNoPeople(  772): skipping global notification
11-19 11:30:01.781 V/NotificationService(  772): pkg=android canInterrupt=false intercept=true
11-19 11:30:01.791 V/ActivityThread(13422): Performing receive of Intent { act=android.hardware.usb.action.USB_STATE flg=0x20000010 cmp=com.android.settings/.DiagPortBroadcastReceiver (has extras) }: app=android.app.Application@a0f3ecb, appName=com.android.settings, pkg=com.android.settings, comp={com.android.settings/com.android.settings.DiagPortBroadcastReceiver}, dir=/system/priv-app/Settings/Settings.apk
11-19 11:30:01.873 V/ActivityThread(32280): Performing receive of Intent { act=android.hardware.usb.action.USB_STATE flg=0x20000010 cmp=com.android.providers.media/.MtpReceiver (has extras) }: app=android.app.Application@3b06bc43, appName=com.android.providers.media, pkg=com.android.providers.media, comp={com.android.providers.media/com.android.providers.media.MtpReceiver}, dir=/system/priv-app/MediaProvider/MediaProvider.apk
11-19 11:30:01.880 V/ActivityThread(13422): Performing receive of Intent { act=android.hardware.usb.action.USB_STATE flg=0x20000010 cmp=com.android.settings/.DiagPortBroadcastReceiver (has extras) }: app=android.app.Application@a0f3ecb, appName=com.android.settings, pkg=com.android.settings, comp={com.android.settings/com.android.settings.DiagPortBroadcastReceiver}, dir=/system/priv-app/Settings/Settings.apk
11-19 11:30:02.917 I/SurfaceFlinger(  256): FPS: 8
11-19 11:30:03.951 I/SurfaceFlinger(  256): FPS: 4
11-19 11:30:04.985 I/SurfaceFlinger(  256): FPS: 4
11-19 11:30:06.018 I/SurfaceFlinger(  256): FPS: 4
11-19 11:30:07.051 I/SurfaceFlinger(  256): FPS: 4
11-19 11:30:07.576 D/VM_BMS  (  436): wake_lock acquired
11-19 11:30:07.576 D/VM_BMS  (  436): New BMS data - Size=56
11-19 11:30:07.576 D/VM_BMS  (  436): Start process_bms_data
11-19 11:30:07.577 D/VM_BMS  (  436): For batt_temp=262 fcc_mah=2395
11-19 11:30:07.578 D/VM_BMS  (  436): For ocv=3943364 batt_temp=262 soc=63
11-19 11:30:07.578 D/VM_BMS  (  436): fifo_count=5 acc_count=0
11-19 11:30:07.578 D/VM_BMS  (  436): INIT: ocv=3943364 last_ocv=3943364 batt_temp=262 soc=63
11-19 11:30:07.578 D/VM_BMS  (  436): For soc=63 batt_temp=262 slope=7200
11-19 11:30:07.578 D/VM_BMS  (  436): For soc=63 batt_temp=262 rbatt_sf=115
11-19 11:30:07.578 D/VM_BMS  (  436): rbatt_mohm_default=152, rbatt_mohm=174, sf=115 batt_temp=262
11-19 11:30:07.578 D/VM_BMS  (  436): For ocv=3943236 batt_temp=262 soc=63
11-19 11:30:07.578 D/VM_BMS  (  436): FIFO=0 fifo_avg=3.913713 rbatt=0.174000 slope=0.720000 ibatt=0.170042 ocv=3.943237 soc=63 fcc_ah=2.395000 sample_count=128 sample_interval=70 seq_num=36463
11-19 11:30:07.578 D/VM_BMS  (  436): For soc=63 batt_temp=262 slope=7200
11-19 11:30:07.578 D/VM_BMS  (  436): For soc=63 batt_temp=262 rbatt_sf=115
11-19 11:30:07.578 D/VM_BMS  (  436): rbatt_mohm_default=152, rbatt_mohm=174, sf=115 batt_temp=262
11-19 11:30:07.578 D/VM_BMS  (  436): For ocv=3943110 batt_temp=262 soc=63
11-19 11:30:07.578 D/VM_BMS  (  436): FIFO=1 fifo_avg=3.914010 rbatt=0.174000 slope=0.720000 ibatt=0.167606 ocv=3.943111 soc=63 fcc_ah=2.395000 sample_count=128 sample_interval=70 seq_num=36463
11-19 11:30:07.578 D/VM_BMS  (  436): For soc=63 batt_temp=262 slope=7200
11-19 11:30:07.578 D/VM_BMS  (  436): For soc=63 batt_temp=262 rbatt_sf=115
11-19 11:30:07.578 D/VM_BMS  (  436): rbatt_mohm_default=152, rbatt_mohm=174, sf=115 batt_temp=262
11-19 11:30:07.578 D/VM_BMS  (  436): For ocv=3942985 batt_temp=262 soc=63
11-19 11:30:07.578 D/VM_BMS  (  436): FIFO=2 fifo_avg=3.914010 rbatt=0.174000 slope=0.720000 ibatt=0.166882 ocv=3.942985 soc=63 fcc_ah=2.395000 sample_count=128 sample_interval=70 seq_num=36463
11-19 11:30:07.578 D/VM_BMS  (  436): For soc=63 batt_temp=262 slope=7200
11-19 11:30:07.578 D/VM_BMS  (  436): For soc=63 batt_temp=262 rbatt_sf=115
11-19 11:30:07.578 D/VM_BMS  (  436): rbatt_mohm_default=152, rbatt_mohm=174, sf=115 batt_temp=262
11-19 11:30:07.579 D/VM_BMS  (  436): For ocv=3942859 batt_temp=262 soc=63
11-19 11:30:07.579 D/VM_BMS  (  436): FIFO=3 fifo_avg=3.913713 rbatt=0.174000 slope=0.720000 ibatt=0.167869 ocv=3.942859 soc=63 fcc_ah=2.395000 sample_count=128 sample_interval=70 seq_num=36463
11-19 11:30:07.579 D/VM_BMS  (  436): For soc=63 batt_temp=262 slope=7200
11-19 11:30:07.579 D/VM_BMS  (  436): For soc=63 batt_temp=262 rbatt_sf=115
11-19 11:30:07.579 D/VM_BMS  (  436): rbatt_mohm_default=152, rbatt_mohm=174, sf=115 batt_temp=262
11-19 11:30:07.579 D/VM_BMS  (  436): For ocv=3942909 batt_temp=262 soc=63
11-19 11:30:07.579 D/VM_BMS  (  436): FIFO=4 fifo_avg=3.954631 rbatt=0.174000 slope=0.720000 ibatt=-0.067511 ocv=3.942909 soc=63 fcc_ah=2.395000 sample_count=128 sample_interval=70 seq_num=36463
11-19 11:30:07.582 I/VM_BMS  (  436): power_supply_update: ocv_uv=3942909 ibatt=-67510 soc=63 seq_num=36463
11-19 11:30:07.582 D/VM_BMS  (  436): End process_bms_data
11-19 11:30:07.583 D/VM_BMS  (  436): wake_lock released
11-19 11:30:08.184 I/SurfaceFlinger(  256): FPS: 6
11-19 11:30:09.218 I/SurfaceFlinger(  256): FPS: 4
11-19 11:30:10.252 I/SurfaceFlinger(  256): FPS: 4
11-19 11:30:11.268 I/SurfaceFlinger(  256): FPS: 4
11-19 11:30:12.301 I/SurfaceFlinger(  256): FPS: 4
11-19 11:30:13.334 I/SurfaceFlinger(  256): FPS: 4
11-19 11:30:14.368 I/SurfaceFlinger(  256): FPS: 4
11-19 11:30:15.401 I/SurfaceFlinger(  256): FPS: 4
11-19 11:30:16.435 I/SurfaceFlinger(  256): FPS: 4
11-19 11:30:17.468 I/SurfaceFlinger(  256): FPS: 4
11-19 11:30:18.501 I/SurfaceFlinger(  256): FPS: 4
11-19 11:30:19.534 I/SurfaceFlinger(  256): FPS: 4
11-19 11:30:20.568 I/SurfaceFlinger(  256): FPS: 4
11-19 11:30:21.585 I/SurfaceFlinger(  256): FPS: 4
11-19 11:30:22.618 I/SurfaceFlinger(  256): FPS: 4
11-19 11:30:23.651 I/SurfaceFlinger(  256): FPS: 4
11-19 11:30:24.685 I/SurfaceFlinger(  256): FPS: 4
11-19 11:30:25.715 I/SurfaceFlinger(  256): FPS: 4
11-19 11:30:26.735 I/SurfaceFlinger(  256): FPS: 4
11-19 11:30:27.768 I/SurfaceFlinger(  256): FPS: 4
11-19 11:30:28.802 I/SurfaceFlinger(  256): FPS: 4
11-19 11:30:29.835 I/SurfaceFlinger(  256): FPS: 4
11-19 11:30:30.868 I/SurfaceFlinger(  256): FPS: 4
11-19 11:30:31.885 I/SurfaceFlinger(  256): FPS: 4
11-19 11:30:32.919 I/SurfaceFlinger(  256): FPS: 4
11-19 11:30:33.951 I/SurfaceFlinger(  256): FPS: 4
11-19 11:30:34.985 I/SurfaceFlinger(  256): FPS: 4
11-19 11:30:36.015 I/SurfaceFlinger(  256): FPS: 4
11-19 11:30:37.035 I/SurfaceFlinger(  256): FPS: 4
11-19 11:30:38.068 I/SurfaceFlinger(  256): FPS: 4
11-19 11:30:39.102 I/SurfaceFlinger(  256): FPS: 4
11-19 11:30:40.133 I/SurfaceFlinger(  256): FPS: 4
11-19 11:30:41.152 I/SurfaceFlinger(  256): FPS: 4
11-19 11:30:42.185 I/SurfaceFlinger(  256): FPS: 4
11-19 11:30:43.219 I/SurfaceFlinger(  256): FPS: 4
11-19 11:30:44.252 I/SurfaceFlinger(  256): FPS: 4
11-19 11:30:45.285 I/SurfaceFlinger(  256): FPS: 4
11-19 11:30:46.303 I/SurfaceFlinger(  256): FPS: 4
11-19 11:30:47.336 I/SurfaceFlinger(  256): FPS: 4
11-19 11:30:48.369 I/SurfaceFlinger(  256): FPS: 4
11-19 11:30:49.402 I/SurfaceFlinger(  256): FPS: 4
11-19 11:30:50.419 I/SurfaceFlinger(  256): FPS: 4
11-19 11:30:51.453 I/SurfaceFlinger(  256): FPS: 4
11-19 11:30:52.486 I/SurfaceFlinger(  256): FPS: 4
11-19 11:30:53.519 I/SurfaceFlinger(  256): FPS: 4
11-19 11:30:54.553 I/SurfaceFlinger(  256): FPS: 4
11-19 11:30:55.570 I/SurfaceFlinger(  256): FPS: 4
11-19 11:30:55.723 D/VM_BMS  (  436): wake_lock acquired
11-19 11:30:55.723 D/VM_BMS  (  436): New BMS data - Size=56
11-19 11:30:55.723 D/VM_BMS  (  436): Start process_bms_data
11-19 11:30:55.725 D/VM_BMS  (  436): For batt_temp=264 fcc_mah=2395
11-19 11:30:55.725 D/VM_BMS  (  436): For ocv=3942909 batt_temp=264 soc=63
11-19 11:30:55.725 D/VM_BMS  (  436): fifo_count=5 acc_count=0
11-19 11:30:55.725 D/VM_BMS  (  436): INIT: ocv=3942909 last_ocv=3942909 batt_temp=264 soc=63
11-19 11:30:55.725 D/VM_BMS  (  436): For soc=63 batt_temp=264 slope=7200
11-19 11:30:55.725 D/VM_BMS  (  436): For soc=63 batt_temp=264 rbatt_sf=115
11-19 11:30:55.725 D/VM_BMS  (  436): rbatt_mohm_default=152, rbatt_mohm=174, sf=115 batt_temp=264
11-19 11:30:55.725 D/VM_BMS  (  436): For ocv=3943128 batt_temp=264 soc=63
11-19 11:30:55.725 D/VM_BMS  (  436): FIFO=0 fifo_avg=3.994109 rbatt=0.174000 slope=0.720000 ibatt=-0.293621 ocv=3.943129 soc=63 fcc_ah=2.395000 sample_count=128 sample_interval=70 seq_num=36464
11-19 11:30:55.725 D/VM_BMS  (  436): For soc=63 batt_temp=264 slope=7200
11-19 11:30:55.725 D/VM_BMS  (  436): For soc=63 batt_temp=264 rbatt_sf=115
11-19 11:30:55.725 D/VM_BMS  (  436): rbatt_mohm_default=152, rbatt_mohm=174, sf=115 batt_temp=264
11-19 11:30:55.725 D/VM_BMS  (  436): For ocv=3943368 batt_temp=264 soc=63
11-19 11:30:55.725 D/VM_BMS  (  436): FIFO=1 fifo_avg=3.999125 rbatt=0.174000 slope=0.720000 ibatt=-0.321131 ocv=3.943368 soc=63 fcc_ah=2.395000 sample_count=128 sample_interval=70 seq_num=36464
11-19 11:30:55.725 D/VM_BMS  (  436): For soc=63 batt_temp=264 slope=7200
11-19 11:30:55.725 D/VM_BMS  (  436): For soc=63 batt_temp=264 rbatt_sf=115
11-19 11:30:55.725 D/VM_BMS  (  436): rbatt_mohm_default=152, rbatt_mohm=174, sf=115 batt_temp=264
11-19 11:30:55.725 D/VM_BMS  (  436): For ocv=3943619 batt_temp=264 soc=63
11-19 11:30:55.725 D/VM_BMS  (  436): FIFO=2 fifo_avg=4.002066 rbatt=0.174000 slope=0.720000 ibatt=-0.336622 ocv=3.943620 soc=63 fcc_ah=2.395000 sample_count=128 sample_interval=70 seq_num=36464
11-19 11:30:55.725 D/VM_BMS  (  436): For soc=63 batt_temp=264 slope=7200
11-19 11:30:55.725 D/VM_BMS  (  436): For soc=63 batt_temp=264 rbatt_sf=115
11-19 11:30:55.725 D/VM_BMS  (  436): rbatt_mohm_default=152, rbatt_mohm=174, sf=115 batt_temp=264
11-19 11:30:55.725 D/VM_BMS  (  436): For ocv=3943877 batt_temp=264 soc=63
11-19 11:30:55.725 D/VM_BMS  (  436): FIFO=3 fifo_avg=4.003845 rbatt=0.174000 slope=0.720000 ibatt=-0.345385 ocv=3.943877 soc=63 fcc_ah=2.395000 sample_count=128 sample_interval=70 seq_num=36464
11-19 11:30:55.725 D/VM_BMS  (  436): For soc=63 batt_temp=264 slope=7200
11-19 11:30:55.725 D/VM_BMS  (  436): For soc=63 batt_temp=264 rbatt_sf=115
11-19 11:30:55.726 D/VM_BMS  (  436): rbatt_mohm_default=152, rbatt_mohm=174, sf=115 batt_temp=264
11-19 11:30:55.726 D/VM_BMS  (  436): For ocv=3944140 batt_temp=264 soc=64
11-19 11:30:55.726 D/VM_BMS  (  436): FIFO=4 fifo_avg=4.005318 rbatt=0.174000 slope=0.720000 ibatt=-0.352353 ocv=3.944141 soc=64 fcc_ah=2.395000 sample_count=128 sample_interval=70 seq_num=36464
11-19 11:30:55.726 I/VM_BMS  (  436): power_supply_update: ocv_uv=3944140 ibatt=-352352 soc=64 seq_num=36464
11-19 11:30:55.726 D/VM_BMS  (  436): End process_bms_data
11-19 11:30:55.726 D/VM_BMS  (  436): wake_lock released
11-19 11:30:56.853 I/SurfaceFlinger(  256): FPS: 6
11-19 11:30:57.886 I/SurfaceFlinger(  256): FPS: 4
11-19 11:30:58.919 I/SurfaceFlinger(  256): FPS: 4
11-19 11:30:59.953 I/SurfaceFlinger(  256): FPS: 4
11-19 11:31:00.073 V/ActivityThread(12335): Performing receive of Intent { act=com.zdworks.android.zdclock.ACTION_TIME_CHANGED cat=[com.zdworks.android.zdclock.CATEGORY] flg=0x10 cmp=com.zdworks.android.zdclock/.provider.NextAlarmWidget }: app=com.zdworks.android.zdclock.ZDClockApplication@1610e6af, appName=com.zdworks.android.zdclock, pkg=com.zdworks.android.zdclock, comp={com.zdworks.android.zdclock/com.zdworks.android.zdclock.provider.NextAlarmWidget}, dir=/data/app/com.zdworks.android.zdclock-1/base.apk
11-19 11:31:00.081 V/ActivityThread(12335): Performing receive of Intent { act=com.zdworks.android.zdclock.ACTION_TIME_CHANGED cat=[com.zdworks.android.zdclock.CATEGORY] flg=0x10 cmp=com.zdworks.android.zdclock/.provider.TodayListWidget }: app=com.zdworks.android.zdclock.ZDClockApplication@1610e6af, appName=com.zdworks.android.zdclock, pkg=com.zdworks.android.zdclock, comp={com.zdworks.android.zdclock/com.zdworks.android.zdclock.provider.TodayListWidget}, dir=/data/app/com.zdworks.android.zdclock-1/base.apk
11-19 11:31:00.970 I/SurfaceFlinger(  256): FPS: 5
11-19 11:31:02.003 I/SurfaceFlinger(  256): FPS: 4
11-19 11:31:03.036 I/SurfaceFlinger(  256): FPS: 4
11-19 11:31:04.069 I/SurfaceFlinger(  256): FPS: 4
11-19 11:31:05.100 I/SurfaceFlinger(  256): FPS: 4
11-19 11:31:06.120 I/SurfaceFlinger(  256): FPS: 4
11-19 11:31:07.154 I/SurfaceFlinger(  256): FPS: 4
11-19 11:31:08.187 I/SurfaceFlinger(  256): FPS: 4
11-19 11:31:09.220 I/SurfaceFlinger(  256): FPS: 4
11-19 11:31:10.254 I/SurfaceFlinger(  256): FPS: 4
11-19 11:31:11.287 I/SurfaceFlinger(  256): FPS: 4
11-19 11:31:12.320 I/SurfaceFlinger(  256): FPS: 4
11-19 11:31:13.354 I/SurfaceFlinger(  256): FPS: 4
11-19 11:31:14.387 I/SurfaceFlinger(  256): FPS: 4
11-19 11:31:15.420 I/SurfaceFlinger(  256): FPS: 4
11-19 11:31:16.454 I/SurfaceFlinger(  256): FPS: 4
11-19 11:31:17.487 I/SurfaceFlinger(  256): FPS: 4
11-19 11:31:18.521 I/SurfaceFlinger(  256): FPS: 4
11-19 11:31:19.554 I/SurfaceFlinger(  256): FPS: 4
11-19 11:31:20.587 I/SurfaceFlinger(  256): FPS: 4
11-19 11:31:21.621 I/SurfaceFlinger(  256): FPS: 4
11-19 11:31:22.654 I/SurfaceFlinger(  256): FPS: 4
11-19 11:31:23.687 I/SurfaceFlinger(  256): FPS: 4
11-19 11:31:24.721 I/SurfaceFlinger(  256): FPS: 4
11-19 11:31:25.754 I/SurfaceFlinger(  256): FPS: 4
11-19 11:31:26.788 I/SurfaceFlinger(  256): FPS: 4
11-19 11:31:27.821 I/SurfaceFlinger(  256): FPS: 4
11-19 11:31:28.855 I/SurfaceFlinger(  256): FPS: 4
11-19 11:31:29.888 I/SurfaceFlinger(  256): FPS: 4
11-19 11:31:30.921 I/SurfaceFlinger(  256): FPS: 4
11-19 11:31:31.955 I/SurfaceFlinger(  256): FPS: 4
11-19 11:31:32.988 I/SurfaceFlinger(  256): FPS: 4
11-19 11:31:34.021 I/SurfaceFlinger(  256): FPS: 4
11-19 11:31:35.055 I/SurfaceFlinger(  256): FPS: 4
11-19 11:31:36.088 I/SurfaceFlinger(  256): FPS: 4
11-19 11:31:37.121 I/SurfaceFlinger(  256): FPS: 4
11-19 11:31:38.155 I/SurfaceFlinger(  256): FPS: 4
11-19 11:31:39.188 I/SurfaceFlinger(  256): FPS: 4
11-19 11:31:40.221 I/SurfaceFlinger(  256): FPS: 4
11-19 11:31:41.255 I/SurfaceFlinger(  256): FPS: 4
11-19 11:31:42.288 I/SurfaceFlinger(  256): FPS: 4
11-19 11:31:43.322 I/SurfaceFlinger(  256): FPS: 4
11-19 11:31:43.863 D/VM_BMS  (  436): wake_lock acquired
11-19 11:31:43.863 D/VM_BMS  (  436): New BMS data - Size=56
11-19 11:31:43.863 D/VM_BMS  (  436): Start process_bms_data
11-19 11:31:43.865 D/VM_BMS  (  436): For batt_temp=267 fcc_mah=2395
11-19 11:31:43.865 D/VM_BMS  (  436): For ocv=3944140 batt_temp=267 soc=64
11-19 11:31:43.865 D/VM_BMS  (  436): fifo_count=5 acc_count=0
11-19 11:31:43.866 D/VM_BMS  (  436): INIT: ocv=3944140 last_ocv=3944140 batt_temp=267 soc=64
11-19 11:31:43.866 D/VM_BMS  (  436): For soc=64 batt_temp=267 slope=7200
11-19 11:31:43.866 D/VM_BMS  (  436): For soc=64 batt_temp=267 rbatt_sf=114
11-19 11:31:43.866 D/VM_BMS  (  436): rbatt_mohm_default=152, rbatt_mohm=173, sf=114 batt_temp=267
11-19 11:31:43.866 D/VM_BMS  (  436): For ocv=3944407 batt_temp=267 soc=64
11-19 11:31:43.866 D/VM_BMS  (  436): FIFO=0 fifo_avg=4.006042 rbatt=0.173000 slope=0.720000 ibatt=-0.357043 ocv=3.944407 soc=64 fcc_ah=2.395000 sample_count=128 sample_interval=70 seq_num=36465
11-19 11:31:43.866 D/VM_BMS  (  436): For soc=64 batt_temp=267 slope=7200
11-19 11:31:43.866 D/VM_BMS  (  436): For soc=64 batt_temp=267 rbatt_sf=114
11-19 11:31:43.866 D/VM_BMS  (  436): rbatt_mohm_default=152, rbatt_mohm=173, sf=114 batt_temp=267
11-19 11:31:43.866 D/VM_BMS  (  436): For ocv=3944682 batt_temp=267 soc=64
11-19 11:31:43.866 D/VM_BMS  (  436): FIFO=1 fifo_avg=4.008089 rbatt=0.173000 slope=0.720000 ibatt=-0.367310 ocv=3.944682 soc=64 fcc_ah=2.395000 sample_count=128 sample_interval=70 seq_num=36465
11-19 11:31:43.866 D/VM_BMS  (  436): For soc=64 batt_temp=267 slope=7200
11-19 11:31:43.866 D/VM_BMS  (  436): For soc=64 batt_temp=267 rbatt_sf=114
11-19 11:31:43.866 D/VM_BMS  (  436): rbatt_mohm_default=152, rbatt_mohm=173, sf=114 batt_temp=267
11-19 11:31:43.866 D/VM_BMS  (  436): For ocv=3944956 batt_temp=267 soc=64
11-19 11:31:43.866 D/VM_BMS  (  436): FIFO=2 fifo_avg=4.008406 rbatt=0.173000 slope=0.720000 ibatt=-0.367554 ocv=3.944957 soc=64 fcc_ah=2.395000 sample_count=128 sample_interval=70 seq_num=36465
11-19 11:31:43.866 D/VM_BMS  (  436): For soc=64 batt_temp=267 slope=7200
11-19 11:31:43.866 D/VM_BMS  (  436): For soc=64 batt_temp=267 rbatt_sf=114
