11-19 10:26:47.883 D/StatusBar.MSimNetworkController( 3295): refreshViews connected={ } level=4 mMSimcombinedSignalIconId=0x7f02032a/com.android.systemui:drawable/stat_sys_signal_null mMSimcombinedActivityIconId=0x0 mAirplaneMode=false mMSimDataActivity=0 mMSimPhoneSignalIconId=0x7f02032a/com.android.systemui:drawable/stat_sys_signal_null mMSimDataDirectionIconId=0x0 mMSimDataSignalIconId=0x7f02032a mMSimDataTypeIconId=0x0/(null) mNoMSimIconId=0x7f02008b/com.android.systemui:drawable/ic_qs_no_sim mMSimMobileActivityIconId=0x0/(null) mWifiIconId=0x0 mBluetoothTetherIconId=0x108069b
11-19 10:26:47.887 D/StatusBar.MSimNetworkController( 3295): getPhoneId phoneId: 1
11-19 10:26:47.888 D/StatusBar.MSimNetworkController( 3295): onDataActivity received on phoneId :1direction=0
11-19 10:26:47.888 D/StatusBar.MSimNetworkController( 3295): updateDataIcon phoneId =1
11-19 10:26:47.889 D/StatusBar.MSimNetworkController( 3295): updateDataIcon dataSub =0
11-19 10:26:47.889 D/StatusBar.MSimNetworkController( 3295): updateDataIconi: phoneId1 is not DDS.  Clear the mMSimDataConnected Flag and return
11-19 10:26:47.889 D/StatusBar.MSimNetworkController( 3295): refreshViews phoneId =1mMSimDataConnected =false
11-19 10:26:47.889 D/StatusBar.MSimNetworkController( 3295): refreshViews mMSimDataActivity =0
11-19 10:26:47.891 D/StatusBar.MSimNetworkController( 3295): refreshViews: Data not connected!! Set no data type icon / Roaming for phoneId: 1
11-19 10:26:47.892 D/StatusBar.MSimNetworkController( 3295): refreshViews connected={ } level=0 mMSimcombinedSignalIconId=0x7f02032a/com.android.systemui:drawable/stat_sys_signal_null mMSimcombinedActivityIconId=0x0 mAirplaneMode=false mMSimDataActivity=0 mMSimPhoneSignalIconId=0x7f02032a/com.android.systemui:drawable/stat_sys_signal_null mMSimDataDirectionIconId=0x0 mMSimDataSignalIconId=0x7f02032a mMSimDataTypeIconId=0x0/(null) mNoMSimIconId=0x7f02008b/com.android.systemui:drawable/ic_qs_no_sim mMSimMobileActivityIconId=0x0/(null) mWifiIconId=0x0 mBluetoothTetherIconId=0x108069b
11-19 10:26:47.894 D/StatusBar.MSimNetworkController( 3295): getPhoneId phoneId: 0
11-19 10:26:47.894 D/StatusBar.MSimNetworkController( 3295): onDataActivity received on phoneId :0direction=0
11-19 10:26:47.894 D/StatusBar.MSimNetworkController( 3295): updateDataIcon phoneId =0
11-19 10:26:47.895 D/StatusBar.MSimNetworkController( 3295): updateDataIcon dataSub =0
11-19 10:26:47.895 D/StatusBar.MSimNetworkController( 3295): updateDataIcon  when SimState =ABSENT
11-19 10:26:47.895 D/StatusBar.MSimNetworkController( 3295): updateDataIcon when mMSimDataConnected[0] =false mMSimMobileActivityIconId[0] = 0
11-19 10:26:47.895 D/StatusBar.MSimNetworkController( 3295): refreshViews phoneId =0mMSimDataConnected =false
11-19 10:26:47.895 D/StatusBar.MSimNetworkController( 3295): refreshViews mMSimDataActivity =0
11-19 10:26:47.898 D/StatusBar.MSimNetworkController( 3295): refreshViews: Data not connected!! Set no data type icon / Roaming for phoneId: 0
11-19 10:26:47.898 D/StatusBar.MSimNetworkController( 3295): refreshViews connected={ } level=4 mMSimcombinedSignalIconId=0x7f02032a/com.android.systemui:drawable/stat_sys_signal_null mMSimcombinedActivityIconId=0x0 mAirplaneMode=false mMSimDataActivity=0 mMSimPhoneSignalIconId=0x7f02032a/com.android.systemui:drawable/stat_sys_signal_null mMSimDataDirectionIconId=0x0 mMSimDataSignalIconId=0x7f02032a mMSimDataTypeIconId=0x0/(null) mNoMSimIconId=0x7f02008b/com.android.systemui:drawable/ic_qs_no_sim mMSimMobileActivityIconId=0x0/(null) mWifiIconId=0x0 mBluetoothTetherIconId=0x108069b
11-19 10:26:47.900 D/StatusBar.MSimNetworkController( 3295): getPhoneId phoneId: 1
11-19 10:26:47.900 D/StatusBar.MSimNetworkController( 3295): onDataActivity received on phoneId :1direction=0
11-19 10:26:47.900 D/StatusBar.MSimNetworkController( 3295): updateDataIcon phoneId =1
11-19 10:26:47.905 D/StatusBar.MSimNetworkController( 3295): updateDataIcon dataSub =0
11-19 10:26:47.905 D/StatusBar.MSimNetworkController( 3295): updateDataIconi: phoneId1 is not DDS.  Clear the mMSimDataConnected Flag and return
11-19 10:26:47.905 D/StatusBar.MSimNetworkController( 3295): refreshViews phoneId =1mMSimDataConnected =false
11-19 10:26:47.905 D/StatusBar.MSimNetworkController( 3295): refreshViews mMSimDataActivity =0
11-19 10:26:47.906 D/StatusBar.MSimNetworkController( 3295): refreshViews: Data not connected!! Set no data type icon / Roaming for phoneId: 1
11-19 10:26:47.907 D/StatusBar.MSimNetworkController( 3295): refreshViews connected={ } level=0 mMSimcombinedSignalIconId=0x7f02032a/com.android.systemui:drawable/stat_sys_signal_null mMSimcombinedActivityIconId=0x0 mAirplaneMode=false mMSimDataActivity=0 mMSimPhoneSignalIconId=0x7f02032a/com.android.systemui:drawable/stat_sys_signal_null mMSimDataDirectionIconId=0x0 mMSimDataSignalIconId=0x7f02032a mMSimDataTypeIconId=0x0/(null) mNoMSimIconId=0x7f02008b/com.android.systemui:drawable/ic_qs_no_sim mMSimMobileActivityIconId=0x0/(null) mWifiIconId=0x0 mBluetoothTetherIconId=0x108069b
11-19 10:26:47.908 D/StatusBar.MSimNetworkController( 3295): getPhoneId phoneId: 0
11-19 10:26:47.908 D/StatusBar.MSimNetworkController( 3295): onDataActivity received on phoneId :0direction=0
11-19 10:26:47.908 D/StatusBar.MSimNetworkController( 3295): updateDataIcon phoneId =0
11-19 10:26:47.909 D/StatusBar.MSimNetworkController( 3295): updateDataIcon dataSub =0
11-19 10:26:47.909 D/StatusBar.MSimNetworkController( 3295): updateDataIcon  when SimState =ABSENT
11-19 10:26:47.910 D/StatusBar.MSimNetworkController( 3295): updateDataIcon when mMSimDataConnected[0] =false mMSimMobileActivityIconId[0] = 0
11-19 10:26:47.910 D/StatusBar.MSimNetworkController( 3295): refreshViews phoneId =0mMSimDataConnected =false
11-19 10:26:47.910 D/StatusBar.MSimNetworkController( 3295): refreshViews mMSimDataActivity =0
11-19 10:26:47.911 D/StatusBar.MSimNetworkController( 3295): refreshViews: Data not connected!! Set no data type icon / Roaming for phoneId: 0
11-19 10:26:47.911 D/StatusBar.MSimNetworkController( 3295): refreshViews connected={ } level=4 mMSimcombinedSignalIconId=0x7f02032a/com.android.systemui:drawable/stat_sys_signal_null mMSimcombinedActivityIconId=0x0 mAirplaneMode=false mMSimDataActivity=0 mMSimPhoneSignalIconId=0x7f02032a/com.android.systemui:drawable/stat_sys_signal_null mMSimDataDirectionIconId=0x0 mMSimDataSignalIconId=0x7f02032a mMSimDataTypeIconId=0x0/(null) mNoMSimIconId=0x7f02008b/com.android.systemui:drawable/ic_qs_no_sim mMSimMobileActivityIconId=0x0/(null) mWifiIconId=0x0 mBluetoothTetherIconId=0x108069b
11-19 10:26:47.913 D/StatusBar.MSimNetworkController( 3295): getPhoneId phoneId: 1
11-19 10:26:47.913 D/StatusBar.MSimNetworkController( 3295): onDataActivity received on phoneId :1direction=0
11-19 10:26:47.913 D/StatusBar.MSimNetworkController( 3295): updateDataIcon phoneId =1
11-19 10:26:47.915 D/StatusBar.MSimNetworkController( 3295): updateDataIcon dataSub =0
11-19 10:26:47.915 D/StatusBar.MSimNetworkController( 3295): updateDataIconi: phoneId1 is not DDS.  Clear the mMSimDataConnected Flag and return
11-19 10:26:47.915 D/StatusBar.MSimNetworkController( 3295): refreshViews phoneId =1mMSimDataConnected =false
11-19 10:26:47.915 D/StatusBar.MSimNetworkController( 3295): refreshViews mMSimDataActivity =0
11-19 10:26:47.916 D/StatusBar.MSimNetworkController( 3295): refreshViews: Data not connected!! Set no data type icon / Roaming for phoneId: 1
11-19 10:26:47.916 D/StatusBar.MSimNetworkController( 3295): refreshViews connected={ } level=0 mMSimcombinedSignalIconId=0x7f02032a/com.android.systemui:drawable/stat_sys_signal_null mMSimcombinedActivityIconId=0x0 mAirplaneMode=false mMSimDataActivity=0 mMSimPhoneSignalIconId=0x7f02032a/com.android.systemui:drawable/stat_sys_signal_null mMSimDataDirectionIconId=0x0 mMSimDataSignalIconId=0x7f02032a mMSimDataTypeIconId=0x0/(null) mNoMSimIconId=0x7f02008b/com.android.systemui:drawable/ic_qs_no_sim mMSimMobileActivityIconId=0x0/(null) mWifiIconId=0x0 mBluetoothTetherIconId=0x108069b
11-19 10:26:47.920 D/StatusBar.MSimNetworkController( 3295): getPhoneId phoneId: 0
11-19 10:26:47.920 D/StatusBar.MSimNetworkController( 3295): onDataActivity received on phoneId :0direction=0
11-19 10:26:47.920 D/StatusBar.MSimNetworkController( 3295): updateDataIcon phoneId =0
11-19 10:26:47.922 D/StatusBar.MSimNetworkController( 3295): updateDataIcon dataSub =0
11-19 10:26:47.922 D/StatusBar.MSimNetworkController( 3295): updateDataIcon  when SimState =ABSENT
11-19 10:26:47.922 D/StatusBar.MSimNetworkController( 3295): updateDataIcon when mMSimDataConnected[0] =false mMSimMobileActivityIconId[0] = 0
11-19 10:26:47.922 D/StatusBar.MSimNetworkController( 3295): refreshViews phoneId =0mMSimDataConnected =false
11-19 10:26:47.922 D/StatusBar.MSimNetworkController( 3295): refreshViews mMSimDataActivity =0
11-19 10:26:47.925 D/StatusBar.MSimNetworkController( 3295): refreshViews: Data not connected!! Set no data type icon / Roaming for phoneId: 0
11-19 10:26:47.925 D/StatusBar.MSimNetworkController( 3295): refreshViews connected={ } level=4 mMSimcombinedSignalIconId=0x7f02032a/com.android.systemui:drawable/stat_sys_signal_null mMSimcombinedActivityIconId=0x0 mAirplaneMode=false mMSimDataActivity=0 mMSimPhoneSignalIconId=0x7f02032a/com.android.systemui:drawable/stat_sys_signal_null mMSimDataDirectionIconId=0x0 mMSimDataSignalIconId=0x7f02032a mMSimDataTypeIconId=0x0/(null) mNoMSimIconId=0x7f02008b/com.android.systemui:drawable/ic_qs_no_sim mMSimMobileActivityIconId=0x0/(null) mWifiIconId=0x0 mBluetoothTetherIconId=0x108069b
11-19 10:26:47.927 D/StatusBar.MSimNetworkController( 3295): getPhoneId phoneId: 1
11-19 10:26:47.927 D/StatusBar.MSimNetworkController( 3295): onDataActivity received on phoneId :1direction=0
11-19 10:26:47.927 D/StatusBar.MSimNetworkController( 3295): updateDataIcon phoneId =1
11-19 10:26:47.930 D/StatusBar.MSimNetworkController( 3295): updateDataIcon dataSub =0
11-19 10:26:47.930 D/StatusBar.MSimNetworkController( 3295): updateDataIconi: phoneId1 is not DDS.  Clear the mMSimDataConnected Flag and return
11-19 10:26:47.930 D/StatusBar.MSimNetworkController( 3295): refreshViews phoneId =1mMSimDataConnected =false
11-19 10:26:47.930 D/StatusBar.MSimNetworkController( 3295): refreshViews mMSimDataActivity =0
11-19 10:26:47.934 D/StatusBar.MSimNetworkController( 3295): refreshViews: Data not connected!! Set no data type icon / Roaming for phoneId: 1
11-19 10:26:47.934 D/StatusBar.MSimNetworkController( 3295): refreshViews connected={ } level=0 mMSimcombinedSignalIconId=0x7f02032a/com.android.systemui:drawable/stat_sys_signal_null mMSimcombinedActivityIconId=0x0 mAirplaneMode=false mMSimDataActivity=0 mMSimPhoneSignalIconId=0x7f02032a/com.android.systemui:drawable/stat_sys_signal_null mMSimDataDirectionIconId=0x0 mMSimDataSignalIconId=0x7f02032a mMSimDataTypeIconId=0x0/(null) mNoMSimIconId=0x7f02008b/com.android.systemui:drawable/ic_qs_no_sim mMSimMobileActivityIconId=0x0/(null) mWifiIconId=0x0 mBluetoothTetherIconId=0x108069b
11-19 10:26:47.936 D/StatusBar.MSimNetworkController( 3295): getPhoneId phoneId: 0
11-19 10:26:47.936 D/StatusBar.MSimNetworkController( 3295): onDataActivity received on phoneId :0direction=0
11-19 10:26:47.937 D/StatusBar.MSimNetworkController( 3295): updateDataIcon phoneId =0
11-19 10:26:47.940 D/StatusBar.MSimNetworkController( 3295): updateDataIcon dataSub =0
11-19 10:26:47.940 D/StatusBar.MSimNetworkController( 3295): updateDataIcon  when SimState =ABSENT
11-19 10:26:47.940 D/StatusBar.MSimNetworkController( 3295): updateDataIcon when mMSimDataConnected[0] =false mMSimMobileActivityIconId[0] = 0
11-19 10:26:47.940 D/StatusBar.MSimNetworkController( 3295): refreshViews phoneId =0mMSimDataConnected =false
11-19 10:26:47.940 D/StatusBar.MSimNetworkController( 3295): refreshViews mMSimDataActivity =0
11-19 10:26:47.942 D/StatusBar.MSimNetworkController( 3295): refreshViews: Data not connected!! Set no data type icon / Roaming for phoneId: 0
11-19 10:26:47.942 D/StatusBar.MSimNetworkController( 3295): refreshViews connected={ } level=4 mMSimcombinedSignalIconId=0x7f02032a/com.android.systemui:drawable/stat_sys_signal_null mMSimcombinedActivityIconId=0x0 mAirplaneMode=false mMSimDataActivity=0 mMSimPhoneSignalIconId=0x7f02032a/com.android.systemui:drawable/stat_sys_signal_null mMSimDataDirectionIconId=0x0 mMSimDataSignalIconId=0x7f02032a mMSimDataTypeIconId=0x0/(null) mNoMSimIconId=0x7f02008b/com.android.systemui:drawable/ic_qs_no_sim mMSimMobileActivityIconId=0x0/(null) mWifiIconId=0x0 mBluetoothTetherIconId=0x108069b
11-19 10:26:47.945 D/StatusBar.MSimNetworkController( 3295): getPhoneId phoneId: 1
11-19 10:26:47.945 D/StatusBar.MSimNetworkController( 3295): onDataActivity received on phoneId :1direction=0
11-19 10:26:47.945 D/StatusBar.MSimNetworkController( 3295): updateDataIcon phoneId =1
11-19 10:26:47.947 D/StatusBar.MSimNetworkController( 3295): updateDataIcon dataSub =0
11-19 10:26:47.947 D/StatusBar.MSimNetworkController( 3295): updateDataIconi: phoneId1 is not DDS.  Clear the mMSimDataConnected Flag and return
11-19 10:26:47.947 D/StatusBar.MSimNetworkController( 3295): refreshViews phoneId =1mMSimDataConnected =false
11-19 10:26:47.947 D/StatusBar.MSimNetworkController( 3295): refreshViews mMSimDataActivity =0
11-19 10:26:47.951 D/StatusBar.MSimNetworkController( 3295): refreshViews: Data not connected!! Set no data type icon / Roaming for phoneId: 1
11-19 10:26:47.951 D/StatusBar.MSimNetworkController( 3295): refreshViews connected={ } level=0 mMSimcombinedSignalIconId=0x7f02032a/com.android.systemui:drawable/stat_sys_signal_null mMSimcombinedActivityIconId=0x0 mAirplaneMode=false mMSimDataActivity=0 mMSimPhoneSignalIconId=0x7f02032a/com.android.systemui:drawable/stat_sys_signal_null mMSimDataDirectionIconId=0x0 mMSimDataSignalIconId=0x7f02032a mMSimDataTypeIconId=0x0/(null) mNoMSimIconId=0x7f02008b/com.android.systemui:drawable/ic_qs_no_sim mMSimMobileActivityIconId=0x0/(null) mWifiIconId=0x0 mBluetoothTetherIconId=0x108069b
11-19 10:26:47.955 D/StatusBar.MSimNetworkController( 3295): getPhoneId phoneId: 0
11-19 10:26:47.955 D/StatusBar.MSimNetworkController( 3295): onDataActivity received on phoneId :0direction=0
11-19 10:26:47.955 D/StatusBar.MSimNetworkController( 3295): updateDataIcon phoneId =0
11-19 10:26:47.957 D/StatusBar.MSimNetworkController( 3295): updateDataIcon dataSub =0
11-19 10:26:47.957 D/StatusBar.MSimNetworkController( 3295): updateDataIcon  when SimState =ABSENT
11-19 10:26:47.957 D/StatusBar.MSimNetworkController( 3295): updateDataIcon when mMSimDataConnected[0] =false mMSimMobileActivityIconId[0] = 0
11-19 10:26:47.957 D/StatusBar.MSimNetworkController( 3295): refreshViews phoneId =0mMSimDataConnected =false
11-19 10:26:47.957 D/StatusBar.MSimNetworkController( 3295): refreshViews mMSimDataActivity =0
11-19 10:26:47.959 D/StatusBar.MSimNetworkController( 3295): refreshViews: Data not connected!! Set no data type icon / Roaming for phoneId: 0
11-19 10:26:47.959 D/StatusBar.MSimNetworkController( 3295): refreshViews connected={ } level=4 mMSimcombinedSignalIconId=0x7f02032a/com.android.systemui:drawable/stat_sys_signal_null mMSimcombinedActivityIconId=0x0 mAirplaneMode=false mMSimDataActivity=0 mMSimPhoneSignalIconId=0x7f02032a/com.android.systemui:drawable/stat_sys_signal_null mMSimDataDirectionIconId=0x0 mMSimDataSignalIconId=0x7f02032a mMSimDataTypeIconId=0x0/(null) mNoMSimIconId=0x7f02008b/com.android.systemui:drawable/ic_qs_no_sim mMSimMobileActivityIconId=0x0/(null) mWifiIconId=0x0 mBluetoothTetherIconId=0x108069b
11-19 10:26:47.961 D/StatusBar.MSimNetworkController( 3295): getPhoneId phoneId: 1
11-19 10:26:47.961 D/StatusBar.MSimNetworkController( 3295): onDataActivity received on phoneId :1direction=0
11-19 10:26:47.961 D/StatusBar.MSimNetworkController( 3295): updateDataIcon phoneId =1
11-19 10:26:47.964 D/StatusBar.MSimNetworkController( 3295): updateDataIcon dataSub =0
11-19 10:26:47.964 D/StatusBar.MSimNetworkController( 3295): updateDataIconi: phoneId1 is not DDS.  Clear the mMSimDataConnected Flag and return
11-19 10:26:47.964 D/StatusBar.MSimNetworkController( 3295): refreshViews phoneId =1mMSimDataConnected =false
11-19 10:26:47.964 D/StatusBar.MSimNetworkController( 3295): refreshViews mMSimDataActivity =0
11-19 10:26:47.968 D/StatusBar.MSimNetworkController( 3295): refreshViews: Data not connected!! Set no data type icon / Roaming for phoneId: 1
11-19 10:26:47.968 D/StatusBar.MSimNetworkController( 3295): refreshViews connected={ } level=0 mMSimcombinedSignalIconId=0x7f02032a/com.android.systemui:drawable/stat_sys_signal_null mMSimcombinedActivityIconId=0x0 mAirplaneMode=false mMSimDataActivity=0 mMSimPhoneSignalIconId=0x7f02032a/com.android.systemui:drawable/stat_sys_signal_null mMSimDataDirectionIconId=0x0 mMSimDataSignalIconId=0x7f02032a mMSimDataTypeIconId=0x0/(null) mNoMSimIconId=0x7f02008b/com.android.systemui:drawable/ic_qs_no_sim mMSimMobileActivityIconId=0x0/(null) mWifiIconId=0x0 mBluetoothTetherIconId=0x108069b
11-19 10:26:48.313 I/DisplayManagerService(  772): Display device changed: DisplayDeviceInfo{"内置屏幕": uniqueId="local:0", 720 x 1280, 60.0 fps, supportedRefreshRates [60.0], density 320, 160.421 x 160.157 dpi, appVsyncOff 0, presDeadline 17666667, touch INTERNAL, rotation 0, type BUILT_IN, state OFF, FLAG_DEFAULT_DISPLAY, FLAG_ROTATES_WITH_CONTENT, FLAG_SECURE, FLAG_SUPPORTS_PROTECTED_BUFFERS}
11-19 10:26:48.314 V/ActivityManager(  772): Display changed displayId=0
11-19 10:26:48.319 D/SurfaceFlinger(  256): Set power mode=0, type=0 flinger=0xb75c15f8
11-19 10:26:48.319 E/libnav  (  417): AbaSetOriginalBacklightLevel: bad input paramters
11-19 10:26:48.319 D/qdhwcomposer(  256): hwc_setPowerMode: Setting mode 0 on display: 0
11-19 10:26:48.319 E/qdutils (  256): int qdutils::getHDMINode(): Failed to open fb node 1
11-19 10:26:48.319 E/qdutils (  256): int qdutils::getHDMINode(): Failed to open fb node 2
11-19 10:26:48.319 E/qdutils (  256): int qdutils::getHDMINode(): Failed to find HDMI node
11-19 10:26:48.551 I/qdhwcomposer(  256): handle_blank_event: dpy:0 panel power state: 0
11-19 10:26:48.551 E/qdutils (  256): int qdutils::getHDMINode(): Failed to open fb node 1
11-19 10:26:48.551 E/qdutils (  256): int qdutils::getHDMINode(): Failed to open fb node 2
11-19 10:26:48.551 E/qdutils (  256): int qdutils::getHDMINode(): Failed to find HDMI node
11-19 10:26:48.634 D/qdhwcomposer(  256): hwc_setPowerMode: Done setting mode 0 on display 0
11-19 10:26:48.635 D/SurfaceControl(  772): Excessive delay in setPowerMode(): 321ms
11-19 10:26:48.635 I/QCOM PowerHAL(  772): Got set_interactive hint
11-19 10:26:48.638 E/qdutils (  256): int qdutils::getHDMINode(): Failed to open fb node 1
11-19 10:26:48.638 E/qdutils (  256): int qdutils::getHDMINode(): Failed to open fb node 2
11-19 10:26:48.638 E/qdutils (  256): int qdutils::getHDMINode(): Failed to find HDMI node
11-19 10:26:48.639 E/qdutils (  256): int qdutils::getHDMINode(): Failed to open fb node 1
11-19 10:26:48.639 E/qdutils (  256): int qdutils::getHDMINode(): Failed to open fb node 2
11-19 10:26:48.639 E/qdutils (  256): int qdutils::getHDMINode(): Failed to find HDMI node
11-19 10:26:48.672 V/ActivityThread( 3702): Performing stop of ActivityRecord{2c51b46d token=android.os.BinderProxy@3d1138a2 {com.cyanogenmod.trebuchet/com.android.launcher3.Launcher}}
11-19 10:26:48.673 V/ActivityThread( 3702): Finishing stop of ActivityRecord{2c51b46d token=android.os.BinderProxy@3d1138a2 {com.cyanogenmod.trebuchet/com.android.launcher3.Launcher}}: show=true win=com.android.internal.policy.impl.PhoneWindow@21dde094
11-19 10:26:48.725 E/libsuspend(  772): Error writing to /sys/power/state: Device or resource busy
11-19 10:26:53.335 I/qdhwcomposer(  256): handle_blank_event: dpy:0 panel power state: 0
11-19 10:26:53.335 E/qdutils (  256): int qdutils::getHDMINode(): Failed to open fb node 1
11-19 10:26:53.336 E/qdutils (  256): int qdutils::getHDMINode(): Failed to open fb node 2
11-19 10:26:53.336 E/qdutils (  256): int qdutils::getHDMINode(): Failed to find HDMI node
11-19 10:26:53.337 D/VM_BMS  (  436): wake_lock acquired
11-19 10:26:53.337 D/VM_BMS  (  436): New BMS data - Size=56
11-19 10:26:53.337 D/VM_BMS  (  436): Start process_bms_data
11-19 10:26:53.340 D/VM_BMS  (  436): For batt_temp=282 fcc_mah=2394
11-19 10:26:53.340 D/VM_BMS  (  436): For ocv=3978213 batt_temp=282 soc=68
11-19 10:26:53.340 D/VM_BMS  (  436): fifo_count=1 acc_count=25
11-19 10:26:53.340 D/VM_BMS  (  436): INIT: ocv=3978213 last_ocv=3978213 batt_temp=282 soc=68
11-19 10:26:53.340 D/VM_BMS  (  436): For soc=68 batt_temp=282 slope=7200
11-19 10:26:53.340 D/VM_BMS  (  436): For soc=68 batt_temp=282 rbatt_sf=106
11-19 10:26:53.340 D/VM_BMS  (  436): rbatt_mohm_default=152, rbatt_mohm=161, sf=106 batt_temp=282
11-19 10:26:53.340 D/VM_BMS  (  436): For ocv=3978024 batt_temp=282 soc=68
11-19 10:26:53.341 D/VM_BMS  (  436): FIFO=0 fifo_avg=3.937588 rbatt=0.161000 slope=0.720000 ibatt=0.251745 ocv=3.978025 soc=68 fcc_ah=2.394000 sample_count=128 sample_interval=70 seq_num=36431
11-19 10:26:53.341 D/VM_BMS  (  436): For soc=68 batt_temp=282 slope=7200
11-19 10:26:53.341 D/VM_BMS  (  436): For soc=68 batt_temp=282 rbatt_sf=106
11-19 10:26:53.341 D/VM_BMS  (  436): rbatt_mohm_default=152, rbatt_mohm=161, sf=106 batt_temp=282
11-19 10:26:53.341 D/VM_BMS  (  436): For ocv=3977983 batt_temp=282 soc=68
11-19 10:26:53.341 D/VM_BMS  (  436): FIFO=1 fifo_avg=3.933173 rbatt=0.161000 slope=0.720000 ibatt=0.278452 ocv=3.977983 soc=68 fcc_ah=2.394000 sample_count=25 sample_interval=70 seq_num=36431
11-19 10:26:53.342 I/VM_BMS  (  436): power_supply_update: ocv_uv=3977983 ibatt=278451 soc=68 seq_num=36431
11-19 10:26:53.343 D/VM_BMS  (  436): End process_bms_data
11-19 10:26:53.344 D/VM_BMS  (  436): wake_lock released
11-19 10:26:53.375 D/PhoneStatusBar( 3295): disable: < expand ICONS* alerts SYSTEM_INFO* back home recent clock search >
11-19 10:26:53.381 D/BluetoothAdapter( 3295): 547751587: getState() :  mService = null. Returning STATE_OFF
11-19 10:26:53.381 D/BluetoothAdapter( 3295): 547751587: getState() :  mService = null. Returning STATE_OFF
11-19 10:26:53.389 D/BluetoothAdapter( 3295): 547751587: getState() :  mService = null. Returning STATE_OFF
11-19 10:26:53.390 D/BluetoothAdapter( 3295): 547751587: getState() :  mService = null. Returning STATE_OFF
11-19 10:26:53.391 W/Settings( 3295): Setting airplane_mode_on has moved from android.provider.Settings.System to android.provider.Settings.Global, returning read-only value.
11-19 10:26:53.434 E/qdutils (  256): int qdutils::getHDMINode(): Failed to open fb node 1
11-19 10:26:53.435 E/qdutils (  256): int qdutils::getHDMINode(): Failed to open fb node 2
11-19 10:26:53.435 E/qdutils (  256): int qdutils::getHDMINode(): Failed to find HDMI node
11-19 10:26:53.435 I/SurfaceFlinger(  256): FPS: 30
11-19 10:26:53.447 E/qdutils (  256): int qdutils::getHDMINode(): Failed to open fb node 1
11-19 10:26:53.447 E/qdutils (  256): int qdutils::getHDMINode(): Failed to open fb node 2
11-19 10:26:53.447 E/qdutils (  256): int qdutils::getHDMINode(): Failed to find HDMI node
11-19 10:26:53.463 D/PhoneStatusBar( 3295): disable: < expand ICONS alerts SYSTEM_INFO back HOME* RECENT* clock SEARCH* >
11-19 10:26:53.546 E/qdutils (  256): int qdutils::getHDMINode(): Failed to open fb node 1
11-19 10:26:53.546 E/qdutils (  256): int qdutils::getHDMINode(): Failed to open fb node 2
11-19 10:26:53.546 E/qdutils (  256): int qdutils::getHDMINode(): Failed to find HDMI node
11-19 10:26:53.561 E/qdutils (  256): int qdutils::getHDMINode(): Failed to open fb node 1
11-19 10:26:53.561 E/qdutils (  256): int qdutils::getHDMINode(): Failed to open fb node 2
11-19 10:26:53.561 E/qdutils (  256): int qdutils::getHDMINode(): Failed to find HDMI node
11-19 10:27:23.258 I/qdhwcomposer(  256): handle_blank_event: dpy:0 panel power state: 0
11-19 10:27:23.258 E/qdutils (  256): int qdutils::getHDMINode(): Failed to open fb node 1
11-19 10:27:23.258 E/qdutils (  256): int qdutils::getHDMINode(): Failed to open fb node 2
11-19 10:27:23.258 E/qdutils (  256): int qdutils::getHDMINode(): Failed to find HDMI node
11-19 10:27:23.261 D/VM_BMS  (  436): wake_lock acquired
11-19 10:27:23.261 D/VM_BMS  (  436): New BMS data - Size=56
11-19 10:27:23.261 D/VM_BMS  (  436): Start process_bms_data
11-19 10:27:23.263 D/VM_BMS  (  436): For batt_temp=284 fcc_mah=2394
11-19 10:27:23.263 D/VM_BMS  (  436): For ocv=3977983 batt_temp=284 soc=68
11-19 10:27:23.263 D/VM_BMS  (  436): fifo_count=0 acc_count=7
11-19 10:27:23.263 D/VM_BMS  (  436): INIT: ocv=3977983 last_ocv=3977983 batt_temp=284 soc=68
11-19 10:27:23.263 D/VM_BMS  (  436): For soc=68 batt_temp=284 slope=7200
11-19 10:27:23.263 D/VM_BMS  (  436): For soc=68 batt_temp=284 rbatt_sf=105
11-19 10:27:23.263 D/VM_BMS  (  436): rbatt_mohm_default=152, rbatt_mohm=159, sf=105 batt_temp=284
11-19 10:27:23.263 D/VM_BMS  (  436): For ocv=3977974 batt_temp=284 soc=68
11-19 10:27:23.263 D/VM_BMS  (  436): FIFO=0 fifo_avg=3.944652 rbatt=0.159000 slope=0.720000 ibatt=0.209601 ocv=3.977974 soc=68 fcc_ah=2.394000 sample_count=7 sample_interval=70 seq_num=36432
11-19 10:27:23.271 V/ActivityThread(12335): Performing receive of Intent { flg=0x14 cmp=com.zdworks.android.zdclock/cn.jpush.android.service.AlarmReceiver (has extras) }: app=com.zdworks.android.zdclock.ZDClockApplication@1610e6af, appName=com.zdworks.android.zdclock, pkg=com.zdworks.android.zdclock, comp={com.zdworks.android.zdclock/cn.jpush.android.service.AlarmReceiver}, dir=/data/app/com.zdworks.android.zdclock-1/base.apk
11-19 10:27:23.271 I/VM_BMS  (  436): power_supply_update: ocv_uv=3977974 ibatt=209601 soc=68 seq_num=36432
11-19 10:27:23.271 D/VM_BMS  (  436): End process_bms_data
11-19 10:27:23.272 D/VM_BMS  (  436): wake_lock released
11-19 10:27:23.396 V/ActivityThread(12335): Performing receive of Intent { act=com.zdworks.android.zdclock.ACTION_TIME_CHANGED cat=[com.zdworks.android.zdclock.CATEGORY] flg=0x10 cmp=com.zdworks.android.zdclock/.provider.NextAlarmWidget }: app=com.zdworks.android.zdclock.ZDClockApplication@1610e6af, appName=com.zdworks.android.zdclock, pkg=com.zdworks.android.zdclock, comp={com.zdworks.android.zdclock/com.zdworks.android.zdclock.provider.NextAlarmWidget}, dir=/data/app/com.zdworks.android.zdclock-1/base.apk
11-19 10:27:23.402 V/ActivityThread(12335): Performing receive of Intent { act=com.zdworks.android.zdclock.ACTION_TIME_CHANGED cat=[com.zdworks.android.zdclock.CATEGORY] flg=0x10 cmp=com.zdworks.android.zdclock/.provider.TodayListWidget }: app=com.zdworks.android.zdclock.ZDClockApplication@1610e6af, appName=com.zdworks.android.zdclock, pkg=com.zdworks.android.zdclock, comp={com.zdworks.android.zdclock/com.zdworks.android.zdclock.provider.TodayListWidget}, dir=/data/app/com.zdworks.android.zdclock-1/base.apk
11-19 10:27:45.256 I/qdhwcomposer(  256): handle_blank_event: dpy:0 panel power state: 0
11-19 10:27:45.256 E/qdutils (  256): int qdutils::getHDMINode(): Failed to open fb node 1
11-19 10:27:45.256 E/qdutils (  256): int qdutils::getHDMINode(): Failed to open fb node 2
11-19 10:27:45.256 E/qdutils (  256): int qdutils::getHDMINode(): Failed to find HDMI node
11-19 10:27:45.257 D/VM_BMS  (  436): wake_lock acquired
11-19 10:27:45.257 D/VM_BMS  (  436): New BMS data - Size=56
11-19 10:27:45.257 D/VM_BMS  (  436): Start process_bms_data
11-19 10:27:45.261 D/VM_BMS  (  436): For batt_temp=281 fcc_mah=2394
11-19 10:27:45.261 D/VM_BMS  (  436): For ocv=3977974 batt_temp=281 soc=68
11-19 10:27:45.261 D/VM_BMS  (  436): fifo_count=0 acc_count=7
11-19 10:27:45.261 D/VM_BMS  (  436): INIT: ocv=3977974 last_ocv=3977974 batt_temp=281 soc=68
11-19 10:27:45.261 D/VM_BMS  (  436): For soc=68 batt_temp=281 slope=7200
11-19 10:27:45.261 D/VM_BMS  (  436): For soc=68 batt_temp=281 rbatt_sf=106
11-19 10:27:45.261 D/VM_BMS  (  436): rbatt_mohm_default=152, rbatt_mohm=161, sf=106 batt_temp=281
11-19 10:27:45.261 D/VM_BMS  (  436): For ocv=3977966 batt_temp=281 soc=68
11-19 10:27:45.261 D/VM_BMS  (  436): FIFO=0 fifo_avg=3.947596 rbatt=0.161000 slope=0.720000 ibatt=0.188658 ocv=3.977966 soc=68 fcc_ah=2.394000 sample_count=7 sample_interval=70 seq_num=36433
11-19 10:27:45.263 D/liaocanzhong(20408): --mMaxTime=100---
11-19 10:27:45.263 D/liaocanzhong(20408): --count=4---
11-19 10:27:45.276 I/VM_BMS  (  436): power_supply_update: ocv_uv=3977966 ibatt=188658 soc=68 seq_num=36433
11-19 10:27:45.276 D/VM_BMS  (  436): End process_bms_data
11-19 10:27:45.276 D/VM_BMS  (  436): wake_lock released
11-19 10:27:45.335 D/liaocanzhong(20408): --onStartCommand-1447900065335---
11-19 10:30:45.295 I/qdhwcomposer(  256): handle_blank_event: dpy:0 panel power state: 0
11-19 10:30:45.296 E/qdutils (  256): int qdutils::getHDMINode(): Failed to open fb node 1
11-19 10:30:45.296 E/qdutils (  256): int qdutils::getHDMINode(): Failed to open fb node 2
11-19 10:30:45.296 E/qdutils (  256): int qdutils::getHDMINode(): Failed to find HDMI node
11-19 10:30:45.297 D/VM_BMS  (  436): wake_lock acquired
11-19 10:30:45.297 D/VM_BMS  (  436): New BMS data - Size=56
11-19 10:30:45.297 D/VM_BMS  (  436): Start process_bms_data
11-19 10:30:45.304 D/liaocanzhong(20408): --mMaxTime=100---
11-19 10:30:45.304 D/liaocanzhong(20408): --count=5---
11-19 10:30:45.313 D/VM_BMS  (  436): For batt_temp=273 fcc_mah=2394
11-19 10:30:45.313 D/VM_BMS  (  436): OCV changed! old_ocv=3977966 new_ocv=3957181 seq_num=36434
11-19 10:30:45.313 D/VM_BMS  (  436): For ocv=3957181 batt_temp=273 soc=65
11-19 10:30:45.313 D/VM_BMS  (  436): fifo_count=0 acc_count=0
11-19 10:30:45.313 D/VM_BMS  (  436): INIT: ocv=3957181 last_ocv=3977966 batt_temp=273 soc=65
11-19 10:30:45.314 I/VM_BMS  (  436): power_supply_update: ocv_uv=3957181 ibatt=0 soc=65 seq_num=36434
11-19 10:30:45.314 D/VM_BMS  (  436): End process_bms_data
11-19 10:30:45.314 D/VM_BMS  (  436): wake_lock released
11-19 10:30:45.315 V/ActivityThread( 7524): Performing receive of Intent { act=com.android.deskclock.ON_QUARTER_HOUR flg=0x14 cmp=com.android.deskclock/com.android.alarmclock.DigitalAppWidgetProvider (has extras) }: app=android.app.Application@1610e6af, appName=com.android.deskclock, pkg=com.android.deskclock, comp={com.android.deskclock/com.android.alarmclock.DigitalAppWidgetProvider}, dir=/system/app/DeskClock/DeskClock.apk
11-19 10:30:45.370 D/liaocanzhong(20408): --onStartCommand-1447900245370---
11-19 10:30:45.370 D/liaocanzhong(20408): ---StartFragment--mCurrent-64---
11-19 10:30:45.376 D/liaocanzhong(20408): ---HeartService--mCurrent-67---
11-19 10:30:45.376 D/liaocanzhong(20408): ---StartFragment--mCurrent-64---
11-19 10:30:45.377 D/liaocanzhong(20408): ---HeartService--mCurrent-64---
11-19 10:30:45.464 V/ActivityThread(12335): Performing receive of Intent { act=com.zdworks.android.zdclock.ACTION_TIME_CHANGED cat=[com.zdworks.android.zdclock.CATEGORY] flg=0x10 cmp=com.zdworks.android.zdclock/.provider.NextAlarmWidget }: app=com.zdworks.android.zdclock.ZDClockApplication@1610e6af, appName=com.zdworks.android.zdclock, pkg=com.zdworks.android.zdclock, comp={com.zdworks.android.zdclock/com.zdworks.android.zdclock.provider.NextAlarmWidget}, dir=/data/app/com.zdworks.android.zdclock-1/base.apk
11-19 10:30:45.471 V/ActivityThread(12335): Performing receive of Intent { act=com.zdworks.android.zdclock.ACTION_TIME_CHANGED cat=[com.zdworks.android.zdclock.CATEGORY] flg=0x10 cmp=com.zdworks.android.zdclock/.provider.TodayListWidget }: app=com.zdworks.android.zdclock.ZDClockApplication@1610e6af, appName=com.zdworks.android.zdclock, pkg=com.zdworks.android.zdclock, comp={com.zdworks.android.zdclock/com.zdworks.android.zdclock.provider.TodayListWidget}, dir=/data/app/com.zdworks.android.zdclock-1/base.apk
11-19 10:32:24.299 I/qdhwcomposer(  256): handle_blank_event: dpy:0 panel power state: 0
11-19 10:32:24.299 E/qdutils (  256): int qdutils::getHDMINode(): Failed to open fb node 1
11-19 10:32:24.299 E/qdutils (  256): int qdutils::getHDMINode(): Failed to open fb node 2
11-19 10:32:24.299 E/qdutils (  256): int qdutils::getHDMINode(): Failed to find HDMI node
11-19 10:32:24.300 D/VM_BMS  (  436): wake_lock acquired
11-19 10:32:24.300 D/VM_BMS  (  436): New BMS data - Size=56
11-19 10:32:24.300 D/VM_BMS  (  436): Start process_bms_data
11-19 10:32:24.307 D/VM_BMS  (  436): For batt_temp=270 fcc_mah=2395
11-19 10:32:24.307 D/VM_BMS  (  436): OCV changed! old_ocv=3957181 new_ocv=3957244 seq_num=36435
11-19 10:32:24.307 D/VM_BMS  (  436): For ocv=3957244 batt_temp=270 soc=65
11-19 10:32:24.307 D/VM_BMS  (  436): fifo_count=0 acc_count=0
11-19 10:32:24.307 D/VM_BMS  (  436): INIT: ocv=3957244 last_ocv=3957181 batt_temp=270 soc=65
11-19 10:32:24.308 I/VM_BMS  (  436): power_supply_update: ocv_uv=3957244 ibatt=0 soc=65 seq_num=36435
11-19 10:32:24.308 D/VM_BMS  (  436): End process_bms_data
11-19 10:32:24.308 D/VM_BMS  (  436): wake_lock released
11-19 10:32:24.309 V/ActivityThread(12335): Performing receive of Intent { flg=0x14 cmp=com.zdworks.android.zdclock/cn.jpush.android.service.AlarmReceiver (has extras) }: app=com.zdworks.android.zdclock.ZDClockApplication@1610e6af, appName=com.zdworks.android.zdclock, pkg=com.zdworks.android.zdclock, comp={com.zdworks.android.zdclock/cn.jpush.android.service.AlarmReceiver}, dir=/data/app/com.zdworks.android.zdclock-1/base.apk
11-19 10:32:24.339 D/liaocanzhong(20408): ---StartFragment--mCurrent-64---
11-19 10:32:24.340 D/liaocanzhong(20408): ---HeartService--mCurrent-64---
11-19 10:32:24.357 D/liaocanzhong(20408): ---StartFragment--mCurrent-64---
11-19 10:32:24.357 D/liaocanzhong(20408): ---HeartService--mCurrent-64---
11-19 10:32:24.433 V/ActivityThread(12335): Performing receive of Intent { act=com.zdworks.android.zdclock.ACTION_TIME_CHANGED cat=[com.zdworks.android.zdclock.CATEGORY] flg=0x10 cmp=com.zdworks.android.zdclock/.provider.NextAlarmWidget }: app=com.zdworks.android.zdclock.ZDClockApplication@1610e6af, appName=com.zdworks.android.zdclock, pkg=com.zdworks.android.zdclock, comp={com.zdworks.android.zdclock/com.zdworks.android.zdclock.provider.NextAlarmWidget}, dir=/data/app/com.zdworks.android.zdclock-1/base.apk
11-19 10:32:24.438 V/ActivityThread(12335): Performing receive of Intent { act=com.zdworks.android.zdclock.ACTION_TIME_CHANGED cat=[com.zdworks.android.zdclock.CATEGORY] flg=0x10 cmp=com.zdworks.android.zdclock/.provider.TodayListWidget }: app=com.zdworks.android.zdclock.ZDClockApplication@1610e6af, appName=com.zdworks.android.zdclock, pkg=com.zdworks.android.zdclock, comp={com.zdworks.android.zdclock/com.zdworks.android.zdclock.provider.TodayListWidget}, dir=/data/app/com.zdworks.android.zdclock-1/base.apk
11-19 10:33:45.284 I/qdhwcomposer(  256): handle_blank_event: dpy:0 panel power state: 0
11-19 10:33:45.285 E/qdutils (  256): int qdutils::getHDMINode(): Failed to open fb node 1
11-19 10:33:45.285 E/qdutils (  256): int qdutils::getHDMINode(): Failed to open fb node 2
11-19 10:33:45.285 E/qdutils (  256): int qdutils::getHDMINode(): Failed to find HDMI node
11-19 10:33:45.286 D/VM_BMS  (  436): wake_lock acquired
11-19 10:33:45.286 D/VM_BMS  (  436): New BMS data - Size=56
11-19 10:33:45.286 D/VM_BMS  (  436): Start process_bms_data
11-19 10:33:45.290 D/liaocanzhong(20408): --mMaxTime=100---
11-19 10:33:45.291 D/liaocanzhong(20408): --count=6---
11-19 10:33:45.298 D/VM_BMS  (  436): For batt_temp=268 fcc_mah=2395
11-19 10:33:45.298 D/VM_BMS  (  436): OCV changed! old_ocv=3957244 new_ocv=3956656 seq_num=36436
11-19 10:33:45.298 D/VM_BMS  (  436): For ocv=3956656 batt_temp=268 soc=65
11-19 10:33:45.298 D/VM_BMS  (  436): fifo_count=0 acc_count=0
11-19 10:33:45.298 D/VM_BMS  (  436): INIT: ocv=3956656 last_ocv=3957244 batt_temp=268 soc=65
11-19 10:33:45.299 I/VM_BMS  (  436): power_supply_update: ocv_uv=3956656 ibatt=0 soc=65 seq_num=36436
11-19 10:33:45.299 D/VM_BMS  (  436): End process_bms_data
11-19 10:33:45.299 D/VM_BMS  (  436): wake_lock released
11-19 10:33:45.356 D/liaocanzhong(20408): --onStartCommand-1447900425356---
11-19 10:33:45.356 D/liaocanzhong(20408): ---StartFragment--mCurrent-64---
11-19 10:33:45.356 D/liaocanzhong(20408): ---HeartService--mCurrent-64---
11-19 10:33:45.356 D/liaocanzhong(20408): ---StartFragment--mCurrent-64---
11-19 10:33:45.357 D/liaocanzhong(20408): ---HeartService--mCurrent-64---
11-19 10:33:45.422 V/ActivityThread(12335): Performing receive of Intent { act=com.zdworks.android.zdclock.ACTION_TIME_CHANGED cat=[com.zdworks.android.zdclock.CATEGORY] flg=0x10 cmp=com.zdworks.android.zdclock/.provider.NextAlarmWidget }: app=com.zdworks.android.zdclock.ZDClockApplication@1610e6af, appName=com.zdworks.android.zdclock, pkg=com.zdworks.android.zdclock, comp={com.zdworks.android.zdclock/com.zdworks.android.zdclock.provider.NextAlarmWidget}, dir=/data/app/com.zdworks.android.zdclock-1/base.apk
11-19 10:33:45.428 V/ActivityThread(12335): Performing receive of Intent { act=com.zdworks.android.zdclock.ACTION_TIME_CHANGED cat=[com.zdworks.android.zdclock.CATEGORY] flg=0x10 cmp=com.zdworks.android.zdclock/.provider.TodayListWidget }: app=com.zdworks.android.zdclock.ZDClockApplication@1610e6af, appName=com.zdworks.android.zdclock, pkg=com.zdworks.android.zdclock, comp={com.zdworks.android.zdclock/com.zdworks.android.zdclock.provider.TodayListWidget}, dir=/data/app/com.zdworks.android.zdclock-1/base.apk
11-19 10:36:45.308 D/VM_BMS  (  436): wake_lock acquired
11-19 10:36:45.308 D/VM_BMS  (  436): New BMS data - Size=56
11-19 10:36:45.309 D/VM_BMS  (  436): Start process_bms_data
11-19 10:36:45.313 I/qdhwcomposer(  256): handle_blank_event: dpy:0 panel power state: 0
11-19 10:36:45.314 E/qdutils (  256): int qdutils::getHDMINode(): Failed to open fb node 1
11-19 10:36:45.314 E/qdutils (  256): int qdutils::getHDMINode(): Failed to open fb node 2
11-19 10:36:45.314 E/qdutils (  256): int qdutils::getHDMINode(): Failed to find HDMI node
11-19 10:36:45.314 D/VM_BMS  (  436): For batt_temp=264 fcc_mah=2395
11-19 10:36:45.314 D/VM_BMS  (  436): OCV changed! old_ocv=3956656 new_ocv=3956005 seq_num=36437
11-19 10:36:45.314 D/VM_BMS  (  436): For ocv=3956005 batt_temp=264 soc=65
11-19 10:36:45.314 D/VM_BMS  (  436): fifo_count=0 acc_count=0
11-19 10:36:45.314 D/VM_BMS  (  436): INIT: ocv=3956005 last_ocv=3956656 batt_temp=264 soc=65
11-19 10:36:45.316 I/VM_BMS  (  436): power_supply_update: ocv_uv=3956005 ibatt=0 soc=65 seq_num=36437
11-19 10:36:45.316 D/VM_BMS  (  436): End process_bms_data
11-19 10:36:45.316 D/VM_BMS  (  436): wake_lock released
11-19 10:36:45.318 D/liaocanzhong(20408): --mMaxTime=100---
11-19 10:36:45.318 D/liaocanzhong(20408): --count=7---
11-19 10:36:45.384 D/liaocanzhong(20408): --onStartCommand-1447900605384---
11-19 10:36:45.385 D/liaocanzhong(20408): ---StartFragment--mCurrent-64---
11-19 10:36:45.385 D/liaocanzhong(20408): ---HeartService--mCurrent-64---
11-19 10:36:45.479 V/ActivityThread(12335): Performing receive of Intent { act=com.zdworks.android.zdclock.ACTION_TIME_CHANGED cat=[com.zdworks.android.zdclock.CATEGORY] flg=0x10 cmp=com.zdworks.android.zdclock/.provider.NextAlarmWidget }: app=com.zdworks.android.zdclock.ZDClockApplication@1610e6af, appName=com.zdworks.android.zdclock, pkg=com.zdworks.android.zdclock, comp={com.zdworks.android.zdclock/com.zdworks.android.zdclock.provider.NextAlarmWidget}, dir=/data/app/com.zdworks.android.zdclock-1/base.apk
11-19 10:36:45.489 V/ActivityThread(12335): Performing receive of Intent { act=com.zdworks.android.zdclock.ACTION_TIME_CHANGED cat=[com.zdworks.android.zdclock.CATEGORY] flg=0x10 cmp=com.zdworks.android.zdclock/.provider.TodayListWidget }: app=com.zdworks.android.zdclock.ZDClockApplication@1610e6af, appName=com.zdworks.android.zdclock, pkg=com.zdworks.android.zdclock, comp={com.zdworks.android.zdclock/com.zdworks.android.zdclock.provider.TodayListWidget}, dir=/data/app/com.zdworks.android.zdclock-1/base.apk
11-19 10:37:25.331 I/qdhwcomposer(  256): handle_blank_event: dpy:0 panel power state: 0
11-19 10:37:25.332 E/qdutils (  256): int qdutils::getHDMINode(): Failed to open fb node 1
11-19 10:37:25.332 E/qdutils (  256): int qdutils::getHDMINode(): Failed to open fb node 2
11-19 10:37:25.332 E/qdutils (  256): int qdutils::getHDMINode(): Failed to find HDMI node
11-19 10:37:25.332 D/VM_BMS  (  436): wake_lock acquired
11-19 10:37:25.332 D/VM_BMS  (  436): New BMS data - Size=56
11-19 10:37:25.332 D/VM_BMS  (  436): Start process_bms_data
11-19 10:37:25.335 D/VM_BMS  (  436): For batt_temp=264 fcc_mah=2395
11-19 10:37:25.335 D/VM_BMS  (  436): For ocv=3956005 batt_temp=264 soc=65
11-19 10:37:25.335 D/VM_BMS  (  436): fifo_count=0 acc_count=7
11-19 10:37:25.335 D/VM_BMS  (  436): INIT: ocv=3956005 last_ocv=3956005 batt_temp=264 soc=65
11-19 10:37:25.335 D/VM_BMS  (  436): For soc=65 batt_temp=264 slope=7200
11-19 10:37:25.335 D/VM_BMS  (  436): For soc=65 batt_temp=264 rbatt_sf=115
11-19 10:37:25.335 D/VM_BMS  (  436): rbatt_mohm_default=152, rbatt_mohm=174, sf=115 batt_temp=264
11-19 10:37:25.335 D/VM_BMS  (  436): For ocv=3956002 batt_temp=264 soc=65
11-19 10:37:25.335 D/VM_BMS  (  436): FIFO=0 fifo_avg=3.946312 rbatt=0.174000 slope=0.720000 ibatt=0.055701 ocv=3.956003 soc=65 fcc_ah=2.395000 sample_count=7 sample_interval=70 seq_num=36438
11-19 10:37:25.337 I/VM_BMS  (  436): power_supply_update: ocv_uv=3956002 ibatt=55701 soc=65 seq_num=36438
11-19 10:37:25.337 D/VM_BMS  (  436): End process_bms_data
11-19 10:37:25.338 D/VM_BMS  (  436): wake_lock released
11-19 10:37:25.351 V/ActivityThread(12335): Performing receive of Intent { flg=0x14 cmp=com.zdworks.android.zdclock/cn.jpush.android.service.AlarmReceiver (has extras) }: app=com.zdworks.android.zdclock.ZDClockApplication@1610e6af, appName=com.zdworks.android.zdclock, pkg=com.zdworks.android.zdclock, comp={com.zdworks.android.zdclock/cn.jpush.android.service.AlarmReceiver}, dir=/data/app/com.zdworks.android.zdclock-1/base.apk
11-19 10:37:25.414 D/liaocanzhong(20408): ---StartFragment--mCurrent-64---
11-19 10:37:25.414 D/liaocanzhong(20408): ---HeartService--mCurrent-64---
11-19 10:37:25.421 D/liaocanzhong(20408): ---StartFragment--mCurrent-64---
11-19 10:37:25.421 D/liaocanzhong(20408): ---HeartService--mCurrent-64---
11-19 10:37:25.520 V/ActivityThread(12335): Performing receive of Intent { act=com.zdworks.android.zdclock.ACTION_TIME_CHANGED cat=[com.zdworks.android.zdclock.CATEGORY] flg=0x10 cmp=com.zdworks.android.zdclock/.provider.NextAlarmWidget }: app=com.zdworks.android.zdclock.ZDClockApplication@1610e6af, appName=com.zdworks.android.zdclock, pkg=com.zdworks.android.zdclock, comp={com.zdworks.android.zdclock/com.zdworks.android.zdclock.provider.NextAlarmWidget}, dir=/data/app/com.zdworks.android.zdclock-1/base.apk
11-19 10:37:25.525 V/ActivityThread(12335): Performing receive of Intent { act=com.zdworks.android.zdclock.ACTION_TIME_CHANGED cat=[com.zdworks.android.zdclock.CATEGORY] flg=0x10 cmp=com.zdworks.android.zdclock/.provider.TodayListWidget }: app=com.zdworks.android.zdclock.ZDClockApplication@1610e6af, appName=com.zdworks.android.zdclock, pkg=com.zdworks.android.zdclock, comp={com.zdworks.android.zdclock/com.zdworks.android.zdclock.provider.TodayListWidget}, dir=/data/app/com.zdworks.android.zdclock-1/base.apk
11-19 10:41:48.290 I/qdhwcomposer(  256): handle_blank_event: dpy:0 panel power state: 0
11-19 10:41:48.290 D/VM_BMS  (  436): wake_lock acquired
11-19 10:41:48.290 D/VM_BMS  (  436): New BMS data - Size=56
11-19 10:41:48.290 E/qdutils (  256): int qdutils::getHDMINode(): Failed to open fb node 1
11-19 10:41:48.290 D/VM_BMS  (  436): Start process_bms_data
11-19 10:41:48.290 E/qdutils (  256): int qdutils::getHDMINode(): Failed to open fb node 2
11-19 10:41:48.290 E/qdutils (  256): int qdutils::getHDMINode(): Failed to find HDMI node
11-19 10:41:48.298 D/liaocanzhong(20408): --mMaxTime=100---
11-19 10:41:48.298 D/liaocanzhong(20408): --count=8---
11-19 10:41:48.300 D/VM_BMS  (  436): For batt_temp=260 fcc_mah=2395
11-19 10:41:48.300 D/VM_BMS  (  436): OCV changed! old_ocv=3956002 new_ocv=3955093 seq_num=36439
11-19 10:41:48.300 D/VM_BMS  (  436): For ocv=3955093 batt_temp=260 soc=65
11-19 10:41:48.300 D/VM_BMS  (  436): fifo_count=0 acc_count=0
11-19 10:41:48.300 D/VM_BMS  (  436): INIT: ocv=3955093 last_ocv=3956002 batt_temp=260 soc=65
11-19 10:41:48.301 I/VM_BMS  (  436): power_supply_update: ocv_uv=3955093 ibatt=0 soc=65 seq_num=36439
11-19 10:41:48.301 D/VM_BMS  (  436): End process_bms_data
11-19 10:41:48.302 D/VM_BMS  (  436): wake_lock released
11-19 10:41:48.309 V/ActivityThread(18218): Creating service com.cyanogenmod.filemanager.providers.secure.SecureCacheCleanupService
11-19 10:41:48.316 I/TrafficBackService( 1039): receiver
11-19 10:41:48.323 E/Vold    (  254): Failed to find mounted volume for /storage/sdcard1/Android/data/com.cyanogenmod.filemanager/cache/
11-19 10:41:48.326 W/ContextImpl(18218): Failed to ensure directory: /storage/sdcard1/Android/data/com.cyanogenmod.filemanager/cache
11-19 10:41:48.351 V/ActivityThread(18218): Destroying service com.cyanogenmod.filemanager.providers.secure.SecureCacheCleanupService@1a2829d8
11-19 10:41:48.383 D/liaocanzhong(20408): --onStartCommand-1447900908383---
11-19 10:41:48.384 D/liaocanzhong(20408): ---StartFragment--mCurrent-64---
11-19 10:41:48.384 D/liaocanzhong(20408): ---HeartService--mCurrent-64---
11-19 10:41:48.426 D/liaocanzhong(20408): ---StartFragment--mCurrent-64---
11-19 10:41:48.426 D/liaocanzhong(20408): ---HeartService--mCurrent-64---
11-19 10:41:48.841 V/ActivityThread( 1039): Performing receive of Intent { act=com.phicomm.security.platform.alarmreceiver flg=0x14 cmp=com.phicomm.security/.platform.AlarmReceiver (has extras) }: app=com.phicomm.security.intercept.FxApplication@450fca7, appName=com.phicomm.security, pkg=com.phicomm.security, comp={com.phicomm.security/com.phicomm.security.platform.AlarmReceiver}, dir=/data/app/com.phicomm.security-2/base.apk
11-19 10:41:48.842 I/AlarmReceiver( 1039): ---AlarmReceiver start SleepClearService
11-19 10:41:48.842 W/ContextImpl( 1039): Calling a method in the system process without a qualified user: android.app.ContextImpl.startService:1699 android.content.ContextWrapper.startService:516 android.content.ContextWrapper.startService:516 com.phicomm.security.platform.AlarmReceiver.onReceive:49 android.app.ActivityThread.handleReceiver:2609 
11-19 10:41:48.856 V/ActivityThread(12335): Performing receive of Intent { act=com.zdworks.android.zdclock.ACTION_TIME_CHANGED cat=[com.zdworks.android.zdclock.CATEGORY] flg=0x10 cmp=com.zdworks.android.zdclock/.provider.NextAlarmWidget }: app=com.zdworks.android.zdclock.ZDClockApplication@1610e6af, appName=com.zdworks.android.zdclock, pkg=com.zdworks.android.zdclock, comp={com.zdworks.android.zdclock/com.zdworks.android.zdclock.provider.NextAlarmWidget}, dir=/data/app/com.zdworks.android.zdclock-1/base.apk
11-19 10:41:48.868 V/ActivityThread( 1039): Creating service com.phicomm.security.platform.SleepClearService
11-19 10:41:48.868 I/SleepClearService( 1039): ---SleepClearService onCreate
11-19 10:41:48.869 V/ActivityThread(12335): Performing receive of Intent { act=com.zdworks.android.zdclock.ACTION_TIME_CHANGED cat=[com.zdworks.android.zdclock.CATEGORY] flg=0x10 cmp=com.zdworks.android.zdclock/.provider.TodayListWidget }: app=com.zdworks.android.zdclock.ZDClockApplication@1610e6af, appName=com.zdworks.android.zdclock, pkg=com.zdworks.android.zdclock, comp={com.zdworks.android.zdclock/com.zdworks.android.zdclock.provider.TodayListWidget}, dir=/data/app/com.zdworks.android.zdclock-1/base.apk
11-19 10:41:48.875 I/AutoRunStatsManager( 1039): android.intent.action.BOOT_COMPLETED/开机后
11-19 10:41:48.876 I/AutoRunStatsManager( 1039): android.appwidget.action.APPWIDGET_UPDATE/APP WIDGET更新时
11-19 10:41:48.876 I/AutoRunStatsManager( 1039): android.intent.action.PRE_BOOT_COMPLETED/开机预启动时
11-19 10:41:48.876 I/AutoRunStatsManager( 1039): android.intent.action.REBOOT/重启时
11-19 10:41:48.877 I/AutoRunStatsManager( 1039): android.intent.action.CLOSE_SYSTEM_DIALOGS/关闭系统对话框时
11-19 10:41:48.878 I/AutoRunStatsManager( 1039): android.intent.action.INPUT_METHOD_CHANGED/改变输入法时
11-19 10:41:48.878 I/AutoRunStatsManager( 1039): android.intent.action.CAMERA_BUTTON/拍照时
11-19 10:41:48.879 I/AutoRunStatsManager( 1039): android.media.RINGER_MODE_CHANGED/静音模式切换时
11-19 10:41:48.879 I/AutoRunStatsManager( 1039): android.intent.action.USER_PRESENT/某个系统用户登录后
11-19 10:41:48.879 I/AutoRunStatsManager( 1039): android.net.conn.CONNECTIVITY_CHANGE/网络更改连接时
11-19 10:41:48.879 I/AutoRunStatsManager( 1039): android.intent.action.ANY_DATA_STATE/开关数据连接时
11-19 10:41:48.880 I/AutoRunStatsManager( 1039): android.net.wifi.WIFI_STATE_CHANGED/WIFI开启状态变化时
11-19 10:41:48.880 I/AutoRunStatsManager( 1039): android.net.wifi.STATE_CHANGE/WIFI连接状态变化时
11-19 10:41:48.880 I/AutoRunStatsManager( 1039): android.intent.action.AIRPLANE_MODE/飞行模式开关时
11-19 10:41:48.881 I/AutoRunStatsManager( 1039): android.intent.action.SYNC/执行数据同步时
11-19 10:41:48.881 I/AutoRunStatsManager( 1039): android.intent.action.SYNC_STATE_CHANGED/同步状态变化时
11-19 10:41:48.881 I/AutoRunStatsManager( 1039): com.android.sync.SYNC_CONN_STATUS_CHANGED/同步连接状态变化时
11-19 10:41:48.882 I/AutoRunStatsManager( 1039): android.intent.action.SCREEN_ON/屏幕开屏时
11-19 10:41:48.882 I/AutoRunStatsManager( 1039): android.intent.action.SCREEN_OFF/屏幕关屏时
11-19 10:41:48.882 I/AutoRunStatsManager( 1039): android.intent.action.MEDIA_BAD_REMOVAL/存储卡被意外移除时
11-19 10:41:48.883 I/AutoRunStatsManager( 1039): android.intent.action.MEDIA_MOUNTED/存储卡存在且被挂载时
11-19 10:41:48.883 I/AutoRunStatsManager( 1039): android.intent.action.MEDIA_UNMOUNTED/存储卡存在但还未被挂载时
