11-19 11:17:33.313 V/ActivityThread(12335): Performing receive of Intent { flg=0x14 cmp=com.zdworks.android.zdclock/cn.jpush.android.service.AlarmReceiver (has extras) }: app=com.zdworks.android.zdclock.ZDClockApplication@1610e6af, appName=com.zdworks.android.zdclock, pkg=com.zdworks.android.zdclock, comp={com.zdworks.android.zdclock/cn.jpush.android.service.AlarmReceiver}, dir=/data/app/com.zdworks.android.zdclock-1/base.apk
11-19 11:17:33.331 V/ActivityThread( 7524): Performing receive of Intent { act=com.android.deskclock.ON_QUARTER_HOUR flg=0x14 cmp=com.android.deskclock/com.android.alarmclock.DigitalAppWidgetProvider (has extras) }: app=android.app.Application@1610e6af, appName=com.android.deskclock, pkg=com.android.deskclock, comp={com.android.deskclock/com.android.alarmclock.DigitalAppWidgetProvider}, dir=/system/app/DeskClock/DeskClock.apk
11-19 11:17:33.443 V/ActivityThread(12335): Performing receive of Intent { act=com.zdworks.android.zdclock.ACTION_TIME_CHANGED cat=[com.zdworks.android.zdclock.CATEGORY] flg=0x10 cmp=com.zdworks.android.zdclock/.provider.NextAlarmWidget }: app=com.zdworks.android.zdclock.ZDClockApplication@1610e6af, appName=com.zdworks.android.zdclock, pkg=com.zdworks.android.zdclock, comp={com.zdworks.android.zdclock/com.zdworks.android.zdclock.provider.NextAlarmWidget}, dir=/data/app/com.zdworks.android.zdclock-1/base.apk
11-19 11:17:33.450 V/ActivityThread(12335): Performing receive of Intent { act=com.zdworks.android.zdclock.ACTION_TIME_CHANGED cat=[com.zdworks.android.zdclock.CATEGORY] flg=0x10 cmp=com.zdworks.android.zdclock/.provider.TodayListWidget }: app=com.zdworks.android.zdclock.ZDClockApplication@1610e6af, appName=com.zdworks.android.zdclock, pkg=com.zdworks.android.zdclock, comp={com.zdworks.android.zdclock/com.zdworks.android.zdclock.provider.TodayListWidget}, dir=/data/app/com.zdworks.android.zdclock-1/base.apk
11-19 11:21:35.303 I/qdhwcomposer(  256): handle_blank_event: dpy:0 panel power state: 0
11-19 11:21:35.304 E/qdutils (  256): int qdutils::getHDMINode(): Failed to open fb node 1
11-19 11:21:35.304 E/qdutils (  256): int qdutils::getHDMINode(): Failed to open fb node 2
11-19 11:21:35.304 E/qdutils (  256): int qdutils::getHDMINode(): Failed to find HDMI node
11-19 11:21:35.305 D/VM_BMS  (  436): wake_lock acquired
11-19 11:21:35.305 D/VM_BMS  (  436): New BMS data - Size=56
11-19 11:21:35.305 D/VM_BMS  (  436): Start process_bms_data
11-19 11:21:35.309 D/VM_BMS  (  436): For batt_temp=274 fcc_mah=2394
11-19 11:21:35.310 D/VM_BMS  (  436): OCV changed! old_ocv=3948367 new_ocv=3947194 seq_num=36454
11-19 11:21:35.310 D/VM_BMS  (  436): For ocv=3947194 batt_temp=274 soc=64
11-19 11:21:35.310 D/VM_BMS  (  436): fifo_count=0 acc_count=0
11-19 11:21:35.310 D/VM_BMS  (  436): INIT: ocv=3947194 last_ocv=3948367 batt_temp=274 soc=64
11-19 11:21:35.311 I/VM_BMS  (  436): power_supply_update: ocv_uv=3947194 ibatt=0 soc=64 seq_num=36454
11-19 11:21:35.311 D/VM_BMS  (  436): End process_bms_data
11-19 11:21:35.311 D/VM_BMS  (  436): wake_lock released
11-19 11:21:35.447 V/ActivityThread(12335): Performing receive of Intent { act=com.zdworks.android.zdclock.ACTION_TIME_CHANGED cat=[com.zdworks.android.zdclock.CATEGORY] flg=0x10 cmp=com.zdworks.android.zdclock/.provider.NextAlarmWidget }: app=com.zdworks.android.zdclock.ZDClockApplication@1610e6af, appName=com.zdworks.android.zdclock, pkg=com.zdworks.android.zdclock, comp={com.zdworks.android.zdclock/com.zdworks.android.zdclock.provider.NextAlarmWidget}, dir=/data/app/com.zdworks.android.zdclock-1/base.apk
11-19 11:21:35.459 V/ActivityThread(12335): Performing receive of Intent { act=com.zdworks.android.zdclock.ACTION_TIME_CHANGED cat=[com.zdworks.android.zdclock.CATEGORY] flg=0x10 cmp=com.zdworks.android.zdclock/.provider.TodayListWidget }: app=com.zdworks.android.zdclock.ZDClockApplication@1610e6af, appName=com.zdworks.android.zdclock, pkg=com.zdworks.android.zdclock, comp={com.zdworks.android.zdclock/com.zdworks.android.zdclock.provider.TodayListWidget}, dir=/data/app/com.zdworks.android.zdclock-1/base.apk
11-19 11:22:34.296 I/qdhwcomposer(  256): handle_blank_event: dpy:0 panel power state: 0
11-19 11:22:34.296 E/qdutils (  256): int qdutils::getHDMINode(): Failed to open fb node 1
11-19 11:22:34.297 E/qdutils (  256): int qdutils::getHDMINode(): Failed to open fb node 2
11-19 11:22:34.297 E/qdutils (  256): int qdutils::getHDMINode(): Failed to find HDMI node
11-19 11:22:34.297 D/VM_BMS  (  436): wake_lock acquired
11-19 11:22:34.297 D/VM_BMS  (  436): New BMS data - Size=56
11-19 11:22:34.297 D/VM_BMS  (  436): Start process_bms_data
11-19 11:22:34.308 D/VM_BMS  (  436): For batt_temp=273 fcc_mah=2394
11-19 11:22:34.310 V/ActivityThread(12335): Performing receive of Intent { flg=0x14 cmp=com.zdworks.android.zdclock/cn.jpush.android.service.AlarmReceiver (has extras) }: app=com.zdworks.android.zdclock.ZDClockApplication@1610e6af, appName=com.zdworks.android.zdclock, pkg=com.zdworks.android.zdclock, comp={com.zdworks.android.zdclock/cn.jpush.android.service.AlarmReceiver}, dir=/data/app/com.zdworks.android.zdclock-1/base.apk
11-19 11:22:34.311 D/VM_BMS  (  436): OCV changed! old_ocv=3947194 new_ocv=3947224 seq_num=36455
11-19 11:22:34.311 D/VM_BMS  (  436): For ocv=3947224 batt_temp=273 soc=64
11-19 11:22:34.311 D/VM_BMS  (  436): fifo_count=0 acc_count=0
11-19 11:22:34.311 D/VM_BMS  (  436): INIT: ocv=3947224 last_ocv=3947194 batt_temp=273 soc=64
11-19 11:22:34.319 I/VM_BMS  (  436): power_supply_update: ocv_uv=3947224 ibatt=0 soc=64 seq_num=36455
11-19 11:22:34.319 D/VM_BMS  (  436): End process_bms_data
11-19 11:22:34.319 D/VM_BMS  (  436): wake_lock released
11-19 11:22:34.434 V/ActivityThread(12335): Performing receive of Intent { act=com.zdworks.android.zdclock.ACTION_TIME_CHANGED cat=[com.zdworks.android.zdclock.CATEGORY] flg=0x10 cmp=com.zdworks.android.zdclock/.provider.NextAlarmWidget }: app=com.zdworks.android.zdclock.ZDClockApplication@1610e6af, appName=com.zdworks.android.zdclock, pkg=com.zdworks.android.zdclock, comp={com.zdworks.android.zdclock/com.zdworks.android.zdclock.provider.NextAlarmWidget}, dir=/data/app/com.zdworks.android.zdclock-1/base.apk
11-19 11:22:34.450 V/ActivityThread(12335): Performing receive of Intent { act=com.zdworks.android.zdclock.ACTION_TIME_CHANGED cat=[com.zdworks.android.zdclock.CATEGORY] flg=0x10 cmp=com.zdworks.android.zdclock/.provider.TodayListWidget }: app=com.zdworks.android.zdclock.ZDClockApplication@1610e6af, appName=com.zdworks.android.zdclock, pkg=com.zdworks.android.zdclock, comp={com.zdworks.android.zdclock/com.zdworks.android.zdclock.provider.TodayListWidget}, dir=/data/app/com.zdworks.android.zdclock-1/base.apk
11-19 11:24:30.561 D/VM_BMS  (  436): wake_lock acquired
11-19 11:24:30.562 D/VM_BMS  (  436): New BMS data - Size=56
11-19 11:24:30.562 D/VM_BMS  (  436): Start process_bms_data
11-19 11:24:30.565 D/VM_BMS  (  436): For batt_temp=272 fcc_mah=2394
11-19 11:24:30.565 D/VM_BMS  (  436): For ocv=3947224 batt_temp=272 soc=64
11-19 11:24:30.565 D/VM_BMS  (  436): fifo_count=0 acc_count=8
11-19 11:24:30.565 D/VM_BMS  (  436): INIT: ocv=3947224 last_ocv=3947224 batt_temp=272 soc=64
11-19 11:24:30.565 D/VM_BMS  (  436): For soc=64 batt_temp=272 slope=7200
11-19 11:24:30.565 D/VM_BMS  (  436): For soc=64 batt_temp=272 rbatt_sf=113
11-19 11:24:30.565 D/VM_BMS  (  436): rbatt_mohm_default=152, rbatt_mohm=171, sf=113 batt_temp=272
11-19 11:24:30.565 D/VM_BMS  (  436): For ocv=3947221 batt_temp=272 soc=64
11-19 11:24:30.565 D/VM_BMS  (  436): FIFO=0 fifo_avg=3.938410 rbatt=0.171000 slope=0.720000 ibatt=0.051536 ocv=3.947222 soc=64 fcc_ah=2.394000 sample_count=8 sample_interval=70 seq_num=36456
11-19 11:24:30.567 I/qdhwcomposer(  256): handle_blank_event: dpy:0 panel power state: 0
11-19 11:24:30.568 E/qdutils (  256): int qdutils::getHDMINode(): Failed to open fb node 1
11-19 11:24:30.568 E/qdutils (  256): int qdutils::getHDMINode(): Failed to open fb node 2
11-19 11:24:30.568 W/ContextImpl(  772): Calling a method in the system process without a qualified user: android.app.ContextImpl.sendBroadcast:1334 com.android.internal.policy.impl.PhoneWindowManager.interceptKeyBeforeQueueing:5207 com.android.server.wm.InputMonitor.interceptKeyBeforeQueueing:370 com.android.server.input.InputManagerService.interceptKeyBeforeQueueing:1476 <bottom of call stack> 
11-19 11:24:30.568 E/qdutils (  256): int qdutils::getHDMINode(): Failed to find HDMI node
11-19 11:24:30.568 I/VM_BMS  (  436): power_supply_update: ocv_uv=3947221 ibatt=51535 soc=64 seq_num=36456
11-19 11:24:30.568 D/VM_BMS  (  436): End process_bms_data
11-19 11:24:30.568 D/VM_BMS  (  436): wake_lock released
11-19 11:24:30.572 I/PowerManagerService(  772): Waking up from sleep (uid 1000)...
11-19 11:24:30.574 V/KeyguardServiceDelegate(  772): onScreenTurnedOn(showListener = com.android.internal.policy.impl.PhoneWindowManager$2@59ada9b)
11-19 11:24:30.577 V/ActivityThread(31872): Performing receive of Intent { act=org.codeaurora.PowerKeyDown.Mute flg=0x10 cmp=com.borqs.videocall/.VTCallReceiver }: app=com.borqs.videocall.VideoCallApp@c9cfe89, appName=com.borqs.videocall, pkg=com.borqs.videocall, comp={com.borqs.videocall/com.borqs.videocall.VTCallReceiver}, dir=/system/vendor/app/VideoCall/VideoCall.apk
11-19 11:24:30.577 D/VTCallReceiver(31872): Receive calling org.codeaurora.PowerKeyDown.Mute
11-19 11:24:30.577 D/VTCallReceiver(31872): received silence ringer intent, to silence the ringer
11-19 11:24:30.577 D/VT/VideoCallApp(31872): HandleMessage : 5017
11-19 11:24:30.577 D/VT/VideoCallApp(31872): App still in idle state, handle message: 5017
11-19 11:24:30.578 D/VT/VideoCallApp(31872): Error Scenario Exit
11-19 11:24:30.578 D/VT/VideoCallApp(31872): closeCallScreen()...
11-19 11:24:30.586 I/DaemonService( 1039): ---screen on, cancel alarm manager
11-19 11:24:30.586 I/DaemonService( 1039): ---pendIntent not null, screen off, cancel alarm manager
11-19 11:24:30.597 I/DisplayPowerController(  772): Blocking screen on until initial contents have been drawn.
11-19 11:24:30.598 I/QCOM PowerHAL(  772): Got set_interactive hint
11-19 11:24:30.601 D/JPush   (12335): [PushService] onDisconnected
11-19 11:24:30.604 D/SurfaceFlinger(  256): Set power mode=2, type=0 flinger=0xb75c15f8
11-19 11:24:30.604 D/qdhwcomposer(  256): hwc_setPowerMode: Setting mode 2 on display: 0
11-19 11:24:30.604 E/qdutils (  256): int qdutils::getHDMINode(): Failed to open fb node 1
11-19 11:24:30.604 E/qdutils (  256): int qdutils::getHDMINode(): Failed to open fb node 2
11-19 11:24:30.604 E/qdutils (  256): int qdutils::getHDMINode(): Failed to find HDMI node
11-19 11:24:30.606 I/DisplayManagerService(  772): Display device changed: DisplayDeviceInfo{"内置屏幕": uniqueId="local:0", 720 x 1280, 60.0 fps, supportedRefreshRates [60.0], density 320, 160.421 x 160.157 dpi, appVsyncOff 0, presDeadline 17666667, touch INTERNAL, rotation 0, type BUILT_IN, state ON, FLAG_DEFAULT_DISPLAY, FLAG_ROTATES_WITH_CONTENT, FLAG_SECURE, FLAG_SUPPORTS_PROTECTED_BUFFERS}
11-19 11:24:30.607 V/ActivityManager(  772): Display changed displayId=0
11-19 11:24:30.646 V/SRS_Proc(  296): ParamSet string: screen_state=on
11-19 11:24:30.646 D/audio_hw_primary(  296): adev_set_parameters: enter: screen_state=on
11-19 11:24:30.646 D/audio_hw_extn(  296): audio_extn_set_anc_parameters: anc_enabled:0
11-19 11:24:30.646 E/audio_a2dp_hw(  296): adev_set_parameters: ERROR: set param called even when stream out is null
11-19 11:24:30.649 E/WifiStateMachine(  772): cancelDelayedScan -> 1563
11-19 11:24:31.038 I/qdhwcomposer(  256): handle_blank_event: dpy:0 panel power state: 1
11-19 11:24:31.038 E/qdutils (  256): int qdutils::getHDMINode(): Failed to open fb node 1
11-19 11:24:31.038 E/qdutils (  256): int qdutils::getHDMINode(): Failed to open fb node 2
11-19 11:24:31.038 E/qdutils (  256): int qdutils::getHDMINode(): Failed to find HDMI node
11-19 11:24:31.187 D/qdhwcomposer(  256): hwc_setPowerMode: Done setting mode 2 on display 0
11-19 11:24:31.188 D/SurfaceControl(  772): Excessive delay in setPowerMode(): 584ms
11-19 11:24:31.189 W/art     (  772): Long monitor contention event with owner method=void com.android.server.wm.WindowAnimator$1.run() from WindowAnimator.java:130 waiters=0 for 489ms
11-19 11:24:31.199 V/KeyguardServiceDelegate(  772): **** SHOWN CALLED ****
11-19 11:24:31.199 I/DisplayPowerController(  772): Unblocked screen on after 602 ms
11-19 11:24:31.214 D/GestureManagerService( 3661): echo 0 to /sys/class/gesture/gesture_ft5x06/pocket
11-19 11:24:31.218 I/SurfaceFlinger(  256): FPS: 1
11-19 11:24:31.218 I/Choreographer( 3295): Skipped 32 frames!  The application may be doing too much work on its main thread.
11-19 11:24:31.227 W/GestureManagerService( 3661): failed to set node: java.io.FileNotFoundException: /sys/class/gesture/gesture_ft5x06/pocket: open failed: ENOENT (No such file or directory)
11-19 11:24:31.251 D/Ulp_jni (  772): JNI:system_update. Event-0
11-19 11:24:31.251 E/LocSvc_libulp(  772): I/===> int ulp_msg_process_system_update(UlpSystemEvent) line 1455 
11-19 11:24:31.251 E/LocSvc_libulp(  772): W/Loc HAL handshake did not happen yet...
11-19 11:24:31.275 D/StatusBar.MSimNetworkController( 3295): getPhoneId phoneId: 0
11-19 11:24:31.276 D/StatusBar.MSimNetworkController( 3295): onDataActivity received on phoneId :0direction=0
11-19 11:24:31.276 D/StatusBar.MSimNetworkController( 3295): updateDataIcon phoneId =0
11-19 11:24:31.281 D/StatusBar.MSimNetworkController( 3295): updateDataIcon dataSub =0
11-19 11:24:31.281 D/StatusBar.MSimNetworkController( 3295): updateDataIcon  when SimState =ABSENT
11-19 11:24:31.281 D/StatusBar.MSimNetworkController( 3295): updateDataIcon when mMSimDataConnected[0] =false mMSimMobileActivityIconId[0] = 0
11-19 11:24:31.281 D/StatusBar.MSimNetworkController( 3295): refreshViews phoneId =0mMSimDataConnected =false
11-19 11:24:31.281 D/StatusBar.MSimNetworkController( 3295): refreshViews mMSimDataActivity =0
11-19 11:24:31.284 D/StatusBar.MSimNetworkController( 3295): refreshViews: Data not connected!! Set no data type icon / Roaming for phoneId: 0
11-19 11:24:31.285 D/StatusBar.MSimNetworkController( 3295): refreshViews connected={ } level=4 mMSimcombinedSignalIconId=0x7f02032a/com.android.systemui:drawable/stat_sys_signal_null mMSimcombinedActivityIconId=0x0 mAirplaneMode=false mMSimDataActivity=0 mMSimPhoneSignalIconId=0x7f02032a/com.android.systemui:drawable/stat_sys_signal_null mMSimDataDirectionIconId=0x0 mMSimDataSignalIconId=0x7f02032a mMSimDataTypeIconId=0x0/(null) mNoMSimIconId=0x7f02008b/com.android.systemui:drawable/ic_qs_no_sim mMSimMobileActivityIconId=0x0/(null) mWifiIconId=0x0 mBluetoothTetherIconId=0x108069b
11-19 11:24:31.289 D/StatusBar.MSimNetworkController( 3295): getPhoneId phoneId: 1
11-19 11:24:31.289 D/StatusBar.MSimNetworkController( 3295): onDataActivity received on phoneId :1direction=0
11-19 11:24:31.289 D/StatusBar.MSimNetworkController( 3295): updateDataIcon phoneId =1
11-19 11:24:31.290 D/StatusBar.MSimNetworkController( 3295): updateDataIcon dataSub =0
11-19 11:24:31.290 D/StatusBar.MSimNetworkController( 3295): updateDataIconi: phoneId1 is not DDS.  Clear the mMSimDataConnected Flag and return
11-19 11:24:31.290 D/StatusBar.MSimNetworkController( 3295): refreshViews phoneId =1mMSimDataConnected =false
11-19 11:24:31.290 D/StatusBar.MSimNetworkController( 3295): refreshViews mMSimDataActivity =0
11-19 11:24:31.292 D/StatusBar.MSimNetworkController( 3295): refreshViews: Data not connected!! Set no data type icon / Roaming for phoneId: 1
11-19 11:24:31.292 D/StatusBar.MSimNetworkController( 3295): refreshViews connected={ } level=0 mMSimcombinedSignalIconId=0x7f02032a/com.android.systemui:drawable/stat_sys_signal_null mMSimcombinedActivityIconId=0x0 mAirplaneMode=false mMSimDataActivity=0 mMSimPhoneSignalIconId=0x7f02032a/com.android.systemui:drawable/stat_sys_signal_null mMSimDataDirectionIconId=0x0 mMSimDataSignalIconId=0x7f02032a mMSimDataTypeIconId=0x0/(null) mNoMSimIconId=0x7f02008b/com.android.systemui:drawable/ic_qs_no_sim mMSimMobileActivityIconId=0x0/(null) mWifiIconId=0x0 mBluetoothTetherIconId=0x108069b
11-19 11:24:31.295 D/StatusBar.MSimNetworkController( 3295): getPhoneId phoneId: 0
11-19 11:24:31.295 D/StatusBar.MSimNetworkController( 3295): onDataActivity received on phoneId :0direction=0
11-19 11:24:31.295 D/StatusBar.MSimNetworkController( 3295): updateDataIcon phoneId =0
11-19 11:24:31.296 D/StatusBar.MSimNetworkController( 3295): updateDataIcon dataSub =0
11-19 11:24:31.297 D/StatusBar.MSimNetworkController( 3295): updateDataIcon  when SimState =ABSENT
11-19 11:24:31.297 D/StatusBar.MSimNetworkController( 3295): updateDataIcon when mMSimDataConnected[0] =false mMSimMobileActivityIconId[0] = 0
11-19 11:24:31.297 D/StatusBar.MSimNetworkController( 3295): refreshViews phoneId =0mMSimDataConnected =false
11-19 11:24:31.297 D/StatusBar.MSimNetworkController( 3295): refreshViews mMSimDataActivity =0
11-19 11:24:31.298 D/StatusBar.MSimNetworkController( 3295): refreshViews: Data not connected!! Set no data type icon / Roaming for phoneId: 0
11-19 11:24:31.298 D/StatusBar.MSimNetworkController( 3295): refreshViews connected={ } level=4 mMSimcombinedSignalIconId=0x7f02032a/com.android.systemui:drawable/stat_sys_signal_null mMSimcombinedActivityIconId=0x0 mAirplaneMode=false mMSimDataActivity=0 mMSimPhoneSignalIconId=0x7f02032a/com.android.systemui:drawable/stat_sys_signal_null mMSimDataDirectionIconId=0x0 mMSimDataSignalIconId=0x7f02032a mMSimDataTypeIconId=0x0/(null) mNoMSimIconId=0x7f02008b/com.android.systemui:drawable/ic_qs_no_sim mMSimMobileActivityIconId=0x0/(null) mWifiIconId=0x0 mBluetoothTetherIconId=0x108069b
11-19 11:24:31.301 D/StatusBar.MSimNetworkController( 3295): getPhoneId phoneId: 1
11-19 11:24:31.301 D/StatusBar.MSimNetworkController( 3295): onDataActivity received on phoneId :1direction=0
11-19 11:24:31.301 D/StatusBar.MSimNetworkController( 3295): updateDataIcon phoneId =1
11-19 11:24:31.303 D/StatusBar.MSimNetworkController( 3295): updateDataIcon dataSub =0
11-19 11:24:31.304 D/StatusBar.MSimNetworkController( 3295): updateDataIconi: phoneId1 is not DDS.  Clear the mMSimDataConnected Flag and return
11-19 11:24:31.304 D/StatusBar.MSimNetworkController( 3295): refreshViews phoneId =1mMSimDataConnected =false
11-19 11:24:31.304 D/StatusBar.MSimNetworkController( 3295): refreshViews mMSimDataActivity =0
11-19 11:24:31.305 D/StatusBar.MSimNetworkController( 3295): refreshViews: Data not connected!! Set no data type icon / Roaming for phoneId: 1
11-19 11:24:31.305 D/StatusBar.MSimNetworkController( 3295): refreshViews connected={ } level=0 mMSimcombinedSignalIconId=0x7f02032a/com.android.systemui:drawable/stat_sys_signal_null mMSimcombinedActivityIconId=0x0 mAirplaneMode=false mMSimDataActivity=0 mMSimPhoneSignalIconId=0x7f02032a/com.android.systemui:drawable/stat_sys_signal_null mMSimDataDirectionIconId=0x0 mMSimDataSignalIconId=0x7f02032a mMSimDataTypeIconId=0x0/(null) mNoMSimIconId=0x7f02008b/com.android.systemui:drawable/ic_qs_no_sim mMSimMobileActivityIconId=0x0/(null) mWifiIconId=0x0 mBluetoothTetherIconId=0x108069b
11-19 11:24:31.308 D/StatusBar.MSimNetworkController( 3295): getPhoneId phoneId: 0
11-19 11:24:31.308 D/StatusBar.MSimNetworkController( 3295): onDataActivity received on phoneId :0direction=0
11-19 11:24:31.308 D/StatusBar.MSimNetworkController( 3295): updateDataIcon phoneId =0
11-19 11:24:31.314 D/StatusBar.MSimNetworkController( 3295): updateDataIcon dataSub =0
11-19 11:24:31.314 D/StatusBar.MSimNetworkController( 3295): updateDataIcon  when SimState =ABSENT
11-19 11:24:31.315 D/StatusBar.MSimNetworkController( 3295): updateDataIcon when mMSimDataConnected[0] =false mMSimMobileActivityIconId[0] = 0
11-19 11:24:31.315 D/StatusBar.MSimNetworkController( 3295): refreshViews phoneId =0mMSimDataConnected =false
11-19 11:24:31.315 D/StatusBar.MSimNetworkController( 3295): refreshViews mMSimDataActivity =0
11-19 11:24:31.319 D/StatusBar.MSimNetworkController( 3295): refreshViews: Data not connected!! Set no data type icon / Roaming for phoneId: 0
11-19 11:24:31.319 D/StatusBar.MSimNetworkController( 3295): refreshViews connected={ } level=4 mMSimcombinedSignalIconId=0x7f02032a/com.android.systemui:drawable/stat_sys_signal_null mMSimcombinedActivityIconId=0x0 mAirplaneMode=false mMSimDataActivity=0 mMSimPhoneSignalIconId=0x7f02032a/com.android.systemui:drawable/stat_sys_signal_null mMSimDataDirectionIconId=0x0 mMSimDataSignalIconId=0x7f02032a mMSimDataTypeIconId=0x0/(null) mNoMSimIconId=0x7f02008b/com.android.systemui:drawable/ic_qs_no_sim mMSimMobileActivityIconId=0x0/(null) mWifiIconId=0x0 mBluetoothTetherIconId=0x108069b
11-19 11:24:31.323 D/StatusBar.MSimNetworkController( 3295): getPhoneId phoneId: 1
11-19 11:24:31.323 D/StatusBar.MSimNetworkController( 3295): onDataActivity received on phoneId :1direction=0
11-19 11:24:31.323 D/StatusBar.MSimNetworkController( 3295): updateDataIcon phoneId =1
11-19 11:24:31.325 D/StatusBar.MSimNetworkController( 3295): updateDataIcon dataSub =0
11-19 11:24:31.325 D/StatusBar.MSimNetworkController( 3295): updateDataIconi: phoneId1 is not DDS.  Clear the mMSimDataConnected Flag and return
11-19 11:24:31.326 D/StatusBar.MSimNetworkController( 3295): refreshViews phoneId =1mMSimDataConnected =false
11-19 11:24:31.326 D/StatusBar.MSimNetworkController( 3295): refreshViews mMSimDataActivity =0
11-19 11:24:31.327 D/StatusBar.MSimNetworkController( 3295): refreshViews: Data not connected!! Set no data type icon / Roaming for phoneId: 1
11-19 11:24:31.327 D/StatusBar.MSimNetworkController( 3295): refreshViews connected={ } level=0 mMSimcombinedSignalIconId=0x7f02032a/com.android.systemui:drawable/stat_sys_signal_null mMSimcombinedActivityIconId=0x0 mAirplaneMode=false mMSimDataActivity=0 mMSimPhoneSignalIconId=0x7f02032a/com.android.systemui:drawable/stat_sys_signal_null mMSimDataDirectionIconId=0x0 mMSimDataSignalIconId=0x7f02032a mMSimDataTypeIconId=0x0/(null) mNoMSimIconId=0x7f02008b/com.android.systemui:drawable/ic_qs_no_sim mMSimMobileActivityIconId=0x0/(null) mWifiIconId=0x0 mBluetoothTetherIconId=0x108069b
11-19 11:24:31.329 D/StatusBar.MSimNetworkController( 3295): getPhoneId phoneId: 0
11-19 11:24:31.329 D/StatusBar.MSimNetworkController( 3295): onDataActivity received on phoneId :0direction=0
11-19 11:24:31.329 D/StatusBar.MSimNetworkController( 3295): updateDataIcon phoneId =0
11-19 11:24:31.330 D/StatusBar.MSimNetworkController( 3295): updateDataIcon dataSub =0
11-19 11:24:31.330 D/StatusBar.MSimNetworkController( 3295): updateDataIcon  when SimState =ABSENT
11-19 11:24:31.330 D/StatusBar.MSimNetworkController( 3295): updateDataIcon when mMSimDataConnected[0] =false mMSimMobileActivityIconId[0] = 0
11-19 11:24:31.330 D/StatusBar.MSimNetworkController( 3295): refreshViews phoneId =0mMSimDataConnected =false
11-19 11:24:31.330 D/StatusBar.MSimNetworkController( 3295): refreshViews mMSimDataActivity =0
11-19 11:24:31.331 D/StatusBar.MSimNetworkController( 3295): refreshViews: Data not connected!! Set no data type icon / Roaming for phoneId: 0
11-19 11:24:31.332 D/StatusBar.MSimNetworkController( 3295): refreshViews connected={ } level=4 mMSimcombinedSignalIconId=0x7f02032a/com.android.systemui:drawable/stat_sys_signal_null mMSimcombinedActivityIconId=0x0 mAirplaneMode=false mMSimDataActivity=0 mMSimPhoneSignalIconId=0x7f02032a/com.android.systemui:drawable/stat_sys_signal_null mMSimDataDirectionIconId=0x0 mMSimDataSignalIconId=0x7f02032a mMSimDataTypeIconId=0x0/(null) mNoMSimIconId=0x7f02008b/com.android.systemui:drawable/ic_qs_no_sim mMSimMobileActivityIconId=0x0/(null) mWifiIconId=0x0 mBluetoothTetherIconId=0x108069b
11-19 11:24:31.334 D/StatusBar.MSimNetworkController( 3295): getPhoneId phoneId: 1
11-19 11:24:31.334 D/StatusBar.MSimNetworkController( 3295): onDataActivity received on phoneId :1direction=0
11-19 11:24:31.335 D/StatusBar.MSimNetworkController( 3295): updateDataIcon phoneId =1
11-19 11:24:31.336 D/StatusBar.MSimNetworkController( 3295): updateDataIcon dataSub =0
11-19 11:24:31.336 D/StatusBar.MSimNetworkController( 3295): updateDataIconi: phoneId1 is not DDS.  Clear the mMSimDataConnected Flag and return
11-19 11:24:31.336 D/StatusBar.MSimNetworkController( 3295): refreshViews phoneId =1mMSimDataConnected =false
11-19 11:24:31.336 D/StatusBar.MSimNetworkController( 3295): refreshViews mMSimDataActivity =0
11-19 11:24:31.337 D/StatusBar.MSimNetworkController( 3295): refreshViews: Data not connected!! Set no data type icon / Roaming for phoneId: 1
11-19 11:24:31.338 D/StatusBar.MSimNetworkController( 3295): refreshViews connected={ } level=0 mMSimcombinedSignalIconId=0x7f02032a/com.android.systemui:drawable/stat_sys_signal_null mMSimcombinedActivityIconId=0x0 mAirplaneMode=false mMSimDataActivity=0 mMSimPhoneSignalIconId=0x7f02032a/com.android.systemui:drawable/stat_sys_signal_null mMSimDataDirectionIconId=0x0 mMSimDataSignalIconId=0x7f02032a mMSimDataTypeIconId=0x0/(null) mNoMSimIconId=0x7f02008b/com.android.systemui:drawable/ic_qs_no_sim mMSimMobileActivityIconId=0x0/(null) mWifiIconId=0x0 mBluetoothTetherIconId=0x108069b
11-19 11:24:31.340 D/StatusBar.MSimNetworkController( 3295): getPhoneId phoneId: 0
11-19 11:24:31.340 D/StatusBar.MSimNetworkController( 3295): onDataActivity received on phoneId :0direction=0
11-19 11:24:31.340 D/StatusBar.MSimNetworkController( 3295): updateDataIcon phoneId =0
11-19 11:24:31.342 D/StatusBar.MSimNetworkController( 3295): updateDataIcon dataSub =0
11-19 11:24:31.342 D/StatusBar.MSimNetworkController( 3295): updateDataIcon  when SimState =ABSENT
11-19 11:24:31.342 D/StatusBar.MSimNetworkController( 3295): updateDataIcon when mMSimDataConnected[0] =false mMSimMobileActivityIconId[0] = 0
11-19 11:24:31.342 D/StatusBar.MSimNetworkController( 3295): refreshViews phoneId =0mMSimDataConnected =false
11-19 11:24:31.342 D/StatusBar.MSimNetworkController( 3295): refreshViews mMSimDataActivity =0
11-19 11:24:31.343 D/StatusBar.MSimNetworkController( 3295): refreshViews: Data not connected!! Set no data type icon / Roaming for phoneId: 0
11-19 11:24:31.343 D/StatusBar.MSimNetworkController( 3295): refreshViews connected={ } level=4 mMSimcombinedSignalIconId=0x7f02032a/com.android.systemui:drawable/stat_sys_signal_null mMSimcombinedActivityIconId=0x0 mAirplaneMode=false mMSimDataActivity=0 mMSimPhoneSignalIconId=0x7f02032a/com.android.systemui:drawable/stat_sys_signal_null mMSimDataDirectionIconId=0x0 mMSimDataSignalIconId=0x7f02032a mMSimDataTypeIconId=0x0/(null) mNoMSimIconId=0x7f02008b/com.android.systemui:drawable/ic_qs_no_sim mMSimMobileActivityIconId=0x0/(null) mWifiIconId=0x0 mBluetoothTetherIconId=0x108069b
11-19 11:24:31.345 D/StatusBar.MSimNetworkController( 3295): getPhoneId phoneId: 1
11-19 11:24:31.345 D/StatusBar.MSimNetworkController( 3295): onDataActivity received on phoneId :1direction=0
11-19 11:24:31.345 D/StatusBar.MSimNetworkController( 3295): updateDataIcon phoneId =1
11-19 11:24:31.346 D/StatusBar.MSimNetworkController( 3295): updateDataIcon dataSub =0
11-19 11:24:31.346 D/StatusBar.MSimNetworkController( 3295): updateDataIconi: phoneId1 is not DDS.  Clear the mMSimDataConnected Flag and return
11-19 11:24:31.346 D/StatusBar.MSimNetworkController( 3295): refreshViews phoneId =1mMSimDataConnected =false
11-19 11:24:31.347 D/StatusBar.MSimNetworkController( 3295): refreshViews mMSimDataActivity =0
11-19 11:24:31.352 D/StatusBar.MSimNetworkController( 3295): refreshViews: Data not connected!! Set no data type icon / Roaming for phoneId: 1
11-19 11:24:31.352 D/StatusBar.MSimNetworkController( 3295): refreshViews connected={ } level=0 mMSimcombinedSignalIconId=0x7f02032a/com.android.systemui:drawable/stat_sys_signal_null mMSimcombinedActivityIconId=0x0 mAirplaneMode=false mMSimDataActivity=0 mMSimPhoneSignalIconId=0x7f02032a/com.android.systemui:drawable/stat_sys_signal_null mMSimDataDirectionIconId=0x0 mMSimDataSignalIconId=0x7f02032a mMSimDataTypeIconId=0x0/(null) mNoMSimIconId=0x7f02008b/com.android.systemui:drawable/ic_qs_no_sim mMSimMobileActivityIconId=0x0/(null) mWifiIconId=0x0 mBluetoothTetherIconId=0x108069b
11-19 11:24:31.354 D/StatusBar.MSimNetworkController( 3295): getPhoneId phoneId: 0
11-19 11:24:31.354 D/StatusBar.MSimNetworkController( 3295): onDataActivity received on phoneId :0direction=0
11-19 11:24:31.354 D/StatusBar.MSimNetworkController( 3295): updateDataIcon phoneId =0
11-19 11:24:31.355 D/StatusBar.MSimNetworkController( 3295): updateDataIcon dataSub =0
11-19 11:24:31.355 D/StatusBar.MSimNetworkController( 3295): updateDataIcon  when SimState =ABSENT
11-19 11:24:31.355 D/StatusBar.MSimNetworkController( 3295): updateDataIcon when mMSimDataConnected[0] =false mMSimMobileActivityIconId[0] = 0
11-19 11:24:31.355 D/StatusBar.MSimNetworkController( 3295): refreshViews phoneId =0mMSimDataConnected =false
11-19 11:24:31.355 D/StatusBar.MSimNetworkController( 3295): refreshViews mMSimDataActivity =0
11-19 11:24:31.357 D/StatusBar.MSimNetworkController( 3295): refreshViews: Data not connected!! Set no data type icon / Roaming for phoneId: 0
11-19 11:24:31.357 D/StatusBar.MSimNetworkController( 3295): refreshViews connected={ } level=4 mMSimcombinedSignalIconId=0x7f02032a/com.android.systemui:drawable/stat_sys_signal_null mMSimcombinedActivityIconId=0x0 mAirplaneMode=false mMSimDataActivity=0 mMSimPhoneSignalIconId=0x7f02032a/com.android.systemui:drawable/stat_sys_signal_null mMSimDataDirectionIconId=0x0 mMSimDataSignalIconId=0x7f02032a mMSimDataTypeIconId=0x0/(null) mNoMSimIconId=0x7f02008b/com.android.systemui:drawable/ic_qs_no_sim mMSimMobileActivityIconId=0x0/(null) mWifiIconId=0x0 mBluetoothTetherIconId=0x108069b
11-19 11:24:31.358 D/StatusBar.MSimNetworkController( 3295): getPhoneId phoneId: 1
11-19 11:24:31.358 D/StatusBar.MSimNetworkController( 3295): onDataActivity received on phoneId :1direction=0
11-19 11:24:31.359 D/StatusBar.MSimNetworkController( 3295): updateDataIcon phoneId =1
11-19 11:24:31.360 D/StatusBar.MSimNetworkController( 3295): updateDataIcon dataSub =0
11-19 11:24:31.360 D/StatusBar.MSimNetworkController( 3295): updateDataIconi: phoneId1 is not DDS.  Clear the mMSimDataConnected Flag and return
11-19 11:24:31.360 D/StatusBar.MSimNetworkController( 3295): refreshViews phoneId =1mMSimDataConnected =false
11-19 11:24:31.360 D/StatusBar.MSimNetworkController( 3295): refreshViews mMSimDataActivity =0
11-19 11:24:31.361 D/StatusBar.MSimNetworkController( 3295): refreshViews: Data not connected!! Set no data type icon / Roaming for phoneId: 1
11-19 11:24:31.362 D/StatusBar.MSimNetworkController( 3295): refreshViews connected={ } level=0 mMSimcombinedSignalIconId=0x7f02032a/com.android.systemui:drawable/stat_sys_signal_null mMSimcombinedActivityIconId=0x0 mAirplaneMode=false mMSimDataActivity=0 mMSimPhoneSignalIconId=0x7f02032a/com.android.systemui:drawable/stat_sys_signal_null mMSimDataDirectionIconId=0x0 mMSimDataSignalIconId=0x7f02032a mMSimDataTypeIconId=0x0/(null) mNoMSimIconId=0x7f02008b/com.android.systemui:drawable/ic_qs_no_sim mMSimMobileActivityIconId=0x0/(null) mWifiIconId=0x0 mBluetoothTetherIconId=0x108069b
11-19 11:24:31.363 D/StatusBar.MSimNetworkController( 3295): getPhoneId phoneId: 0
11-19 11:24:31.363 D/StatusBar.MSimNetworkController( 3295): onDataActivity received on phoneId :0direction=0
11-19 11:24:31.363 D/StatusBar.MSimNetworkController( 3295): updateDataIcon phoneId =0
11-19 11:24:31.365 D/StatusBar.MSimNetworkController( 3295): updateDataIcon dataSub =0
11-19 11:24:31.365 D/StatusBar.MSimNetworkController( 3295): updateDataIcon  when SimState =ABSENT
11-19 11:24:31.365 D/StatusBar.MSimNetworkController( 3295): updateDataIcon when mMSimDataConnected[0] =false mMSimMobileActivityIconId[0] = 0
11-19 11:24:31.365 D/StatusBar.MSimNetworkController( 3295): refreshViews phoneId =0mMSimDataConnected =false
11-19 11:24:31.365 D/StatusBar.MSimNetworkController( 3295): refreshViews mMSimDataActivity =0
11-19 11:24:31.366 D/StatusBar.MSimNetworkController( 3295): refreshViews: Data not connected!! Set no data type icon / Roaming for phoneId: 0
11-19 11:24:31.367 D/StatusBar.MSimNetworkController( 3295): refreshViews connected={ } level=4 mMSimcombinedSignalIconId=0x7f02032a/com.android.systemui:drawable/stat_sys_signal_null mMSimcombinedActivityIconId=0x0 mAirplaneMode=false mMSimDataActivity=0 mMSimPhoneSignalIconId=0x7f02032a/com.android.systemui:drawable/stat_sys_signal_null mMSimDataDirectionIconId=0x0 mMSimDataSignalIconId=0x7f02032a mMSimDataTypeIconId=0x0/(null) mNoMSimIconId=0x7f02008b/com.android.systemui:drawable/ic_qs_no_sim mMSimMobileActivityIconId=0x0/(null) mWifiIconId=0x0 mBluetoothTetherIconId=0x108069b
11-19 11:24:31.369 D/StatusBar.MSimNetworkController( 3295): getPhoneId phoneId: 1
11-19 11:24:31.369 D/StatusBar.MSimNetworkController( 3295): onDataActivity received on phoneId :1direction=0
11-19 11:24:31.369 D/StatusBar.MSimNetworkController( 3295): updateDataIcon phoneId =1
11-19 11:24:31.371 D/StatusBar.MSimNetworkController( 3295): updateDataIcon dataSub =0
11-19 11:24:31.371 D/StatusBar.MSimNetworkController( 3295): updateDataIconi: phoneId1 is not DDS.  Clear the mMSimDataConnected Flag and return
11-19 11:24:31.371 D/StatusBar.MSimNetworkController( 3295): refreshViews phoneId =1mMSimDataConnected =false
11-19 11:24:31.371 D/StatusBar.MSimNetworkController( 3295): refreshViews mMSimDataActivity =0
11-19 11:24:31.373 D/StatusBar.MSimNetworkController( 3295): refreshViews: Data not connected!! Set no data type icon / Roaming for phoneId: 1
11-19 11:24:31.373 D/StatusBar.MSimNetworkController( 3295): refreshViews connected={ } level=0 mMSimcombinedSignalIconId=0x7f02032a/com.android.systemui:drawable/stat_sys_signal_null mMSimcombinedActivityIconId=0x0 mAirplaneMode=false mMSimDataActivity=0 mMSimPhoneSignalIconId=0x7f02032a/com.android.systemui:drawable/stat_sys_signal_null mMSimDataDirectionIconId=0x0 mMSimDataSignalIconId=0x7f02032a mMSimDataTypeIconId=0x0/(null) mNoMSimIconId=0x7f02008b/com.android.systemui:drawable/ic_qs_no_sim mMSimMobileActivityIconId=0x0/(null) mWifiIconId=0x0 mBluetoothTetherIconId=0x108069b
11-19 11:24:31.375 D/StatusBar.MSimNetworkController( 3295): getPhoneId phoneId: 0
11-19 11:24:31.375 D/StatusBar.MSimNetworkController( 3295): onDataActivity received on phoneId :0direction=0
11-19 11:24:31.375 D/StatusBar.MSimNetworkController( 3295): updateDataIcon phoneId =0
11-19 11:24:31.376 D/StatusBar.MSimNetworkController( 3295): updateDataIcon dataSub =0
11-19 11:24:31.376 D/StatusBar.MSimNetworkController( 3295): updateDataIcon  when SimState =ABSENT
11-19 11:24:31.376 D/StatusBar.MSimNetworkController( 3295): updateDataIcon when mMSimDataConnected[0] =false mMSimMobileActivityIconId[0] = 0
11-19 11:24:31.376 D/StatusBar.MSimNetworkController( 3295): refreshViews phoneId =0mMSimDataConnected =false
11-19 11:24:31.376 D/StatusBar.MSimNetworkController( 3295): refreshViews mMSimDataActivity =0
11-19 11:24:31.378 D/StatusBar.MSimNetworkController( 3295): refreshViews: Data not connected!! Set no data type icon / Roaming for phoneId: 0
11-19 11:24:31.378 D/StatusBar.MSimNetworkController( 3295): refreshViews connected={ } level=4 mMSimcombinedSignalIconId=0x7f02032a/com.android.systemui:drawable/stat_sys_signal_null mMSimcombinedActivityIconId=0x0 mAirplaneMode=false mMSimDataActivity=0 mMSimPhoneSignalIconId=0x7f02032a/com.android.systemui:drawable/stat_sys_signal_null mMSimDataDirectionIconId=0x0 mMSimDataSignalIconId=0x7f02032a mMSimDataTypeIconId=0x0/(null) mNoMSimIconId=0x7f02008b/com.android.systemui:drawable/ic_qs_no_sim mMSimMobileActivityIconId=0x0/(null) mWifiIconId=0x0 mBluetoothTetherIconId=0x108069b
11-19 11:24:31.380 D/StatusBar.MSimNetworkController( 3295): getPhoneId phoneId: 1
11-19 11:24:31.380 D/StatusBar.MSimNetworkController( 3295): onDataActivity received on phoneId :1direction=0
11-19 11:24:31.380 D/StatusBar.MSimNetworkController( 3295): updateDataIcon phoneId =1
11-19 11:24:31.381 D/StatusBar.MSimNetworkController( 3295): updateDataIcon dataSub =0
11-19 11:24:31.381 D/StatusBar.MSimNetworkController( 3295): updateDataIconi: phoneId1 is not DDS.  Clear the mMSimDataConnected Flag and return
11-19 11:24:31.381 D/StatusBar.MSimNetworkController( 3295): refreshViews phoneId =1mMSimDataConnected =false
11-19 11:24:31.381 D/StatusBar.MSimNetworkController( 3295): refreshViews mMSimDataActivity =0
11-19 11:24:31.384 D/StatusBar.MSimNetworkController( 3295): refreshViews: Data not connected!! Set no data type icon / Roaming for phoneId: 1
11-19 11:24:31.384 D/StatusBar.MSimNetworkController( 3295): refreshViews connected={ } level=0 mMSimcombinedSignalIconId=0x7f02032a/com.android.systemui:drawable/stat_sys_signal_null mMSimcombinedActivityIconId=0x0 mAirplaneMode=false mMSimDataActivity=0 mMSimPhoneSignalIconId=0x7f02032a/com.android.systemui:drawable/stat_sys_signal_null mMSimDataDirectionIconId=0x0 mMSimDataSignalIconId=0x7f02032a mMSimDataTypeIconId=0x0/(null) mNoMSimIconId=0x7f02008b/com.android.systemui:drawable/ic_qs_no_sim mMSimMobileActivityIconId=0x0/(null) mWifiIconId=0x0 mBluetoothTetherIconId=0x108069b
11-19 11:24:31.542 V/ActivityThread(12335): Performing receive of Intent { act=com.zdworks.android.zdclock.ACTION_TIME_CHANGED cat=[com.zdworks.android.zdclock.CATEGORY] flg=0x10 cmp=com.zdworks.android.zdclock/.provider.NextAlarmWidget }: app=com.zdworks.android.zdclock.ZDClockApplication@1610e6af, appName=com.zdworks.android.zdclock, pkg=com.zdworks.android.zdclock, comp={com.zdworks.android.zdclock/com.zdworks.android.zdclock.provider.NextAlarmWidget}, dir=/data/app/com.zdworks.android.zdclock-1/base.apk
11-19 11:24:31.560 V/ActivityThread(12335): Performing receive of Intent { act=com.zdworks.android.zdclock.ACTION_TIME_CHANGED cat=[com.zdworks.android.zdclock.CATEGORY] flg=0x10 cmp=com.zdworks.android.zdclock/.provider.TodayListWidget }: app=com.zdworks.android.zdclock.ZDClockApplication@1610e6af, appName=com.zdworks.android.zdclock, pkg=com.zdworks.android.zdclock, comp={com.zdworks.android.zdclock/com.zdworks.android.zdclock.provider.TodayListWidget}, dir=/data/app/com.zdworks.android.zdclock-1/base.apk
11-19 11:24:31.876 D/PhoneStatusBar( 3295): disable: < expand ICONS alerts SYSTEM_INFO back HOME RECENT clock SEARCH >
11-19 11:24:31.887 E/AudioPolicyManager(  296): unknown stream type 13
11-19 11:24:31.887 E/AudioPolicyManager(  296): unknown stream type 13
11-19 11:24:31.887 E/AudioPolicyManager(  296): unknown stream type 13
11-19 11:24:31.887 E/AudioPolicyManager(  296): unknown stream type 13
11-19 11:24:31.887 E/AudioPolicyManager(  296): unknown stream type 13
11-19 11:24:31.887 E/AudioPolicyManager(  296): unknown stream type 13
11-19 11:24:31.887 E/AudioPolicyManager(  296): unknown stream type 13
11-19 11:24:31.887 E/AudioPolicyManager(  296): unknown stream type 13
11-19 11:24:31.888 E/AudioPolicyManager(  296): unknown stream type 13
11-19 11:24:31.889 D/audio_hw_primary(  296): out_set_parameters: enter: usecase(1: low-latency-playback) kvpairs: routing=2
11-19 11:24:31.889 E/AudioPolicyManager(  296): unknown stream type 13
11-19 11:24:31.893 D/PhoneStatusBar( 3295): disable: < expand icons* alerts system_info* back HOME RECENT clock SEARCH >
11-19 11:24:31.900 D/BluetoothAdapter( 3295): 547751587: getState() :  mService = null. Returning STATE_OFF
11-19 11:24:31.901 D/BluetoothAdapter( 3295): 547751587: getState() :  mService = null. Returning STATE_OFF
11-19 11:24:31.901 D/audio_hw_primary(  296): start_output_stream: enter: stream(0xb77bf240)usecase(1: low-latency-playback) devices(0x2)
11-19 11:24:31.901 D/audio_hw_primary(  296): select_devices: out_snd_device(2: speaker) in_snd_device(0: )
11-19 11:24:31.901 D/hardware_info(  296): hw_info_append_hw_type : device_name = speaker
11-19 11:24:31.901 I/soundtrigger(  296): audio_extn_sound_trigger_update_device_status: device 0x2 of type 0 for Event 1, with Raise=0
11-19 11:24:31.905 W/audio_hw_utils(  296): audio_extn_utils_update_stream_app_type_cfg: App type could not be selected. Falling back to default
11-19 11:24:31.905 I/audio_hw_primary(  296): select_devices Selected apptype: 69936
11-19 11:24:31.905 D/soundtrigger(  296): audio_extn_sound_trigger_update_stream_status: uc_id 1 of type 0 for Event 3, with Raise=0
11-19 11:24:31.905 D/ACDB-LOADER(  296): ACDB -> send_audio_cal, acdb_id = 14, path =  0
11-19 11:24:31.905 D/ACDB-LOADER(  296): ACDB -> send_asm_topology
11-19 11:24:31.905 D/ACDB-LOADER(  296): ACDB -> ACDB_CMD_GET_AUDPROC_STREAM_TOPOLOGY_ID
11-19 11:24:31.905 D/ACDB-LOADER(  296): ACDB -> send_adm_topology
11-19 11:24:31.905 D/ACDB-LOADER(  296): ACDB -> ACDB_CMD_GET_AUDPROC_COMMON_TOPOLOGY_ID
11-19 11:24:31.905 D/ACDB-LOADER(  296): ACDB -> send_audtable
11-19 11:24:31.905 D/ACDB-LOADER(  296): ACDB -> ACDB_CMD_GET_AUDPROC_COMMON_TABLE
11-19 11:24:31.905 D/ACDB-LOADER(  296): ACDB -> AUDIO_SET_AUDPROC_CAL
11-19 11:24:31.905 D/ACDB-LOADER(  296): ACDB -> send_audvoltable
11-19 11:24:31.905 D/ACDB-LOADER(  296): ACDB -> ACDB_CMD_GET_AUDPROC_GAIN_DEP_STEP_TABLE
11-19 11:24:31.905 D/ACDB-LOADER(  296): ACDB -> AUDIO_SET_AUDPROC_VOL_CAL
11-19 11:24:31.905 D/ACDB-LOADER(  296): ACDB -> send_afe_cal
11-19 11:24:31.905 D/ACDB-LOADER(  296): ACDB -> ACDB_CMD_GET_AFE_COMMON_TABLE
11-19 11:24:31.905 D/ACDB-LOADER(  296): ACDB -> AUDIO_SET_AFE_CAL
11-19 11:24:31.905 D/ACDB-LOADER(  296): ACDB -> send_hw_delay : acdb_id = 14 path = 0
11-19 11:24:31.905 D/ACDB-LOADER(  296): ACDB -> ACDB_AVSYNC_INFO: ACDB_CMD_GET_DEVICE_PROPERTY
11-19 11:24:31.906 I/audio_hw_utils(  296): audio_extn_utils_send_app_type_cfg app_type 69936, acdb_dev_id 14, sample_rate 48000
11-19 11:24:31.906 D/audio_hw_primary(  296): select_devices: done
11-19 11:24:31.918 I/ActivityThread( 3702): ------handleResumeActivity-----1---
11-19 11:24:31.918 V/ActivityThread( 3702): Performing resume of ActivityRecord{2c51b46d token=android.os.BinderProxy@3d1138a2 {com.cyanogenmod.trebuchet/com.android.launcher3.Launcher}} finished=false
11-19 11:24:31.924 V/ActivityThread(12335): Performing receive of Intent { act=android.intent.action.USER_PRESENT flg=0x24000010 cmp=com.zdworks.android.zdclock/cn.jpush.android.service.PushReceiver }: app=com.zdworks.android.zdclock.ZDClockApplication@1610e6af, appName=com.zdworks.android.zdclock, pkg=com.zdworks.android.zdclock, comp={com.zdworks.android.zdclock/cn.jpush.android.service.PushReceiver}, dir=/data/app/com.zdworks.android.zdclock-1/base.apk
11-19 11:24:31.933 D/PhoneStatusBar( 3295): disable: < expand icons alerts system_info back home* recent* clock search* >
11-19 11:24:31.937 V/ActivityThread( 3702): Resume ActivityRecord{2c51b46d token=android.os.BinderProxy@3d1138a2 {com.cyanogenmod.trebuchet/com.android.launcher3.Launcher}} started activity: false, hideForNow: false, finished: false
11-19 11:24:31.938 V/ActivityThread( 3702): Resuming ActivityRecord{2c51b46d token=android.os.BinderProxy@3d1138a2 {com.cyanogenmod.trebuchet/com.android.launcher3.Launcher}} with isForward=true
11-19 11:24:31.938 V/ActivityThread( 3702): Scheduling idle handler for ActivityRecord{2c51b46d token=android.os.BinderProxy@3d1138a2 {com.cyanogenmod.trebuchet/com.android.launcher3.Launcher}}
11-19 11:24:31.941 I/ActivityThread( 3702): ----send activity resumed broadcast----2----
11-19 11:24:31.950 W/InputMethodManagerService(  772): Window already focused, ignoring focus gain of: com.android.internal.view.IInputMethodClient$Stub$Proxy@3d836aef attribute=android.view.inputmethod.EditorInfo@1f6389fc, token = android.os.BinderProxy@3c185e97
11-19 11:24:31.951 V/ActivityThread( 3702): Reporting idle of ActivityRecord{2c51b46d token=android.os.BinderProxy@3d1138a2 {com.cyanogenmod.trebuchet/com.android.launcher3.Launcher}} finished=false
11-19 11:24:31.951 I/Timeline( 3702): Timeline: Activity_idle id: android.os.BinderProxy@3d1138a2 time:1651566748
11-19 11:24:31.952 V/ActivityThread( 1039): Performing receive of Intent { act=com.phicomm.security.activity_resumed flg=0x10 cmp=com.phicomm.security/.privatespace.programlocker.ActivityResumeReceiver (has extras) }: app=com.phicomm.security.intercept.FxApplication@450fca7, appName=com.phicomm.security, pkg=com.phicomm.security, comp={com.phicomm.security/com.phicomm.security.privatespace.programlocker.ActivityResumeReceiver}, dir=/data/app/com.phicomm.security-2/base.apk
11-19 11:24:31.952 I/ResumerActivity( 1039): com.cyanogenmod.trebuchet/com.android.launcher3.Launcher
11-19 11:24:32.190 E/AudioPolicyManager(  296): unknown stream type 13
11-19 11:24:32.190 E/AudioPolicyManager(  296): unknown stream type 13
11-19 11:24:32.190 E/AudioPolicyManager(  296): unknown stream type 13
11-19 11:24:32.190 E/AudioPolicyManager(  296): unknown stream type 13
11-19 11:24:32.190 E/AudioPolicyManager(  296): unknown stream type 13
11-19 11:24:32.190 E/AudioPolicyManager(  296): unknown stream type 13
11-19 11:24:32.190 E/AudioPolicyManager(  296): unknown stream type 13
11-19 11:24:32.190 E/AudioPolicyManager(  296): unknown stream type 13
11-19 11:24:32.190 E/AudioPolicyManager(  296): unknown stream type 13
11-19 11:24:32.190 E/AudioPolicyManager(  296): unknown stream type 13
11-19 11:24:32.190 E/AudioPolicyManager(  296): unknown stream type 13
11-19 11:24:32.190 E/AudioPolicyManager(  296): unknown stream type 13
11-19 11:24:32.190 E/AudioPolicyManager(  296): unknown stream type 13
11-19 11:24:32.190 E/AudioPolicyManager(  296): unknown stream type 13
11-19 11:24:32.190 E/AudioPolicyManager(  296): unknown stream type 13
11-19 11:24:32.190 E/AudioPolicyManager(  296): unknown stream type 13
11-19 11:24:32.190 E/AudioPolicyManager(  296): unknown stream type 13
11-19 11:24:32.234 I/SurfaceFlinger(  256): FPS: 51
11-19 11:24:33.019 W/OpenGLRenderer( 3702): Incorrectly called buildLayer on View: SlidingUpPanelLayout, destroying layer...
11-19 11:24:33.253 I/SurfaceFlinger(  256): FPS: 33
11-19 11:24:33.907 I/Timeline( 3702): Timeline: Activity_launch_request id:com.xiaobin.create.hearttestdemo time:1651568704
11-19 11:24:33.909 I/ActivityManager(  772): START u0 {act=android.intent.action.MAIN cat=[android.intent.category.LAUNCHER] flg=0x10200000 cmp=com.xiaobin.create.hearttestdemo/.HeartMainActivity (has extras)} from uid 10019 on display 0
11-19 11:24:33.918 V/WindowManager(  772): addAppToken: AppWindowToken{11c5c70b token=Token{1e2946da ActivityRecord{2654b885 u0 com.xiaobin.create.hearttestdemo/.HeartMainActivity t2613}}} to stack=1 task=2613 at 0
11-19 11:24:33.925 I/ViewRootImpl(  772): CPU Rendering VSync enable = false
11-19 11:24:33.926 V/WindowManager(  772): Based on layer: Adding window Window{1559d732 u0 Starting com.xiaobin.create.hearttestdemo} at 2 of 6
11-19 11:24:33.963 I/JDWP    (21082): type=1400 audit(0.0:1410): avc: denied { connectto } for path=006A6477702D636F6E74726F6C scontext=u:r:untrusted_app:s0 tcontext=u:r:su:s0 tclass=unix_stream_socket permissive=1
11-19 11:24:33.974 I/art     (21072): Late-enabling -Xcheck:jni
11-19 11:24:33.975 I/ActivityManager(  772): Start proc 21072:com.xiaobin.create.hearttestdemo/u0a194 for activity com.xiaobin.create.hearttestdemo/.HeartMainActivity
11-19 11:24:33.979 V/ActivityThread( 3702): Performing stop of ActivityRecord{2c51b46d token=android.os.BinderProxy@3d1138a2 {com.cyanogenmod.trebuchet/com.android.launcher3.Launcher}}
11-19 11:24:33.980 V/ActivityThread( 3702): Finishing stop of ActivityRecord{2c51b46d token=android.os.BinderProxy@3d1138a2 {com.cyanogenmod.trebuchet/com.android.launcher3.Launcher}}: show=true win=com.android.internal.policy.impl.PhoneWindow@21dde094
11-19 11:24:34.003 V/ActivityThread( 3702): Performing stop of ActivityRecord{2c51b46d token=android.os.BinderProxy@3d1138a2 {com.cyanogenmod.trebuchet/com.android.launcher3.Launcher}}
11-19 11:24:34.019 V/ActivityThread(21072): Loading code package com.xiaobin.create.hearttestdemo (in com.xiaobin.create.hearttestdemo)
11-19 11:24:34.025 V/ActivityThread(21072): Class path: /data/app/com.xiaobin.create.hearttestdemo-2/base.apk, JNI path: /data/app/com.xiaobin.create.hearttestdemo-2/lib/arm
11-19 11:24:34.039 V/ActivityThread(21072): Handling launch of ActivityRecord{1b5c4e8e token=android.os.BinderProxy@1610e6af {com.xiaobin.create.hearttestdemo/com.xiaobin.create.hearttestdemo.HeartMainActivity}}
11-19 11:24:34.048 V/ActivityThread(21072): Performing launch of ActivityRecord{1b5c4e8e token=android.os.BinderProxy@1610e6af {com.xiaobin.create.hearttestdemo/com.xiaobin.create.hearttestdemo.HeartMainActivity}}
11-19 11:24:34.049 V/ActivityThread(21072): ActivityRecord{1b5c4e8e token=android.os.BinderProxy@1610e6af {com.xiaobin.create.hearttestdemo/com.xiaobin.create.hearttestdemo.HeartMainActivity}}: app=android.app.Application@244dfa45, appName=com.xiaobin.create.hearttestdemo, pkg=com.xiaobin.create.hearttestdemo, comp={com.xiaobin.create.hearttestdemo/com.xiaobin.create.hearttestdemo.HeartMainActivity}, dir=/data/app/com.xiaobin.create.hearttestdemo-2/base.apk
11-19 11:24:34.240 I/ActivityThread(21072): ------handleResumeActivity-----1---
11-19 11:24:34.240 V/ActivityThread(21072): Performing resume of ActivityRecord{1b5c4e8e token=android.os.BinderProxy@1610e6af {com.xiaobin.create.hearttestdemo/com.xiaobin.create.hearttestdemo.HeartMainActivity}} finished=false
11-19 11:24:34.240 V/ActivityThread(21072): Resume ActivityRecord{1b5c4e8e token=android.os.BinderProxy@1610e6af {com.xiaobin.create.hearttestdemo/com.xiaobin.create.hearttestdemo.HeartMainActivity}} started activity: false, hideForNow: false, finished: false
11-19 11:24:34.253 I/ViewRootImpl(21072): CPU Rendering VSync enable = false
11-19 11:24:34.256 D/OpenGLRenderer(21072): Use EGL_SWAP_BEHAVIOR_PRESERVED: true
