11-19 11:44:34.189 D/VM_BMS  (  436): FIFO=0 fifo_avg=4.066411 rbatt=0.162000 slope=0.720000 ibatt=-0.569715 ocv=3.974330 soc=68 fcc_ah=2.394000 sample_count=128 sample_interval=70 seq_num=36481
11-19 11:44:34.189 D/VM_BMS  (  436): For soc=68 batt_temp=276 slope=7200
11-19 11:44:34.189 D/VM_BMS  (  436): For soc=68 batt_temp=276 rbatt_sf=107
11-19 11:44:34.189 D/VM_BMS  (  436): rbatt_mohm_default=152, rbatt_mohm=162, sf=107 batt_temp=276
11-19 11:44:34.189 D/VM_BMS  (  436): For ocv=3974769 batt_temp=276 soc=68
11-19 11:44:34.189 D/VM_BMS  (  436): FIFO=1 fifo_avg=4.069661 rbatt=0.162000 slope=0.720000 ibatt=-0.587108 ocv=3.974769 soc=68 fcc_ah=2.394000 sample_count=128 sample_interval=70 seq_num=36481
11-19 11:44:34.189 D/VM_BMS  (  436): For soc=68 batt_temp=276 slope=7200
11-19 11:44:34.189 D/VM_BMS  (  436): For soc=68 batt_temp=276 rbatt_sf=107
11-19 11:44:34.189 D/VM_BMS  (  436): rbatt_mohm_default=152, rbatt_mohm=162, sf=107 batt_temp=276
11-19 11:44:34.189 D/VM_BMS  (  436): For ocv=3975213 batt_temp=276 soc=68
11-19 11:44:34.189 D/VM_BMS  (  436): FIFO=2 fifo_avg=4.071135 rbatt=0.162000 slope=0.720000 ibatt=-0.593480 ocv=3.975213 soc=68 fcc_ah=2.394000 sample_count=128 sample_interval=70 seq_num=36481
11-19 11:44:34.189 D/VM_BMS  (  436): For soc=68 batt_temp=276 slope=7200
11-19 11:44:34.189 D/VM_BMS  (  436): For soc=68 batt_temp=276 rbatt_sf=107
11-19 11:44:34.189 D/VM_BMS  (  436): rbatt_mohm_default=152, rbatt_mohm=162, sf=107 batt_temp=276
11-19 11:44:34.189 D/VM_BMS  (  436): For ocv=3975640 batt_temp=276 soc=68
11-19 11:44:34.189 D/VM_BMS  (  436): FIFO=3 fifo_avg=4.067897 rbatt=0.162000 slope=0.720000 ibatt=-0.570803 ocv=3.975640 soc=68 fcc_ah=2.394000 sample_count=128 sample_interval=70 seq_num=36481
11-19 11:44:34.189 D/VM_BMS  (  436): For soc=68 batt_temp=276 slope=7200
11-19 11:44:34.189 D/VM_BMS  (  436): For soc=68 batt_temp=276 rbatt_sf=107
11-19 11:44:34.189 D/VM_BMS  (  436): rbatt_mohm_default=152, rbatt_mohm=162, sf=107 batt_temp=276
11-19 11:44:34.189 D/VM_BMS  (  436): For ocv=3976079 batt_temp=276 soc=68
11-19 11:44:34.189 D/VM_BMS  (  436): FIFO=4 fifo_avg=4.070841 rbatt=0.162000 slope=0.720000 ibatt=-0.586305 ocv=3.976079 soc=68 fcc_ah=2.394000 sample_count=128 sample_interval=70 seq_num=36481
11-19 11:44:34.190 I/VM_BMS  (  436): power_supply_update: ocv_uv=3976079 ibatt=-586304 soc=68 seq_num=36481
11-19 11:44:34.190 D/VM_BMS  (  436): End process_bms_data
11-19 11:44:34.191 D/VM_BMS  (  436): wake_lock released
11-19 11:45:01.018 V/ActivityThread( 7524): Performing receive of Intent { act=com.android.deskclock.ON_QUARTER_HOUR flg=0x14 cmp=com.android.deskclock/com.android.alarmclock.DigitalAppWidgetProvider (has extras) }: app=android.app.Application@1610e6af, appName=com.android.deskclock, pkg=com.android.deskclock, comp={com.android.deskclock/com.android.alarmclock.DigitalAppWidgetProvider}, dir=/system/app/DeskClock/DeskClock.apk
11-19 11:45:01.024 I/ProcessStatsService(  772): Prepared write state in 6ms
11-19 11:45:01.029 I/ProcessStatsService(  772): Prepared write state in 4ms
11-19 11:45:01.036 I/ProcessStatsService(  772): Prepared write state in 5ms
11-19 11:45:01.136 V/ActivityThread(12335): Performing receive of Intent { act=com.zdworks.android.zdclock.ACTION_TIME_CHANGED cat=[com.zdworks.android.zdclock.CATEGORY] flg=0x10 cmp=com.zdworks.android.zdclock/.provider.NextAlarmWidget }: app=com.zdworks.android.zdclock.ZDClockApplication@1610e6af, appName=com.zdworks.android.zdclock, pkg=com.zdworks.android.zdclock, comp={com.zdworks.android.zdclock/com.zdworks.android.zdclock.provider.NextAlarmWidget}, dir=/data/app/com.zdworks.android.zdclock-1/base.apk
11-19 11:45:01.145 V/ActivityThread(12335): Performing receive of Intent { act=com.zdworks.android.zdclock.ACTION_TIME_CHANGED cat=[com.zdworks.android.zdclock.CATEGORY] flg=0x10 cmp=com.zdworks.android.zdclock/.provider.TodayListWidget }: app=com.zdworks.android.zdclock.ZDClockApplication@1610e6af, appName=com.zdworks.android.zdclock, pkg=com.zdworks.android.zdclock, comp={com.zdworks.android.zdclock/com.zdworks.android.zdclock.provider.TodayListWidget}, dir=/data/app/com.zdworks.android.zdclock-1/base.apk
11-19 11:45:22.324 D/VM_BMS  (  436): wake_lock acquired
11-19 11:45:22.324 D/VM_BMS  (  436): New BMS data - Size=56
11-19 11:45:22.324 D/VM_BMS  (  436): Start process_bms_data
11-19 11:45:22.326 D/VM_BMS  (  436): For batt_temp=276 fcc_mah=2394
11-19 11:45:22.326 D/VM_BMS  (  436): For ocv=3976079 batt_temp=276 soc=68
11-19 11:45:22.326 D/VM_BMS  (  436): fifo_count=5 acc_count=0
11-19 11:45:22.326 D/VM_BMS  (  436): INIT: ocv=3976079 last_ocv=3976079 batt_temp=276 soc=68
11-19 11:45:22.326 D/VM_BMS  (  436): For soc=68 batt_temp=276 slope=7200
11-19 11:45:22.326 D/VM_BMS  (  436): For soc=68 batt_temp=276 rbatt_sf=107
11-19 11:45:22.326 D/VM_BMS  (  436): rbatt_mohm_default=152, rbatt_mohm=162, sf=107 batt_temp=276
11-19 11:45:22.326 D/VM_BMS  (  436): For ocv=3976513 batt_temp=276 soc=68
11-19 11:45:22.326 D/VM_BMS  (  436): FIFO=0 fifo_avg=4.070273 rbatt=0.162000 slope=0.720000 ibatt=-0.580104 ocv=3.976513 soc=68 fcc_ah=2.394000 sample_count=128 sample_interval=70 seq_num=36482
11-19 11:45:22.326 D/VM_BMS  (  436): For soc=68 batt_temp=276 slope=7200
11-19 11:45:22.326 D/VM_BMS  (  436): For soc=68 batt_temp=276 rbatt_sf=107
11-19 11:45:22.326 D/VM_BMS  (  436): rbatt_mohm_default=152, rbatt_mohm=162, sf=107 batt_temp=276
11-19 11:45:22.326 D/VM_BMS  (  436): For ocv=3976949 batt_temp=276 soc=68
11-19 11:45:22.326 D/VM_BMS  (  436): FIFO=1 fifo_avg=4.071175 rbatt=0.162000 slope=0.720000 ibatt=-0.582988 ocv=3.976949 soc=68 fcc_ah=2.394000 sample_count=128 sample_interval=70 seq_num=36482
11-19 11:45:22.326 D/VM_BMS  (  436): For soc=68 batt_temp=276 slope=7200
11-19 11:45:22.327 D/VM_BMS  (  436): For soc=68 batt_temp=276 rbatt_sf=107
11-19 11:45:22.327 D/VM_BMS  (  436): rbatt_mohm_default=152, rbatt_mohm=162, sf=107 batt_temp=276
11-19 11:45:22.327 D/VM_BMS  (  436): For ocv=3977391 batt_temp=276 soc=68
11-19 11:45:22.327 D/VM_BMS  (  436): FIFO=2 fifo_avg=4.072931 rbatt=0.162000 slope=0.720000 ibatt=-0.591115 ocv=3.977391 soc=68 fcc_ah=2.394000 sample_count=128 sample_interval=70 seq_num=36482
11-19 11:45:22.327 D/VM_BMS  (  436): For soc=68 batt_temp=276 slope=7200
11-19 11:45:22.327 D/VM_BMS  (  436): For soc=68 batt_temp=276 rbatt_sf=107
11-19 11:45:22.327 D/VM_BMS  (  436): rbatt_mohm_default=152, rbatt_mohm=162, sf=107 batt_temp=276
11-19 11:45:22.327 D/VM_BMS  (  436): For ocv=3977817 batt_temp=276 soc=68
11-19 11:45:22.327 D/VM_BMS  (  436): FIFO=3 fifo_avg=4.069987 rbatt=0.162000 slope=0.720000 ibatt=-0.570262 ocv=3.977818 soc=68 fcc_ah=2.394000 sample_count=128 sample_interval=70 seq_num=36482
11-19 11:45:22.327 D/VM_BMS  (  436): For soc=68 batt_temp=276 slope=7200
11-19 11:45:22.327 D/VM_BMS  (  436): For soc=68 batt_temp=276 rbatt_sf=107
11-19 11:45:22.327 D/VM_BMS  (  436): rbatt_mohm_default=152, rbatt_mohm=162, sf=107 batt_temp=276
11-19 11:45:22.327 D/VM_BMS  (  436): For ocv=3978259 batt_temp=276 soc=68
11-19 11:45:22.327 D/VM_BMS  (  436): FIFO=4 fifo_avg=4.073825 rbatt=0.162000 slope=0.720000 ibatt=-0.591275 ocv=3.978260 soc=68 fcc_ah=2.394000 sample_count=128 sample_interval=70 seq_num=36482
11-19 11:45:22.329 I/VM_BMS  (  436): power_supply_update: ocv_uv=3978259 ibatt=-591274 soc=68 seq_num=36482
11-19 11:45:22.329 D/VM_BMS  (  436): End process_bms_data
11-19 11:45:22.329 D/VM_BMS  (  436): wake_lock released
11-19 11:46:10.470 D/VM_BMS  (  436): wake_lock acquired
11-19 11:46:10.470 D/VM_BMS  (  436): New BMS data - Size=56
11-19 11:46:10.470 D/VM_BMS  (  436): Start process_bms_data
11-19 11:46:10.471 D/VM_BMS  (  436): For batt_temp=276 fcc_mah=2394
11-19 11:46:10.472 D/VM_BMS  (  436): For ocv=3978259 batt_temp=276 soc=68
11-19 11:46:10.472 D/VM_BMS  (  436): fifo_count=5 acc_count=0
11-19 11:46:10.472 D/VM_BMS  (  436): INIT: ocv=3978259 last_ocv=3978259 batt_temp=276 soc=68
11-19 11:46:10.472 D/VM_BMS  (  436): For soc=68 batt_temp=276 slope=7200
11-19 11:46:10.472 D/VM_BMS  (  436): For soc=68 batt_temp=276 rbatt_sf=107
11-19 11:46:10.472 D/VM_BMS  (  436): rbatt_mohm_default=152, rbatt_mohm=162, sf=107 batt_temp=276
11-19 11:46:10.472 D/VM_BMS  (  436): For ocv=3978687 batt_temp=276 soc=68
11-19 11:46:10.472 D/VM_BMS  (  436): FIFO=0 fifo_avg=4.071247 rbatt=0.162000 slope=0.720000 ibatt=-0.572677 ocv=3.978688 soc=68 fcc_ah=2.394000 sample_count=128 sample_interval=70 seq_num=36483
11-19 11:46:10.472 D/VM_BMS  (  436): For soc=68 batt_temp=276 slope=7200
11-19 11:46:10.472 D/VM_BMS  (  436): For soc=68 batt_temp=276 rbatt_sf=107
11-19 11:46:10.472 D/VM_BMS  (  436): rbatt_mohm_default=152, rbatt_mohm=162, sf=107 batt_temp=276
11-19 11:46:10.472 D/VM_BMS  (  436): For ocv=3979124 batt_temp=276 soc=68
11-19 11:46:10.472 D/VM_BMS  (  436): FIFO=1 fifo_avg=4.073590 rbatt=0.162000 slope=0.720000 ibatt=-0.584469 ocv=3.979125 soc=68 fcc_ah=2.394000 sample_count=128 sample_interval=70 seq_num=36483
11-19 11:46:10.472 D/VM_BMS  (  436): For soc=68 batt_temp=276 slope=7200
11-19 11:46:10.472 D/VM_BMS  (  436): For soc=68 batt_temp=276 rbatt_sf=107
11-19 11:46:10.472 D/VM_BMS  (  436): rbatt_mohm_default=152, rbatt_mohm=162, sf=107 batt_temp=276
11-19 11:46:10.472 D/VM_BMS  (  436): For ocv=3979569 batt_temp=276 soc=68
11-19 11:46:10.472 D/VM_BMS  (  436): FIFO=2 fifo_avg=4.075672 rbatt=0.162000 slope=0.720000 ibatt=-0.594602 ocv=3.979569 soc=68 fcc_ah=2.394000 sample_count=128 sample_interval=70 seq_num=36483
11-19 11:46:10.472 D/VM_BMS  (  436): For soc=68 batt_temp=276 slope=7200
11-19 11:46:10.472 D/VM_BMS  (  436): For soc=68 batt_temp=276 rbatt_sf=107
11-19 11:46:10.472 D/VM_BMS  (  436): rbatt_mohm_default=152, rbatt_mohm=162, sf=107 batt_temp=276
11-19 11:46:10.472 D/VM_BMS  (  436): For ocv=3980014 batt_temp=276 soc=69
11-19 11:46:10.472 D/VM_BMS  (  436): FIFO=3 fifo_avg=4.076240 rbatt=0.162000 slope=0.720000 ibatt=-0.595360 ocv=3.980015 soc=69 fcc_ah=2.394000 sample_count=128 sample_interval=70 seq_num=36483
11-19 11:46:10.472 D/VM_BMS  (  436): For soc=69 batt_temp=276 slope=7200
11-19 11:46:10.473 D/VM_BMS  (  436): For soc=69 batt_temp=276 rbatt_sf=105
11-19 11:46:10.473 D/VM_BMS  (  436): rbatt_mohm_default=152, rbatt_mohm=159, sf=105 batt_temp=276
11-19 11:46:10.473 D/VM_BMS  (  436): For ocv=3980466 batt_temp=276 soc=69
11-19 11:46:10.473 D/VM_BMS  (  436): FIFO=4 fifo_avg=4.076252 rbatt=0.159000 slope=0.720000 ibatt=-0.603848 ocv=3.980466 soc=69 fcc_ah=2.394000 sample_count=128 sample_interval=70 seq_num=36483
11-19 11:46:10.473 I/VM_BMS  (  436): power_supply_update: ocv_uv=3980466 ibatt=-603848 soc=69 seq_num=36483
11-19 11:46:10.473 D/VM_BMS  (  436): End process_bms_data
11-19 11:46:10.473 D/VM_BMS  (  436): wake_lock released
11-19 11:46:58.617 D/VM_BMS  (  436): wake_lock acquired
11-19 11:46:58.617 D/VM_BMS  (  436): New BMS data - Size=56
11-19 11:46:58.617 D/VM_BMS  (  436): Start process_bms_data
11-19 11:46:58.620 D/VM_BMS  (  436): For batt_temp=275 fcc_mah=2394
11-19 11:46:58.621 D/VM_BMS  (  436): For ocv=3980466 batt_temp=275 soc=69
11-19 11:46:58.621 D/VM_BMS  (  436): fifo_count=5 acc_count=0
11-19 11:46:58.621 D/VM_BMS  (  436): INIT: ocv=3980466 last_ocv=3980466 batt_temp=275 soc=69
11-19 11:46:58.621 D/VM_BMS  (  436): For soc=69 batt_temp=275 slope=7200
11-19 11:46:58.621 D/VM_BMS  (  436): For soc=69 batt_temp=275 rbatt_sf=105
11-19 11:46:58.621 D/VM_BMS  (  436): rbatt_mohm_default=152, rbatt_mohm=159, sf=105 batt_temp=275
11-19 11:46:58.621 D/VM_BMS  (  436): For ocv=3980899 batt_temp=275 soc=69
11-19 11:46:58.621 D/VM_BMS  (  436): FIFO=0 fifo_avg=4.072689 rbatt=0.159000 slope=0.720000 ibatt=-0.578658 ocv=3.980899 soc=69 fcc_ah=2.394000 sample_count=128 sample_interval=70 seq_num=36484
11-19 11:46:58.621 D/VM_BMS  (  436): For soc=69 batt_temp=275 slope=7200
11-19 11:46:58.621 D/VM_BMS  (  436): For soc=69 batt_temp=275 rbatt_sf=105
11-19 11:46:58.621 D/VM_BMS  (  436): rbatt_mohm_default=152, rbatt_mohm=159, sf=105 batt_temp=275
11-19 11:46:58.621 D/VM_BMS  (  436): For ocv=3981342 batt_temp=275 soc=69
11-19 11:46:58.621 D/VM_BMS  (  436): FIFO=1 fifo_avg=4.075339 rbatt=0.159000 slope=0.720000 ibatt=-0.592566 ocv=3.981343 soc=69 fcc_ah=2.394000 sample_count=128 sample_interval=70 seq_num=36484
11-19 11:46:58.621 D/VM_BMS  (  436): For soc=69 batt_temp=275 slope=7200
11-19 11:46:58.621 D/VM_BMS  (  436): For soc=69 batt_temp=275 rbatt_sf=105
11-19 11:46:58.621 D/VM_BMS  (  436): rbatt_mohm_default=152, rbatt_mohm=159, sf=105 batt_temp=275
11-19 11:46:58.621 D/VM_BMS  (  436): For ocv=3981793 batt_temp=275 soc=69
11-19 11:46:58.621 D/VM_BMS  (  436): FIFO=2 fifo_avg=4.077406 rbatt=0.159000 slope=0.720000 ibatt=-0.602756 ocv=3.981793 soc=69 fcc_ah=2.394000 sample_count=128 sample_interval=70 seq_num=36484
11-19 11:46:58.621 D/VM_BMS  (  436): For soc=69 batt_temp=275 slope=7200
11-19 11:46:58.621 D/VM_BMS  (  436): For soc=69 batt_temp=275 rbatt_sf=105
11-19 11:46:58.621 D/VM_BMS  (  436): rbatt_mohm_default=152, rbatt_mohm=159, sf=105 batt_temp=275
11-19 11:46:58.621 D/VM_BMS  (  436): For ocv=3982243 batt_temp=275 soc=69
11-19 11:46:58.621 D/VM_BMS  (  436): FIFO=3 fifo_avg=4.077679 rbatt=0.159000 slope=0.720000 ibatt=-0.601642 ocv=3.982243 soc=69 fcc_ah=2.394000 sample_count=128 sample_interval=70 seq_num=36484
11-19 11:46:58.621 D/VM_BMS  (  436): For soc=69 batt_temp=275 slope=7200
11-19 11:46:58.621 D/VM_BMS  (  436): For soc=69 batt_temp=275 rbatt_sf=105
11-19 11:46:58.621 D/VM_BMS  (  436): rbatt_mohm_default=152, rbatt_mohm=159, sf=105 batt_temp=275
11-19 11:46:58.621 D/VM_BMS  (  436): For ocv=3982692 batt_temp=275 soc=69
11-19 11:46:58.621 D/VM_BMS  (  436): FIFO=4 fifo_avg=4.077977 rbatt=0.159000 slope=0.720000 ibatt=-0.600687 ocv=3.982693 soc=69 fcc_ah=2.394000 sample_count=128 sample_interval=70 seq_num=36484
11-19 11:46:58.622 I/VM_BMS  (  436): power_supply_update: ocv_uv=3982692 ibatt=-600687 soc=69 seq_num=36484
11-19 11:46:58.622 D/VM_BMS  (  436): End process_bms_data
11-19 11:46:58.623 D/VM_BMS  (  436): wake_lock released
11-19 11:47:34.356 V/ActivityThread(12335): Performing receive of Intent { flg=0x14 cmp=com.zdworks.android.zdclock/cn.jpush.android.service.AlarmReceiver (has extras) }: app=com.zdworks.android.zdclock.ZDClockApplication@1610e6af, appName=com.zdworks.android.zdclock, pkg=com.zdworks.android.zdclock, comp={com.zdworks.android.zdclock/cn.jpush.android.service.AlarmReceiver}, dir=/data/app/com.zdworks.android.zdclock-1/base.apk
11-19 11:47:34.480 V/ActivityThread(12335): Performing receive of Intent { act=com.zdworks.android.zdclock.ACTION_TIME_CHANGED cat=[com.zdworks.android.zdclock.CATEGORY] flg=0x10 cmp=com.zdworks.android.zdclock/.provider.NextAlarmWidget }: app=com.zdworks.android.zdclock.ZDClockApplication@1610e6af, appName=com.zdworks.android.zdclock, pkg=com.zdworks.android.zdclock, comp={com.zdworks.android.zdclock/com.zdworks.android.zdclock.provider.NextAlarmWidget}, dir=/data/app/com.zdworks.android.zdclock-1/base.apk
11-19 11:47:34.493 V/ActivityThread(12335): Performing receive of Intent { act=com.zdworks.android.zdclock.ACTION_TIME_CHANGED cat=[com.zdworks.android.zdclock.CATEGORY] flg=0x10 cmp=com.zdworks.android.zdclock/.provider.TodayListWidget }: app=com.zdworks.android.zdclock.ZDClockApplication@1610e6af, appName=com.zdworks.android.zdclock, pkg=com.zdworks.android.zdclock, comp={com.zdworks.android.zdclock/com.zdworks.android.zdclock.provider.TodayListWidget}, dir=/data/app/com.zdworks.android.zdclock-1/base.apk
11-19 11:47:46.757 D/VM_BMS  (  436): wake_lock acquired
11-19 11:47:46.757 D/VM_BMS  (  436): New BMS data - Size=56
11-19 11:47:46.757 D/VM_BMS  (  436): Start process_bms_data
11-19 11:47:46.761 D/VM_BMS  (  436): For batt_temp=275 fcc_mah=2394
11-19 11:47:46.761 D/VM_BMS  (  436): For ocv=3982692 batt_temp=275 soc=69
11-19 11:47:46.761 D/VM_BMS  (  436): fifo_count=5 acc_count=0
11-19 11:47:46.761 D/VM_BMS  (  436): INIT: ocv=3982692 last_ocv=3982692 batt_temp=275 soc=69
11-19 11:47:46.761 D/VM_BMS  (  436): For soc=69 batt_temp=275 slope=7200
11-19 11:47:46.761 D/VM_BMS  (  436): For soc=69 batt_temp=275 rbatt_sf=105
11-19 11:47:46.761 D/VM_BMS  (  436): rbatt_mohm_default=152, rbatt_mohm=159, sf=105 batt_temp=275
11-19 11:47:46.761 D/VM_BMS  (  436): For ocv=3983119 batt_temp=275 soc=69
11-19 11:47:46.761 D/VM_BMS  (  436): FIFO=0 fifo_avg=4.073663 rbatt=0.159000 slope=0.720000 ibatt=-0.570803 ocv=3.983119 soc=69 fcc_ah=2.394000 sample_count=128 sample_interval=70 seq_num=36485
11-19 11:47:46.761 D/VM_BMS  (  436): For soc=69 batt_temp=275 slope=7200
11-19 11:47:46.762 D/VM_BMS  (  436): For soc=69 batt_temp=275 rbatt_sf=105
11-19 11:47:46.762 D/VM_BMS  (  436): rbatt_mohm_default=152, rbatt_mohm=159, sf=105 batt_temp=275
11-19 11:47:46.762 D/VM_BMS  (  436): For ocv=3983558 batt_temp=275 soc=69
11-19 11:47:46.762 D/VM_BMS  (  436): FIFO=1 fifo_avg=4.076616 rbatt=0.159000 slope=0.720000 ibatt=-0.586649 ocv=3.983558 soc=69 fcc_ah=2.394000 sample_count=128 sample_interval=70 seq_num=36485
11-19 11:47:46.762 D/VM_BMS  (  436): For soc=69 batt_temp=275 slope=7200
11-19 11:47:46.762 D/VM_BMS  (  436): For soc=69 batt_temp=275 rbatt_sf=105
11-19 11:47:46.762 D/VM_BMS  (  436): rbatt_mohm_default=152, rbatt_mohm=159, sf=105 batt_temp=275
11-19 11:47:46.762 D/VM_BMS  (  436): For ocv=3984001 batt_temp=275 soc=69
11-19 11:47:46.762 D/VM_BMS  (  436): FIFO=2 fifo_avg=4.078089 rbatt=0.159000 slope=0.720000 ibatt=-0.593140 ocv=3.984002 soc=69 fcc_ah=2.394000 sample_count=128 sample_interval=70 seq_num=36485
11-19 11:47:46.762 D/VM_BMS  (  436): For soc=69 batt_temp=275 slope=7200
11-19 11:47:46.762 D/VM_BMS  (  436): For soc=69 batt_temp=275 rbatt_sf=105
11-19 11:47:46.762 D/VM_BMS  (  436): rbatt_mohm_default=152, rbatt_mohm=159, sf=105 batt_temp=275
11-19 11:47:46.762 D/VM_BMS  (  436): For ocv=3984437 batt_temp=275 soc=69
11-19 11:47:46.762 D/VM_BMS  (  436): FIFO=3 fifo_avg=4.076910 rbatt=0.159000 slope=0.720000 ibatt=-0.582962 ocv=3.984437 soc=69 fcc_ah=2.394000 sample_count=128 sample_interval=70 seq_num=36485
11-19 11:47:46.762 D/VM_BMS  (  436): For soc=69 batt_temp=275 slope=7200
11-19 11:47:46.762 D/VM_BMS  (  436): For soc=69 batt_temp=275 rbatt_sf=105
11-19 11:47:46.762 D/VM_BMS  (  436): rbatt_mohm_default=152, rbatt_mohm=159, sf=105 batt_temp=275
11-19 11:47:46.762 D/VM_BMS  (  436): For ocv=3984865 batt_temp=275 soc=69
11-19 11:47:46.762 D/VM_BMS  (  436): FIFO=4 fifo_avg=4.075733 rbatt=0.159000 slope=0.720000 ibatt=-0.572842 ocv=3.984866 soc=69 fcc_ah=2.394000 sample_count=128 sample_interval=70 seq_num=36485
11-19 11:47:46.763 I/VM_BMS  (  436): power_supply_update: ocv_uv=3984865 ibatt=-572841 soc=69 seq_num=36485
11-19 11:47:46.763 D/VM_BMS  (  436): End process_bms_data
11-19 11:47:46.763 D/VM_BMS  (  436): wake_lock released
11-19 11:47:52.405 D/JPush   (12335): [PushService] onDisconnected
11-19 11:48:34.898 D/VM_BMS  (  436): wake_lock acquired
11-19 11:48:34.898 D/VM_BMS  (  436): New BMS data - Size=56
11-19 11:48:34.898 D/VM_BMS  (  436): Start process_bms_data
11-19 11:48:34.903 D/VM_BMS  (  436): For batt_temp=275 fcc_mah=2394
11-19 11:48:34.903 D/VM_BMS  (  436): For ocv=3984865 batt_temp=275 soc=69
11-19 11:48:34.903 D/VM_BMS  (  436): fifo_count=5 acc_count=0
11-19 11:48:34.903 D/VM_BMS  (  436): INIT: ocv=3984865 last_ocv=3984865 batt_temp=275 soc=69
11-19 11:48:34.903 D/VM_BMS  (  436): For soc=69 batt_temp=275 slope=7200
11-19 11:48:34.903 D/VM_BMS  (  436): For soc=69 batt_temp=275 rbatt_sf=105
11-19 11:48:34.903 D/VM_BMS  (  436): rbatt_mohm_default=152, rbatt_mohm=159, sf=105 batt_temp=275
11-19 11:48:34.904 D/VM_BMS  (  436): For ocv=3985294 batt_temp=275 soc=69
11-19 11:48:34.904 D/VM_BMS  (  436): FIFO=0 fifo_avg=4.076257 rbatt=0.159000 slope=0.720000 ibatt=-0.573444 ocv=3.985294 soc=69 fcc_ah=2.394000 sample_count=128 sample_interval=70 seq_num=36486
11-19 11:48:34.904 D/VM_BMS  (  436): For soc=69 batt_temp=275 slope=7200
11-19 11:48:34.904 D/VM_BMS  (  436): For soc=69 batt_temp=275 rbatt_sf=105
11-19 11:48:34.904 D/VM_BMS  (  436): rbatt_mohm_default=152, rbatt_mohm=159, sf=105 batt_temp=275
11-19 11:48:34.904 D/VM_BMS  (  436): For ocv=3985736 batt_temp=275 soc=69
11-19 11:48:34.904 D/VM_BMS  (  436): FIFO=1 fifo_avg=4.079510 rbatt=0.159000 slope=0.720000 ibatt=-0.591163 ocv=3.985737 soc=69 fcc_ah=2.394000 sample_count=128 sample_interval=70 seq_num=36486
11-19 11:48:34.904 D/VM_BMS  (  436): For soc=69 batt_temp=275 slope=7200
11-19 11:48:34.904 D/VM_BMS  (  436): For soc=69 batt_temp=275 rbatt_sf=105
11-19 11:48:34.904 D/VM_BMS  (  436): rbatt_mohm_default=152, rbatt_mohm=159, sf=105 batt_temp=275
11-19 11:48:34.904 D/VM_BMS  (  436): For ocv=3986184 batt_temp=275 soc=69
11-19 11:48:34.904 D/VM_BMS  (  436): FIFO=2 fifo_avg=4.081265 rbatt=0.159000 slope=0.720000 ibatt=-0.599401 ocv=3.986185 soc=69 fcc_ah=2.394000 sample_count=128 sample_interval=70 seq_num=36486
11-19 11:48:34.904 D/VM_BMS  (  436): For soc=69 batt_temp=275 slope=7200
11-19 11:48:34.904 D/VM_BMS  (  436): For soc=69 batt_temp=275 rbatt_sf=105
11-19 11:48:34.904 D/VM_BMS  (  436): rbatt_mohm_default=152, rbatt_mohm=159, sf=105 batt_temp=275
11-19 11:48:34.904 D/VM_BMS  (  436): For ocv=3986633 batt_temp=275 soc=69
11-19 11:48:34.904 D/VM_BMS  (  436): FIFO=3 fifo_avg=4.081874 rbatt=0.159000 slope=0.720000 ibatt=-0.600411 ocv=3.986633 soc=69 fcc_ah=2.394000 sample_count=128 sample_interval=70 seq_num=36486
11-19 11:48:34.904 D/VM_BMS  (  436): For soc=69 batt_temp=275 slope=7200
11-19 11:48:34.904 D/VM_BMS  (  436): For soc=69 batt_temp=275 rbatt_sf=105
11-19 11:48:34.904 D/VM_BMS  (  436): rbatt_mohm_default=152, rbatt_mohm=159, sf=105 batt_temp=275
11-19 11:48:34.904 D/VM_BMS  (  436): For ocv=3987081 batt_temp=275 soc=70
11-19 11:48:34.904 D/VM_BMS  (  436): FIFO=4 fifo_avg=4.082160 rbatt=0.159000 slope=0.720000 ibatt=-0.599387 ocv=3.987082 soc=70 fcc_ah=2.394000 sample_count=128 sample_interval=70 seq_num=36486
11-19 11:48:34.905 I/VM_BMS  (  436): power_supply_update: ocv_uv=3987081 ibatt=-599387 soc=70 seq_num=36486
11-19 11:48:34.905 D/VM_BMS  (  436): End process_bms_data
11-19 11:48:34.905 D/VM_BMS  (  436): wake_lock released
11-19 11:49:23.045 D/VM_BMS  (  436): wake_lock acquired
11-19 11:49:23.045 D/VM_BMS  (  436): New BMS data - Size=56
11-19 11:49:23.045 D/VM_BMS  (  436): Start process_bms_data
11-19 11:49:23.047 D/VM_BMS  (  436): For batt_temp=275 fcc_mah=2394
11-19 11:49:23.047 D/VM_BMS  (  436): For ocv=3987081 batt_temp=275 soc=70
11-19 11:49:23.047 D/VM_BMS  (  436): fifo_count=5 acc_count=0
11-19 11:49:23.047 D/VM_BMS  (  436): INIT: ocv=3987081 last_ocv=3987081 batt_temp=275 soc=70
11-19 11:49:23.047 D/VM_BMS  (  436): For soc=70 batt_temp=275 slope=12000
11-19 11:49:23.047 D/VM_BMS  (  436): For soc=70 batt_temp=275 rbatt_sf=104
11-19 11:49:23.047 D/VM_BMS  (  436): rbatt_mohm_default=152, rbatt_mohm=158, sf=104 batt_temp=275
11-19 11:49:23.047 D/VM_BMS  (  436): For ocv=3987794 batt_temp=275 soc=70
11-19 11:49:23.047 D/VM_BMS  (  436): FIFO=0 fifo_avg=4.077712 rbatt=0.158000 slope=1.200000 ibatt=-0.571358 ocv=3.987794 soc=70 fcc_ah=2.394000 sample_count=128 sample_interval=70 seq_num=36487
11-19 11:49:23.047 D/VM_BMS  (  436): For soc=70 batt_temp=275 slope=12000
11-19 11:49:23.047 D/VM_BMS  (  436): For soc=70 batt_temp=275 rbatt_sf=104
11-19 11:49:23.047 D/VM_BMS  (  436): rbatt_mohm_default=152, rbatt_mohm=158, sf=104 batt_temp=275
11-19 11:49:23.047 D/VM_BMS  (  436): For ocv=3988526 batt_temp=275 soc=70
11-19 11:49:23.047 D/VM_BMS  (  436): FIFO=1 fifo_avg=4.080941 rbatt=0.158000 slope=1.200000 ibatt=-0.587221 ocv=3.988527 soc=70 fcc_ah=2.394000 sample_count=128 sample_interval=70 seq_num=36487
11-19 11:49:23.047 D/VM_BMS  (  436): For soc=70 batt_temp=275 slope=12000
11-19 11:49:23.048 D/VM_BMS  (  436): For soc=70 batt_temp=275 rbatt_sf=104
11-19 11:49:23.048 D/VM_BMS  (  436): rbatt_mohm_default=152, rbatt_mohm=158, sf=104 batt_temp=275
11-19 11:49:23.048 D/VM_BMS  (  436): For ocv=3989267 batt_temp=275 soc=70
11-19 11:49:23.048 D/VM_BMS  (  436): FIFO=2 fifo_avg=4.082728 rbatt=0.158000 slope=1.200000 ibatt=-0.593869 ocv=3.989267 soc=70 fcc_ah=2.394000 sample_count=128 sample_interval=70 seq_num=36487
11-19 11:49:23.048 D/VM_BMS  (  436): For soc=70 batt_temp=275 slope=12000
11-19 11:49:23.048 D/VM_BMS  (  436): For soc=70 batt_temp=275 rbatt_sf=104
11-19 11:49:23.048 D/VM_BMS  (  436): rbatt_mohm_default=152, rbatt_mohm=158, sf=104 batt_temp=275
11-19 11:49:23.048 D/VM_BMS  (  436): For ocv=3990004 batt_temp=275 soc=70
11-19 11:49:23.048 D/VM_BMS  (  436): FIFO=3 fifo_avg=4.083011 rbatt=0.158000 slope=1.200000 ibatt=-0.590984 ocv=3.990004 soc=70 fcc_ah=2.394000 sample_count=128 sample_interval=70 seq_num=36487
11-19 11:49:23.048 D/VM_BMS  (  436): For soc=70 batt_temp=275 slope=12000
11-19 11:49:23.048 D/VM_BMS  (  436): For soc=70 batt_temp=275 rbatt_sf=104
11-19 11:49:23.048 D/VM_BMS  (  436): rbatt_mohm_default=152, rbatt_mohm=158, sf=104 batt_temp=275
11-19 11:49:23.048 D/VM_BMS  (  436): For ocv=3990740 batt_temp=275 soc=70
11-19 11:49:23.048 D/VM_BMS  (  436): FIFO=4 fifo_avg=4.083582 rbatt=0.158000 slope=1.200000 ibatt=-0.589936 ocv=3.990740 soc=70 fcc_ah=2.394000 sample_count=128 sample_interval=70 seq_num=36487
11-19 11:49:23.050 I/VM_BMS  (  436): power_supply_update: ocv_uv=3990740 ibatt=-589935 soc=70 seq_num=36487
11-19 11:49:23.050 D/VM_BMS  (  436): End process_bms_data
11-19 11:49:23.050 D/VM_BMS  (  436): wake_lock released
11-19 11:50:01.610 V/ActivityThread( 1039): Performing receive of Intent { act=com.phicomm.security.platform.alarmreceiver flg=0x14 cmp=com.phicomm.security/.platform.AlarmReceiver (has extras) }: app=com.phicomm.security.intercept.FxApplication@450fca7, appName=com.phicomm.security, pkg=com.phicomm.security, comp={com.phicomm.security/com.phicomm.security.platform.AlarmReceiver}, dir=/data/app/com.phicomm.security-2/base.apk
11-19 11:50:01.610 I/AlarmReceiver( 1039): ---AlarmReceiver start SleepClearService
11-19 11:50:01.611 W/ContextImpl( 1039): Calling a method in the system process without a qualified user: android.app.ContextImpl.startService:1699 android.content.ContextWrapper.startService:516 android.content.ContextWrapper.startService:516 com.phicomm.security.platform.AlarmReceiver.onReceive:49 android.app.ActivityThread.handleReceiver:2609 
11-19 11:50:01.623 V/ActivityThread( 1039): Creating service com.phicomm.security.platform.SleepClearService
11-19 11:50:01.624 I/SleepClearService( 1039): ---SleepClearService onCreate
11-19 11:50:01.626 I/AutoRunStatsManager( 1039): android.intent.action.BOOT_COMPLETED/开机后
11-19 11:50:01.626 I/AutoRunStatsManager( 1039): android.appwidget.action.APPWIDGET_UPDATE/APP WIDGET更新时
11-19 11:50:01.626 I/AutoRunStatsManager( 1039): android.intent.action.PRE_BOOT_COMPLETED/开机预启动时
11-19 11:50:01.627 I/AutoRunStatsManager( 1039): android.intent.action.REBOOT/重启时
11-19 11:50:01.627 I/AutoRunStatsManager( 1039): android.intent.action.CLOSE_SYSTEM_DIALOGS/关闭系统对话框时
11-19 11:50:01.627 I/AutoRunStatsManager( 1039): android.intent.action.INPUT_METHOD_CHANGED/改变输入法时
11-19 11:50:01.628 I/AutoRunStatsManager( 1039): android.intent.action.CAMERA_BUTTON/拍照时
11-19 11:50:01.628 I/AutoRunStatsManager( 1039): android.media.RINGER_MODE_CHANGED/静音模式切换时
11-19 11:50:01.628 I/AutoRunStatsManager( 1039): android.intent.action.USER_PRESENT/某个系统用户登录后
11-19 11:50:01.629 I/AutoRunStatsManager( 1039): android.net.conn.CONNECTIVITY_CHANGE/网络更改连接时
11-19 11:50:01.629 I/AutoRunStatsManager( 1039): android.intent.action.ANY_DATA_STATE/开关数据连接时
11-19 11:50:01.629 I/AutoRunStatsManager( 1039): android.net.wifi.WIFI_STATE_CHANGED/WIFI开启状态变化时
11-19 11:50:01.630 I/AutoRunStatsManager( 1039): android.net.wifi.STATE_CHANGE/WIFI连接状态变化时
11-19 11:50:01.630 I/AutoRunStatsManager( 1039): android.intent.action.AIRPLANE_MODE/飞行模式开关时
11-19 11:50:01.630 I/AutoRunStatsManager( 1039): android.intent.action.SYNC/执行数据同步时
11-19 11:50:01.631 I/AutoRunStatsManager( 1039): android.intent.action.SYNC_STATE_CHANGED/同步状态变化时
11-19 11:50:01.631 I/AutoRunStatsManager( 1039): com.android.sync.SYNC_CONN_STATUS_CHANGED/同步连接状态变化时
11-19 11:50:01.631 I/AutoRunStatsManager( 1039): android.intent.action.SCREEN_ON/屏幕开屏时
11-19 11:50:01.632 I/AutoRunStatsManager( 1039): android.intent.action.SCREEN_OFF/屏幕关屏时
11-19 11:50:01.632 I/AutoRunStatsManager( 1039): android.intent.action.MEDIA_BAD_REMOVAL/存储卡被意外移除时
11-19 11:50:01.642 I/AutoRunStatsManager( 1039): android.intent.action.MEDIA_MOUNTED/存储卡存在且被挂载时
11-19 11:50:01.643 I/AutoRunStatsManager( 1039): android.intent.action.MEDIA_UNMOUNTED/存储卡存在但还未被挂载时
11-19 11:50:01.643 I/AutoRunStatsManager( 1039): android.intent.action.MEDIA_CHECKING/扫描存储卡时
11-19 11:50:01.643 I/AutoRunStatsManager( 1039): android.intent.action.MEDIA_REMOVED/存储卡被移除时
11-19 11:50:01.644 I/AutoRunStatsManager( 1039): android.intent.action.MEDIA_EJECT/弹出存储卡时
11-19 11:50:01.644 I/AutoRunStatsManager( 1039): android.intent.action.MEDIA_SCANNER_STARTED/媒体扫描开始时
11-19 11:50:01.645 I/AutoRunStatsManager( 1039): android.intent.action.MEDIA_SCANNER_FINISHED/媒体文件扫描完成时
11-19 11:50:01.645 I/AutoRunStatsManager( 1039): android.intent.action.MEDIA_SHARED/媒体共享时
11-19 11:50:01.645 I/AutoRunStatsManager( 1039): android.intent.action.PACKAGE_ADDED/安装新应用程序时
11-19 11:50:01.646 I/AutoRunStatsManager( 1039): android.intent.action.PACKAGE_CHANGED/更改安装包后
11-19 11:50:01.646 I/AutoRunStatsManager( 1039): android.intent.action.PACKAGE_REMOVED/卸载应用程序时
11-19 11:50:01.646 I/AutoRunStatsManager( 1039): android.intent.action.PACKAGE_INSTALL/安装应用程序时
11-19 11:50:01.647 I/AutoRunStatsManager( 1039): android.intent.action.PACKAGE_REPLACED/应用程序替换安装时
11-19 11:50:01.647 I/AutoRunStatsManager( 1039): android.intent.action.PACKAGE_RESTARTED/应用程序重启时
11-19 11:50:01.647 I/AutoRunStatsManager( 1039): android.intent.action.PACKAGE_DATA_CLEARED/清空应用程序数据时
11-19 11:50:01.648 I/AutoRunStatsManager( 1039): android.intent.action.PACKAGE_FULLY_REMOVED/完全删除应用时
11-19 11:50:01.648 I/AutoRunStatsManager( 1039): android.intent.action.PACKAGE_FIRST_LAUNCH/应用首次被启动时
11-19 11:50:01.648 I/AutoRunStatsManager( 1039): android.intent.action.MY_PACKAGE_REPLACED/当前程序被替换时
11-19 11:50:01.648 I/AutoRunStatsManager( 1039): android.intent.action.UNINSTALL_PACKAGE/卸载应用程序时
11-19 11:50:01.649 I/AutoRunStatsManager( 1039): android.intent.action.CONFIGURATION_CHANGED/设备设置发生变化时
11-19 11:50:01.649 I/AutoRunStatsManager( 1039): android.intent.action.DATE_CHANGED/日期变化时
11-19 11:50:01.649 I/AutoRunStatsManager( 1039): android.intent.action.TIMEZONE_CHANGED/更改时区时
11-19 11:50:01.650 I/AutoRunStatsManager( 1039): android.intent.action.TIME_SET/设置时间时
11-19 11:50:01.650 I/AutoRunStatsManager( 1039): android.intent.action.LOCALE_CHANGED/语言环境变化时
11-19 11:50:01.650 I/AutoRunStatsManager( 1039): android.intent.action.BATTERY_CHANGED/电量发生变化时
11-19 11:50:01.650 I/AutoRunStatsManager( 1039): android.intent.action.BATTERY_LOW/电量低时
11-19 11:50:01.651 I/AutoRunStatsManager( 1039): android.intent.action.BATTERY_OKAY/电量恢复到充足时
11-19 11:50:01.651 I/AutoRunStatsManager( 1039): android.intent.action.ACTION_POWER_CONNECTED/连接外部电源时
11-19 11:50:01.651 I/AutoRunStatsManager( 1039): android.intent.action.ACTION_POWER_DISCONNECTED/断开外部电源时
11-19 11:50:01.651 I/AutoRunStatsManager( 1039): android.app.action.DEVICE_ADMIN_ENABLED/设备管理启用时
11-19 11:50:01.652 I/AutoRunStatsManager( 1039): android.app.action.DEVICE_ADMIN_DISABLED/设备管理禁用时
11-19 11:50:01.652 I/AutoRunStatsManager( 1039): android.app.action.DEVICE_ADMIN_DISABLE_REQUESTED/设备管理请求禁用时
11-19 11:50:01.653 I/AutoRunStatsManager( 1039): android.app.action.ACTION_PASSWORD_CHANGED/密码变更后
11-19 11:50:01.653 I/AutoRunStatsManager( 1039): android.app.action.ACTION_PASSWORD_EXPIRING/密码过期时
11-19 11:50:01.653 I/AutoRunStatsManager( 1039): android.app.action.ACTION_PASSWORD_FAILED/密码验证失败时
11-19 11:50:01.653 I/AutoRunStatsManager( 1039): android.app.action.ACTION_PASSWORD_SUCCEEDED/密码验证成功
11-19 11:50:01.654 I/AutoRunStatsManager( 1039): android.bluetooth.adapter.action.STATE_CHANGED/更改蓝牙适配器状态时
11-19 11:50:01.654 I/AutoRunStatsManager( 1039): android.bluetooth.adapter.action.CONNECTION_STATE_CHANGED/蓝夜连接状态改变时
11-19 11:50:01.654 I/AutoRunStatsManager( 1039): android.bluetooth.adapter.action.DISCOVERY_STARTED/蓝牙扫描开始时
11-19 11:50:01.655 I/AutoRunStatsManager( 1039): android.bluetooth.adapter.action.DISCOVERY_FINISHED/蓝牙扫描结束时
11-19 11:50:01.655 I/AutoRunStatsManager( 1039): android.bluetooth.adapter.action.LOCAL_NAME_CHANGED/蓝牙设备名称改变时
11-19 11:50:01.655 I/AutoRunStatsManager( 1039): android.bluetooth.adapter.action.SCAN_MODE_CHANGED/蓝牙扫描状态改变时
11-19 11:50:01.655 I/AutoRunStatsManager( 1039): android.bluetooth.device.action.ACL_CONNECTED/蓝牙ACL连接时
11-19 11:50:01.656 I/AutoRunStatsManager( 1039): android.bluetooth.device.action.ACL_DISCONNECTED/蓝牙ACL断开连接时
11-19 11:50:01.656 I/AutoRunStatsManager( 1039): android.bluetooth.device.action.ACL_DISCONNECT_REQUESTED/为远程蓝牙设备提出断开ACL连接时
11-19 11:50:01.656 I/AutoRunStatsManager( 1039): android.bluetooth.device.action.BOND_STATE_CHANGED/远程蓝牙设备状态发生改变时
11-19 11:50:01.657 I/AutoRunStatsManager( 1039): android.bluetooth.device.action.FOUND/发现远程蓝牙设备时
11-19 11:50:01.657 I/AutoRunStatsManager( 1039): android.bluetooth.device.action.NAME_CHANGED/远程蓝牙设备昵称改变时
11-19 11:50:01.657 I/AutoRunStatsManager( 1039): android.bluetooth.device.action.CLASS_CHANGED/远程蓝牙设备蓝牙类改变时
11-19 11:50:01.658 I/AutoRunStatsManager( 1039): android.media.SCO_AUDIO_STATE_CHANGED/蓝牙SOC音频连接状态变化时
11-19 11:50:01.658 I/AutoRunStatsManager( 1039): android.intent.action.ACTION_SHUTDOWN/设备正在关闭时
11-19 11:50:01.658 I/AutoRunStatsManager( 1039): android.intent.action.WALLPAPER_CHANGED/设备墙纸更改时
11-19 11:50:01.658 I/AutoRunStatsManager( 1039): android.intent.action.DEVICE_STORAGE_LOW/设备内存不足时
11-19 11:50:01.659 I/AutoRunStatsManager( 1039): android.intent.action.DEVICE_STORAGE_OK/设备内存充足时
11-19 11:50:01.659 I/AutoRunStatsManager( 1039): android.provider.Telephony.SIM_FULL/SIM卡存储满时
11-19 11:50:01.659 I/AutoRunStatsManager( 1039): android.intent.action.GTALK_CONNECTED/GTALK建立连接时
11-19 11:50:01.659 I/AutoRunStatsManager( 1039): android.intent.action.GTALK_DISCONNECTED/GTALK断开连接时
11-19 11:50:01.660 I/AutoRunStatsManager( 1039): android.intent.action.UMS_CONNECTED/设备进入USB大容量存储模式时
11-19 11:50:01.660 I/AutoRunStatsManager( 1039): android.intent.action.UMS_DISCONNECTED/设备从USB大容量存储模式退出时
11-19 11:50:01.660 I/AutoRunStatsManager( 1039): android.intent.action.XMPP_CONNECTED/XMPP建立连接时
11-19 11:50:01.661 I/AutoRunStatsManager( 1039): android.intent.action.XMPP_DI/XMPP断开连接时
11-19 11:50:01.661 I/AutoRunStatsManager( 1039): android.provider.Telephony.WAP_PUSH_RECEIVED/收到WAPPUSH时
11-19 11:50:01.661 I/AutoRunStatsManager( 1039): android.provider.Telephony.WAP_PUSH_DELIVER/发送WAPPUSH时
11-19 11:50:01.661 I/AutoRunStatsManager( 1039): android.intent.action.PHONE_STATE/通话状态变化时
11-19 11:50:01.662 I/AutoRunStatsManager( 1039): android.intent.action.HEADSET_PLUG/插入耳机时
11-19 11:50:01.662 I/AutoRunStatsManager( 1039): android.intent.action.SIG_STR/电话信号强度变化时
11-19 11:50:01.662 I/AutoRunStatsManager( 1039): android.intent.action.NEW_OUTGOING_CALL/新电话呼出时
11-19 11:50:01.663 I/AutoRunStatsManager( 1039): android.provider.Telephony.SMS_REJECTED/拒绝短信时
11-19 11:50:01.663 I/AutoRunStatsManager( 1039): android.provider.Telephony.SMS_RECEIVED/收到短信时
11-19 11:50:01.663 I/AutoRunStatsManager( 1039): android.provider.Telephony.GSM_SMS_RECEIVED/收到短信时2
11-19 11:50:01.664 I/AutoRunStatsManager( 1039): android.intent.action.SEND/发送短信时
11-19 11:50:01.664 I/AutoRunStatsManager( 1039): android.intent.action.SENDTO/选择发送短信时
11-19 11:50:01.665 I/AutoRunStatsManager( 1039): android.intent.action.DOWNLOAD_COMPLETE/下载完成时
11-19 11:50:01.665 I/AutoRunStatsManager( 1039): android.intent.action.DOWNLOAD_NOTIFICATION_CLICKED/下载完成后点击时
11-19 11:50:01.734 V/ActivityThread(12335): Performing receive of Intent { act=com.zdworks.android.zdclock.ACTION_TIME_CHANGED cat=[com.zdworks.android.zdclock.CATEGORY] flg=0x10 cmp=com.zdworks.android.zdclock/.provider.NextAlarmWidget }: app=com.zdworks.android.zdclock.ZDClockApplication@1610e6af, appName=com.zdworks.android.zdclock, pkg=com.zdworks.android.zdclock, comp={com.zdworks.android.zdclock/com.zdworks.android.zdclock.provider.NextAlarmWidget}, dir=/data/app/com.zdworks.android.zdclock-1/base.apk
11-19 11:50:01.740 V/ActivityThread(12335): Performing receive of Intent { act=com.zdworks.android.zdclock.ACTION_TIME_CHANGED cat=[com.zdworks.android.zdclock.CATEGORY] flg=0x10 cmp=com.zdworks.android.zdclock/.provider.TodayListWidget }: app=com.zdworks.android.zdclock.ZDClockApplication@1610e6af, appName=com.zdworks.android.zdclock, pkg=com.zdworks.android.zdclock, comp={com.zdworks.android.zdclock/com.zdworks.android.zdclock.provider.TodayListWidget}, dir=/data/app/com.zdworks.android.zdclock-1/base.apk
11-19 11:50:01.800 I/AutoRunStatsManager( 1039): ---com.igexin.sdk.PushService uid size=2
11-19 11:50:01.801 I/SleepClearService( 1039): ---SleepClearService onStart
11-19 11:50:01.807 I/SleepClearService( 1039): foreground app=com.xiaobin.create.hearttestdemo
11-19 11:50:01.807 I/SleepClearService( 1039): ---foreground pkgs:---
11-19 11:50:01.807 I/SleepClearService( 1039): com.xiaobin.create.hearttestdemo
11-19 11:50:01.812 D/chenpu  ( 1039): mCurLauncherWidgetList.get(0) = com.android.deskclock
11-19 11:50:01.812 D/chenpu  ( 1039): mCurLauncherWidgetList.get(1) = com.android.settings
11-19 11:50:01.848 I/SleepClearService( 1039): ---running app number=1
11-19 11:50:01.848 I/SleepClearService( 1039): ---screen off timeout, start clearing processes!----
11-19 11:50:05.142 D/SleepClearService( 1039): filter ---- pkg = com.xiaobin.create.hearttestdemo
11-19 11:50:05.142 I/AutoRunStatsManager( 1039): ---killInvalidProcess
11-19 11:50:05.142 I/AutoRunStatsManager( 1039): ----exec cmds---ps | busybox grep phidaemon
11-19 11:50:05.237 I/AutoRunStatsManager( 1039): ----exec result---1//
11-19 11:50:05.237 I/AutoRunStatsManager( 1039): ---no phidaemon, exit!!!
11-19 11:50:05.243 V/ActivityThread( 1039): Destroying service com.phicomm.security.platform.SleepClearService@178c4102
11-19 11:50:11.188 D/VM_BMS  (  436): wake_lock acquired
11-19 11:50:11.188 D/VM_BMS  (  436): New BMS data - Size=56
11-19 11:50:11.188 D/VM_BMS  (  436): Start process_bms_data
11-19 11:50:11.193 D/VM_BMS  (  436): For batt_temp=275 fcc_mah=2394
11-19 11:50:11.193 D/VM_BMS  (  436): For ocv=3990740 batt_temp=275 soc=70
11-19 11:50:11.193 D/VM_BMS  (  436): fifo_count=5 acc_count=0
11-19 11:50:11.193 D/VM_BMS  (  436): INIT: ocv=3990740 last_ocv=3990740 batt_temp=275 soc=70
11-19 11:50:11.193 D/VM_BMS  (  436): For soc=70 batt_temp=275 slope=12000
11-19 11:50:11.193 D/VM_BMS  (  436): For soc=70 batt_temp=275 rbatt_sf=104
11-19 11:50:11.193 D/VM_BMS  (  436): rbatt_mohm_default=152, rbatt_mohm=158, sf=104 batt_temp=275
11-19 11:50:11.193 D/VM_BMS  (  436): For ocv=3991437 batt_temp=275 soc=70
11-19 11:50:11.193 D/VM_BMS  (  436): FIFO=0 fifo_avg=4.079386 rbatt=0.158000 slope=1.200000 ibatt=-0.558845 ocv=3.991437 soc=70 fcc_ah=2.394000 sample_count=128 sample_interval=70 seq_num=36488
11-19 11:50:11.193 D/VM_BMS  (  436): For soc=70 batt_temp=275 slope=12000
11-19 11:50:11.193 D/VM_BMS  (  436): For soc=70 batt_temp=275 rbatt_sf=104
11-19 11:50:11.193 D/VM_BMS  (  436): rbatt_mohm_default=152, rbatt_mohm=158, sf=104 batt_temp=275
11-19 11:50:11.193 D/VM_BMS  (  436): For ocv=3992156 batt_temp=275 soc=70
11-19 11:50:11.193 D/VM_BMS  (  436): FIFO=1 fifo_avg=4.082897 rbatt=0.158000 slope=1.200000 ibatt=-0.576586 ocv=3.992156 soc=70 fcc_ah=2.394000 sample_count=128 sample_interval=70 seq_num=36488
11-19 11:50:11.193 D/VM_BMS  (  436): For soc=70 batt_temp=275 slope=12000
11-19 11:50:11.193 D/VM_BMS  (  436): For soc=70 batt_temp=275 rbatt_sf=104
11-19 11:50:11.193 D/VM_BMS  (  436): rbatt_mohm_default=152, rbatt_mohm=158, sf=104 batt_temp=275
11-19 11:50:11.193 D/VM_BMS  (  436): For ocv=3992879 batt_temp=275 soc=70
11-19 11:50:11.193 D/VM_BMS  (  436): FIFO=2 fifo_avg=4.084086 rbatt=0.158000 slope=1.200000 ibatt=-0.579547 ocv=3.992879 soc=70 fcc_ah=2.394000 sample_count=128 sample_interval=70 seq_num=36488
11-19 11:50:11.193 D/VM_BMS  (  436): For soc=70 batt_temp=275 slope=12000
11-19 11:50:11.193 D/VM_BMS  (  436): For soc=70 batt_temp=275 rbatt_sf=104
11-19 11:50:11.193 D/VM_BMS  (  436): rbatt_mohm_default=152, rbatt_mohm=158, sf=104 batt_temp=275
11-19 11:50:11.193 D/VM_BMS  (  436): For ocv=3993598 batt_temp=275 soc=70
11-19 11:50:11.193 D/VM_BMS  (  436): FIFO=3 fifo_avg=4.084380 rbatt=0.158000 slope=1.200000 ibatt=-0.576844 ocv=3.993598 soc=70 fcc_ah=2.394000 sample_count=128 sample_interval=70 seq_num=36488
11-19 11:50:11.193 D/VM_BMS  (  436): For soc=70 batt_temp=275 slope=12000
11-19 11:50:11.193 D/VM_BMS  (  436): For soc=70 batt_temp=275 rbatt_sf=104
11-19 11:50:11.193 D/VM_BMS  (  436): rbatt_mohm_default=152, rbatt_mohm=158, sf=104 batt_temp=275
11-19 11:50:11.193 D/VM_BMS  (  436): For ocv=3994223 batt_temp=275 soc=70
11-19 11:50:11.194 D/VM_BMS  (  436): FIFO=4 fifo_avg=4.073184 rbatt=0.158000 slope=1.200000 ibatt=-0.501728 ocv=3.994224 soc=70 fcc_ah=2.394000 sample_count=128 sample_interval=70 seq_num=36488
11-19 11:50:11.194 I/VM_BMS  (  436): power_supply_update: ocv_uv=3994223 ibatt=-501728 soc=70 seq_num=36488
11-19 11:50:11.194 D/VM_BMS  (  436): End process_bms_data
11-19 11:50:11.195 D/VM_BMS  (  436): wake_lock released
11-19 11:50:59.330 D/VM_BMS  (  436): wake_lock acquired
11-19 11:50:59.330 D/VM_BMS  (  436): New BMS data - Size=56
11-19 11:50:59.330 D/VM_BMS  (  436): Start process_bms_data
11-19 11:50:59.333 D/VM_BMS  (  436): For batt_temp=275 fcc_mah=2394
11-19 11:50:59.333 D/VM_BMS  (  436): For ocv=3994223 batt_temp=275 soc=70
11-19 11:50:59.333 D/VM_BMS  (  436): fifo_count=5 acc_count=0
11-19 11:50:59.333 D/VM_BMS  (  436): INIT: ocv=3994223 last_ocv=3994223 batt_temp=275 soc=70
11-19 11:50:59.333 D/VM_BMS  (  436): For soc=70 batt_temp=275 slope=12000
11-19 11:50:59.333 D/VM_BMS  (  436): For soc=70 batt_temp=275 rbatt_sf=104
11-19 11:50:59.333 D/VM_BMS  (  436): rbatt_mohm_default=152, rbatt_mohm=158, sf=104 batt_temp=275
11-19 11:50:59.333 D/VM_BMS  (  436): For ocv=3994902 batt_temp=275 soc=70
11-19 11:50:59.333 D/VM_BMS  (  436): FIFO=0 fifo_avg=4.080584 rbatt=0.158000 slope=1.200000 ibatt=-0.544439 ocv=3.994902 soc=70 fcc_ah=2.394000 sample_count=128 sample_interval=70 seq_num=36489
11-19 11:50:59.333 D/VM_BMS  (  436): For soc=70 batt_temp=275 slope=12000
11-19 11:50:59.333 D/VM_BMS  (  436): For soc=70 batt_temp=275 rbatt_sf=104
11-19 11:50:59.333 D/VM_BMS  (  436): rbatt_mohm_default=152, rbatt_mohm=158, sf=104 batt_temp=275
11-19 11:50:59.333 D/VM_BMS  (  436): For ocv=3995603 batt_temp=275 soc=71
11-19 11:50:59.333 D/VM_BMS  (  436): FIFO=1 fifo_avg=4.084096 rbatt=0.158000 slope=1.200000 ibatt=-0.562299 ocv=3.995603 soc=71 fcc_ah=2.394000 sample_count=128 sample_interval=70 seq_num=36489
11-19 11:50:59.333 D/VM_BMS  (  436): For soc=71 batt_temp=275 slope=12000
11-19 11:50:59.333 D/VM_BMS  (  436): For soc=71 batt_temp=275 rbatt_sf=104
11-19 11:50:59.333 D/VM_BMS  (  436): rbatt_mohm_default=152, rbatt_mohm=158, sf=104 batt_temp=275
11-19 11:50:59.333 D/VM_BMS  (  436): For ocv=3996313 batt_temp=275 soc=71
11-19 11:50:59.333 D/VM_BMS  (  436): FIFO=2 fifo_avg=4.085868 rbatt=0.158000 slope=1.200000 ibatt=-0.569050 ocv=3.996313 soc=71 fcc_ah=2.394000 sample_count=128 sample_interval=70 seq_num=36489
11-19 11:50:59.333 D/VM_BMS  (  436): For soc=71 batt_temp=275 slope=12000
11-19 11:50:59.333 D/VM_BMS  (  436): For soc=71 batt_temp=275 rbatt_sf=104
11-19 11:50:59.333 D/VM_BMS  (  436): rbatt_mohm_default=152, rbatt_mohm=158, sf=104 batt_temp=275
11-19 11:50:59.333 D/VM_BMS  (  436): For ocv=3997019 batt_temp=275 soc=71
11-19 11:50:59.333 D/VM_BMS  (  436): FIFO=3 fifo_avg=4.086166 rbatt=0.158000 slope=1.200000 ibatt=-0.566452 ocv=3.997020 soc=71 fcc_ah=2.394000 sample_count=128 sample_interval=70 seq_num=36489
11-19 11:50:59.334 D/VM_BMS  (  436): For soc=71 batt_temp=275 slope=12000
11-19 11:50:59.334 D/VM_BMS  (  436): For soc=71 batt_temp=275 rbatt_sf=104
11-19 11:50:59.334 D/VM_BMS  (  436): rbatt_mohm_default=152, rbatt_mohm=158, sf=104 batt_temp=275
11-19 11:50:59.335 D/VM_BMS  (  436): For ocv=3997724 batt_temp=275 soc=71
11-19 11:50:59.335 D/VM_BMS  (  436): FIFO=4 fifo_avg=4.086743 rbatt=0.158000 slope=1.200000 ibatt=-0.565639 ocv=3.997725 soc=71 fcc_ah=2.394000 sample_count=128 sample_interval=70 seq_num=36489
11-19 11:50:59.336 I/VM_BMS  (  436): power_supply_update: ocv_uv=3997724 ibatt=-565639 soc=71 seq_num=36489
11-19 11:50:59.336 D/VM_BMS  (  436): End process_bms_data
11-19 11:50:59.336 D/VM_BMS  (  436): wake_lock released
11-19 11:51:47.476 D/VM_BMS  (  436): wake_lock acquired
11-19 11:51:47.477 D/VM_BMS  (  436): New BMS data - Size=56
11-19 11:51:47.477 D/VM_BMS  (  436): Start process_bms_data
11-19 11:51:47.481 D/VM_BMS  (  436): For batt_temp=275 fcc_mah=2394
11-19 11:51:47.481 D/VM_BMS  (  436): For ocv=3997724 batt_temp=275 soc=71
11-19 11:51:47.481 D/VM_BMS  (  436): fifo_count=5 acc_count=0
11-19 11:51:47.481 D/VM_BMS  (  436): INIT: ocv=3997724 last_ocv=3997724 batt_temp=275 soc=71
11-19 11:51:47.481 D/VM_BMS  (  436): For soc=71 batt_temp=275 slope=12000
11-19 11:51:47.481 D/VM_BMS  (  436): For soc=71 batt_temp=275 rbatt_sf=104
11-19 11:51:47.481 D/VM_BMS  (  436): rbatt_mohm_default=152, rbatt_mohm=158, sf=104 batt_temp=275
11-19 11:51:47.481 D/VM_BMS  (  436): For ocv=3998395 batt_temp=275 soc=71
11-19 11:51:47.481 D/VM_BMS  (  436): FIFO=0 fifo_avg=4.083106 rbatt=0.158000 slope=1.200000 ibatt=-0.538267 ocv=3.998396 soc=71 fcc_ah=2.394000 sample_count=128 sample_interval=70 seq_num=36490
11-19 11:51:47.481 D/VM_BMS  (  436): For soc=71 batt_temp=275 slope=12000
11-19 11:51:47.481 D/VM_BMS  (  436): For soc=71 batt_temp=275 rbatt_sf=104
11-19 11:51:47.481 D/VM_BMS  (  436): rbatt_mohm_default=152, rbatt_mohm=158, sf=104 batt_temp=275
11-19 11:51:47.481 D/VM_BMS  (  436): For ocv=3999091 batt_temp=275 soc=71
11-19 11:51:47.481 D/VM_BMS  (  436): FIFO=1 fifo_avg=4.086935 rbatt=0.158000 slope=1.200000 ibatt=-0.558177 ocv=3.999091 soc=71 fcc_ah=2.394000 sample_count=128 sample_interval=70 seq_num=36490
11-19 11:51:47.481 D/VM_BMS  (  436): For soc=71 batt_temp=275 slope=12000
11-19 11:51:47.481 D/VM_BMS  (  436): For soc=71 batt_temp=275 rbatt_sf=104
11-19 11:51:47.481 D/VM_BMS  (  436): rbatt_mohm_default=152, rbatt_mohm=158, sf=104 batt_temp=275
11-19 11:51:47.481 D/VM_BMS  (  436): For ocv=3999791 batt_temp=275 soc=71
11-19 11:51:47.481 D/VM_BMS  (  436): FIFO=2 fifo_avg=4.088112 rbatt=0.158000 slope=1.200000 ibatt=-0.561208 ocv=3.999791 soc=71 fcc_ah=2.394000 sample_count=128 sample_interval=70 seq_num=36490
11-19 11:51:47.481 D/VM_BMS  (  436): For soc=71 batt_temp=275 slope=12000
11-19 11:51:47.481 D/VM_BMS  (  436): For soc=71 batt_temp=275 rbatt_sf=104
11-19 11:51:47.481 D/VM_BMS  (  436): rbatt_mohm_default=152, rbatt_mohm=158, sf=104 batt_temp=275
11-19 11:51:47.481 D/VM_BMS  (  436): For ocv=4000487 batt_temp=275 soc=71
11-19 11:51:47.482 D/VM_BMS  (  436): FIFO=3 fifo_avg=4.088426 rbatt=0.158000 slope=1.200000 ibatt=-0.558776 ocv=4.000488 soc=71 fcc_ah=2.394000 sample_count=128 sample_interval=70 seq_num=36490
11-19 11:51:47.482 D/VM_BMS  (  436): For soc=71 batt_temp=275 slope=12000
11-19 11:51:47.482 D/VM_BMS  (  436): For soc=71 batt_temp=275 rbatt_sf=104
11-19 11:51:47.482 D/VM_BMS  (  436): rbatt_mohm_default=152, rbatt_mohm=158, sf=104 batt_temp=275
11-19 11:51:47.482 D/VM_BMS  (  436): For ocv=4001183 batt_temp=275 soc=71
11-19 11:51:47.482 D/VM_BMS  (  436): FIFO=4 fifo_avg=4.089002 rbatt=0.158000 slope=1.200000 ibatt=-0.558020 ocv=4.001183 soc=71 fcc_ah=2.394000 sample_count=128 sample_interval=70 seq_num=36490
11-19 11:51:47.484 I/VM_BMS  (  436): power_supply_update: ocv_uv=4001183 ibatt=-558020 soc=71 seq_num=36490
11-19 11:51:47.484 D/VM_BMS  (  436): End process_bms_data
11-19 11:51:47.484 D/VM_BMS  (  436): wake_lock released
11-19 11:52:34.368 V/ActivityThread(12335): Performing receive of Intent { flg=0x14 cmp=com.zdworks.android.zdclock/cn.jpush.android.service.AlarmReceiver (has extras) }: app=com.zdworks.android.zdclock.ZDClockApplication@1610e6af, appName=com.zdworks.android.zdclock, pkg=com.zdworks.android.zdclock, comp={com.zdworks.android.zdclock/cn.jpush.android.service.AlarmReceiver}, dir=/data/app/com.zdworks.android.zdclock-1/base.apk
11-19 11:52:34.487 V/ActivityThread(12335): Performing receive of Intent { act=com.zdworks.android.zdclock.ACTION_TIME_CHANGED cat=[com.zdworks.android.zdclock.CATEGORY] flg=0x10 cmp=com.zdworks.android.zdclock/.provider.NextAlarmWidget }: app=com.zdworks.android.zdclock.ZDClockApplication@1610e6af, appName=com.zdworks.android.zdclock, pkg=com.zdworks.android.zdclock, comp={com.zdworks.android.zdclock/com.zdworks.android.zdclock.provider.NextAlarmWidget}, dir=/data/app/com.zdworks.android.zdclock-1/base.apk
11-19 11:52:34.499 V/ActivityThread(12335): Performing receive of Intent { act=com.zdworks.android.zdclock.ACTION_TIME_CHANGED cat=[com.zdworks.android.zdclock.CATEGORY] flg=0x10 cmp=com.zdworks.android.zdclock/.provider.TodayListWidget }: app=com.zdworks.android.zdclock.ZDClockApplication@1610e6af, appName=com.zdworks.android.zdclock, pkg=com.zdworks.android.zdclock, comp={com.zdworks.android.zdclock/com.zdworks.android.zdclock.provider.TodayListWidget}, dir=/data/app/com.zdworks.android.zdclock-1/base.apk
11-19 11:52:35.621 D/VM_BMS  (  436): wake_lock acquired
